Archive member included to satisfy reference by file (symbol)

e:/vmshare/e203/nucleistudio/toolchain/gcc/bin/../lib/gcc/riscv-nuclei-elf/10.1.0/rv32im/ilp32\libgcc.a(_divdi3.o)
                              ./hbird_sdk/SoC/hbirdv2/Common/Source/Stubs/gettimeofday.o (__divdi3)
e:/vmshare/e203/nucleistudio/toolchain/gcc/bin/../lib/gcc/riscv-nuclei-elf/10.1.0/rv32im/ilp32\libgcc.a(_udivdi3.o)
                              ./hbird_sdk/SoC/hbirdv2/Common/Source/Stubs/gettimeofday.o (__udivdi3)
e:/vmshare/e203/nucleistudio/toolchain/gcc/bin/../lib/gcc/riscv-nuclei-elf/10.1.0/rv32im/ilp32\libgcc.a(_umoddi3.o)
                              ./hbird_sdk/SoC/hbirdv2/Common/Source/Stubs/gettimeofday.o (__umoddi3)
e:/vmshare/e203/nucleistudio/toolchain/gcc/bin/../lib/gcc/riscv-nuclei-elf/10.1.0/rv32im/ilp32\libgcc.a(divdf3.o)
                              ./application/core_main.o (__divdf3)
e:/vmshare/e203/nucleistudio/toolchain/gcc/bin/../lib/gcc/riscv-nuclei-elf/10.1.0/rv32im/ilp32\libgcc.a(gedf2.o)
                              ./application/core_main.o (__gtdf2)
e:/vmshare/e203/nucleistudio/toolchain/gcc/bin/../lib/gcc/riscv-nuclei-elf/10.1.0/rv32im/ilp32\libgcc.a(ledf2.o)
                              ./application/core_main.o (__ltdf2)
e:/vmshare/e203/nucleistudio/toolchain/gcc/bin/../lib/gcc/riscv-nuclei-elf/10.1.0/rv32im/ilp32\libgcc.a(fixunsdfsi.o)
                              ./application/core_main.o (__fixunsdfsi)
e:/vmshare/e203/nucleistudio/toolchain/gcc/bin/../lib/gcc/riscv-nuclei-elf/10.1.0/rv32im/ilp32\libgcc.a(floatunsidf.o)
                              ./application/core_main.o (__floatunsidf)
e:/vmshare/e203/nucleistudio/toolchain/gcc/bin/../lib/gcc/riscv-nuclei-elf/10.1.0/rv32im/ilp32\libgcc.a(floatundidf.o)
                              ./application/core_portme.o (__floatundidf)
e:/vmshare/e203/nucleistudio/toolchain/gcc/bin/../lib/gcc/riscv-nuclei-elf/10.1.0/rv32im/ilp32\libgcc.a(divsf3.o)
                              ./application/core_main.o (__divsf3)
e:/vmshare/e203/nucleistudio/toolchain/gcc/bin/../lib/gcc/riscv-nuclei-elf/10.1.0/rv32im/ilp32\libgcc.a(floatundisf.o)
                              ./application/core_main.o (__floatundisf)
e:/vmshare/e203/nucleistudio/toolchain/gcc/bin/../lib/gcc/riscv-nuclei-elf/10.1.0/rv32im/ilp32\libgcc.a(extendsfdf2.o)
                              ./application/core_main.o (__extendsfdf2)
e:/vmshare/e203/nucleistudio/toolchain/gcc/bin/../lib/gcc/riscv-nuclei-elf/10.1.0/rv32im/ilp32\libgcc.a(_lshrdi3.o)
                              e:/vmshare/e203/nucleistudio/toolchain/gcc/bin/../lib/gcc/riscv-nuclei-elf/10.1.0/rv32im/ilp32\libgcc.a(floatundidf.o) (__lshrdi3)
e:/vmshare/e203/nucleistudio/toolchain/gcc/bin/../lib/gcc/riscv-nuclei-elf/10.1.0/rv32im/ilp32\libgcc.a(_ashldi3.o)
                              e:/vmshare/e203/nucleistudio/toolchain/gcc/bin/../lib/gcc/riscv-nuclei-elf/10.1.0/rv32im/ilp32\libgcc.a(floatundidf.o) (__ashldi3)
e:/vmshare/e203/nucleistudio/toolchain/gcc/bin/../lib/gcc/riscv-nuclei-elf/10.1.0/rv32im/ilp32\libgcc.a(_clz.o)
                              e:/vmshare/e203/nucleistudio/toolchain/gcc/bin/../lib/gcc/riscv-nuclei-elf/10.1.0/rv32im/ilp32\libgcc.a(_divdi3.o) (__clz_tab)
e:/vmshare/e203/nucleistudio/toolchain/gcc/bin/../lib/gcc/riscv-nuclei-elf/10.1.0/rv32im/ilp32\libgcc.a(_clzsi2.o)
                              e:/vmshare/e203/nucleistudio/toolchain/gcc/bin/../lib/gcc/riscv-nuclei-elf/10.1.0/rv32im/ilp32\libgcc.a(divdf3.o) (__clzsi2)
e:/vmshare/e203/nucleistudio/toolchain/gcc/bin/../lib/gcc/riscv-nuclei-elf/10.1.0/../../../../riscv-nuclei-elf/lib/rv32im/ilp32\libg_nano.a(lib_a-atexit.o)
                              ./hbird_sdk/SoC/hbirdv2/Common/Source/GCC/startup_hbirdv2.o (atexit)
e:/vmshare/e203/nucleistudio/toolchain/gcc/bin/../lib/gcc/riscv-nuclei-elf/10.1.0/../../../../riscv-nuclei-elf/lib/rv32im/ilp32\libg_nano.a(lib_a-fini.o)
                              ./hbird_sdk/SoC/hbirdv2/Common/Source/GCC/startup_hbirdv2.o (__libc_fini_array)
e:/vmshare/e203/nucleistudio/toolchain/gcc/bin/../lib/gcc/riscv-nuclei-elf/10.1.0/../../../../riscv-nuclei-elf/lib/rv32im/ilp32\libg_nano.a(lib_a-init.o)
                              ./hbird_sdk/SoC/hbirdv2/Common/Source/GCC/startup_hbirdv2.o (__libc_init_array)
e:/vmshare/e203/nucleistudio/toolchain/gcc/bin/../lib/gcc/riscv-nuclei-elf/10.1.0/../../../../riscv-nuclei-elf/lib/rv32im/ilp32\libg_nano.a(lib_a-memset.o)
                              ./application/core_matrix.o (memset)
e:/vmshare/e203/nucleistudio/toolchain/gcc/bin/../lib/gcc/riscv-nuclei-elf/10.1.0/../../../../riscv-nuclei-elf/lib/rv32im/ilp32\libg_nano.a(lib_a-nano-vfprintf_float.o)
                              (_printf_float)
e:/vmshare/e203/nucleistudio/toolchain/gcc/bin/../lib/gcc/riscv-nuclei-elf/10.1.0/../../../../riscv-nuclei-elf/lib/rv32im/ilp32\libg_nano.a(lib_a-nano-vfprintf_i.o)
[...]
Memory Configuration

Name             Origin             Length             Attributes
ilm              0x0000000080000000 0x0000000000040000 axrl !w
ram              0x0000000090000000 0x0000000000010000 axw !rl
*default*        0x0000000000000000 0xffffffffffffffff

Linker script and memory map

LOAD ./hbird_sdk/SoC/hbirdv2/Common/Source/Stubs/clock_getres.o
LOAD ./hbird_sdk/SoC/hbirdv2/Common/Source/Stubs/clock_gettime.o
LOAD ./hbird_sdk/SoC/hbirdv2/Common/Source/Stubs/clock_settime.o
LOAD ./hbird_sdk/SoC/hbirdv2/Common/Source/Stubs/close.o
LOAD ./hbird_sdk/SoC/hbirdv2/Common/Source/Stubs/execve.o
LOAD ./hbird_sdk/SoC/hbirdv2/Common/Source/Stubs/exit.o
LOAD ./hbird_sdk/SoC/hbirdv2/Common/Source/Stubs/fork.o
LOAD ./hbird_sdk/SoC/hbirdv2/Common/Source/Stubs/fstat.o
LOAD ./hbird_sdk/SoC/hbirdv2/Common/Source/Stubs/getpid.o
LOAD ./hbird_sdk/SoC/hbirdv2/Common/Source/Stubs/gettimeofday.o
LOAD ./hbird_sdk/SoC/hbirdv2/Common/Source/Stubs/isatty.o
LOAD ./hbird_sdk/SoC/hbirdv2/Common/Source/Stubs/kill.o
LOAD ./hbird_sdk/SoC/hbirdv2/Common/Source/Stubs/link.o
LOAD ./hbird_sdk/SoC/hbirdv2/Common/Source/Stubs/lseek.o
LOAD ./hbird_sdk/SoC/hbirdv2/Common/Source/Stubs/open.o
LOAD ./hbird_sdk/SoC/hbirdv2/Common/Source/Stubs/read.o
LOAD ./hbird_sdk/SoC/hbirdv2/Common/Source/Stubs/sbrk.o
LOAD ./hbird_sdk/SoC/hbirdv2/Common/Source/Stubs/stat.o
LOAD ./hbird_sdk/SoC/hbirdv2/Common/Source/Stubs/times.o
LOAD ./hbird_sdk/SoC/hbirdv2/Common/Source/Stubs/unlink.o
LOAD ./hbird_sdk/SoC/hbirdv2/Common/Source/Stubs/wait.o
LOAD ./hbird_sdk/SoC/hbirdv2/Common/Source/Stubs/write.o
LOAD ./hbird_sdk/SoC/hbirdv2/Common/Source/GCC/intexc_hbirdv2.o
LOAD ./hbird_sdk/SoC/hbirdv2/Common/Source/GCC/startup_hbirdv2.o
LOAD ./hbird_sdk/SoC/hbirdv2/Common/Source/Drivers/hbirdv2_gpio.o
LOAD ./hbird_sdk/SoC/hbirdv2/Common/Source/Drivers/hbirdv2_i2c.o
LOAD ./hbird_sdk/SoC/hbirdv2/Common/Source/Drivers/hbirdv2_pwm.o
LOAD ./hbird_sdk/SoC/hbirdv2/Common/Source/Drivers/hbirdv2_spi.o
LOAD ./hbird_sdk/SoC/hbirdv2/Common/Source/Drivers/hbirdv2_uart.o
LOAD ./hbird_sdk/SoC/hbirdv2/Common/Source/Drivers/htif.o
LOAD ./hbird_sdk/SoC/hbirdv2/Common/Source/hbirdv2_common.o
LOAD ./hbird_sdk/SoC/hbirdv2/Common/Source/system_hbirdv2.o
LOAD ./application/core_list_join.o
LOAD ./application/core_main.o
LOAD ./application/core_matrix.o
LOAD ./application/core_portme.o
LOAD ./application/core_state.o
LOAD ./application/core_util.o
LOAD e:/vmshare/e203/nucleistudio/toolchain/gcc/bin/../lib/gcc/riscv-nuclei-elf/10.1.0/../../../../riscv-nuclei-elf/lib/rv32im/ilp32\libstdc++.a
LOAD e:/vmshare/e203/nucleistudio/toolchain/gcc/bin/../lib/gcc/riscv-nuclei-elf/10.1.0/../../../../riscv-nuclei-elf/lib/rv32im/ilp32\libstdc++.a
LOAD e:/vmshare/e203/nucleistudio/toolchain/gcc/bin/../lib/gcc/riscv-nuclei-elf/10.1.0/../../../../riscv-nuclei-elf/lib/rv32im/ilp32\libm_nano.a
LOAD e:/vmshare/e203/nucleistudio/toolchain/gcc/bin/../lib/gcc/riscv-nuclei-elf/10.1.0/rv32im/ilp32\libgcc.a
LOAD e:/vmshare/e203/nucleistudio/toolchain/gcc/bin/../lib/gcc/riscv-nuclei-elf/10.1.0/../../../../riscv-nuclei-elf/lib/rv32im/ilp32\libg_nano.a
LOAD e:/vmshare/e203/nucleistudio/toolchain/gcc/bin/../lib/gcc/riscv-nuclei-elf/10.1.0/../../../../riscv-nuclei-elf/lib/rv32im/ilp32\libc_nano.a
LOAD e:/vmshare/e203/nucleistudio/toolchain/gcc/bin/../lib/gcc/riscv-nuclei-elf/10.1.0/rv32im/ilp32\libgcc.a
START GROUP
LOAD e:/vmshare/e203/nucleistudio/toolchain/gcc/bin/../lib/gcc/riscv-nuclei-elf/10.1.0/rv32im/ilp32\libgcc.a
LOAD e:/vmshare/e203/nucleistudio/toolchain/gcc/bin/../lib/gcc/riscv-nuclei-elf/10.1.0/../../../../riscv-nuclei-elf/lib/rv32im/ilp32\libc_nano.a
LOAD e:/vmshare/e203/nucleistudio/toolchain/gcc/bin/../lib/gcc/riscv-nuclei-elf/10.1.0/../../../../riscv-nuclei-elf/lib/rv32im/ilp32\libnosys.a
END GROUP
START GROUP
LOAD e:/vmshare/e203/nucleistudio/toolchain/gcc/bin/../lib/gcc/riscv-nuclei-elf/10.1.0/rv32im/ilp32\libgcc.a
LOAD e:/vmshare/e203/nucleistudio/toolchain/gcc/bin/../lib/gcc/riscv-nuclei-elf/10.1.0/../../../../riscv-nuclei-elf/lib/rv32im/ilp32\libc_nano.a
LOAD e:/vmshare/e203/nucleistudio/toolchain/gcc/bin/../lib/gcc/riscv-nuclei-elf/10.1.0/../../../../riscv-nuclei-elf/lib/rv32im/ilp32\libnosys.a
END GROUP
                0x0000000000000800                __stack_size = DEFINED (__stack_size)?__stack_size:0x800

.init           0x0000000080000000       0xcc
 *(.vtable)
 *(SORT_NONE(.init))
 .init          0x0000000080000000       0xcc ./hbird_sdk/SoC/hbirdv2/Common/Source/GCC/startup_hbirdv2.o
                0x0000000080000000                _start

.ilalign        0x00000000800000cc        0x0
                0x00000000800000cc                . = ALIGN (0x4)
                0x00000000800000cc                PROVIDE (_ilm_lma = .)

.ialign         0x00000000800000cc        0x0
                0x00000000800000cc                PROVIDE (_ilm = .)

.text           0x00000000800000cc     0xd908
 *(.text.unlikely .text.unlikely.*)
 *(.text.startup .text.startup.*)
 .text.startup.main
                0x00000000800000cc      0xb10 ./application/core_main.o
                0x00000000800000cc                main
 *(.text .text.*)
 .text._close   0x0000000080000bdc       0x10 ./hbird_sdk/SoC/hbirdv2/Common/Source/Stubs/close.o
                0x0000000080000bdc                _close
 .text._exit    0x0000000080000bec       0x24 ./hbird_sdk/SoC/hbirdv2/Common/Source/Stubs/exit.o
                0x0000000080000bec                _exit
 .text._fstat   0x0000000080000c10       0x2c ./hbird_sdk/SoC/hbirdv2/Common/Source/Stubs/fstat.o
                0x0000000080000c10                _fstat
 .text._getpid  0x0000000080000c3c        0x8 ./hbird_sdk/SoC/hbirdv2/Common/Source/Stubs/getpid.o
                0x0000000080000c3c                _getpid
 .text._isatty  0x0000000080000c44        0x8 ./hbird_sdk/SoC/hbirdv2/Common/Source/Stubs/isatty.o
                0x0000000080000c44                _isatty
 .text._kill    0x0000000080000c4c       0x10 ./hbird_sdk/SoC/hbirdv2/Common/Source/Stubs/kill.o
                0x0000000080000c4c                _kill
 .text._lseek   0x0000000080000c5c        0x8 ./hbird_sdk/SoC/hbirdv2/Common/Source/Stubs/lseek.o
                0x0000000080000c5c                _lseek
 .text._read    0x0000000080000c64       0x40 ./hbird_sdk/SoC/hbirdv2/Common/Source/Stubs/read.o
                0x0000000080000c64                _read
 .text._sbrk    0x0000000080000ca4       0x3c ./hbird_sdk/SoC/hbirdv2/Common/Source/Stubs/sbrk.o
                0x0000000080000ca4                _sbrk
 .text._write   0x0000000080000ce0      0x344 ./hbird_sdk/SoC/hbirdv2/Common/Source/Stubs/write.o
                0x0000000080000ce0                _write
 .text.trap     0x0000000080001024       0xd0 ./hbird_sdk/SoC/hbirdv2/Common/Source/GCC/intexc_hbirdv2.o
                0x0000000080001024                trap_entry
 .text.gpio_iof_config
                0x00000000800010f4       0x24 ./hbird_sdk/SoC/hbirdv2/Common/Source/Drivers/hbirdv2_gpio.o
                0x00000000800010f4                gpio_iof_config
 .text.uart_init
                0x0000000080001118       0x54 ./hbird_sdk/SoC/hbirdv2/Common/Source/Drivers/hbirdv2_uart.o
                0x0000000080001118                uart_init
 .text.uart_write
                0x000000008000116c       0x7c ./hbird_sdk/SoC/hbirdv2/Common/Source/Drivers/hbirdv2_uart.o
                0x000000008000116c                uart_write
 .text.uart_read
                0x00000000800011e8       0x78 ./hbird_sdk/SoC/hbirdv2/Common/Source/Drivers/hbirdv2_uart.o
                0x00000000800011e8                uart_read
 .text.get_cpu_freq
                0x0000000080001260      0x2dc ./hbird_sdk/SoC/hbirdv2/Common/Source/hbirdv2_common.o
                0x0000000080001260                get_cpu_freq
 .text.system_default_exception_handler
                0x000000008000153c       0x50 ./hbird_sdk/SoC/hbirdv2/Common/Source/system_hbirdv2.o
 .text.system_default_interrupt_handler
                0x000000008000158c       0x58 ./hbird_sdk/SoC/hbirdv2/Common/Source/system_hbirdv2.o
 .text.SystemInit
                0x00000000800015e4       0x14 ./hbird_sdk/SoC/hbirdv2/Common/Source/system_hbirdv2.o
                0x00000000800015e4                SystemInit
 .text.core_trap_handler
                0x00000000800015f8      0x104 ./hbird_sdk/SoC/hbirdv2/Common/Source/system_hbirdv2.o
                0x00000000800015f8                core_trap_handler
 .text._premain_init
                0x00000000800016fc      0x364 ./hbird_sdk/SoC/hbirdv2/Common/Source/system_hbirdv2.o
                0x00000000800016fc                _premain_init
 .text._postmain_fini
                0x0000000080001a60        0x4 ./hbird_sdk/SoC/hbirdv2/Common/Source/system_hbirdv2.o
                0x0000000080001a60                _postmain_fini
 .text._init    0x0000000080001a64        0x4 ./hbird_sdk/SoC/hbirdv2/Common/Source/system_hbirdv2.o
                0x0000000080001a64                _init
 .text._fini    0x0000000080001a68        0x4 ./hbird_sdk/SoC/hbirdv2/Common/Source/system_hbirdv2.o
                0x0000000080001a68                _fini
 .text.core_bench_list
                0x0000000080001a6c      0xa18 ./application/core_list_join.o
                0x0000000080001a6c                core_bench_list
 .text.core_list_init
                0x0000000080002484      0x574 ./application/core_list_join.o
                0x0000000080002484                core_list_init
 .text.iterate  0x00000000800029f8      0x244 ./application/core_main.o
                0x00000000800029f8                iterate
 .text.core_bench_matrix
                0x0000000080002c3c     0x15c0 ./application/core_matrix.o
                0x0000000080002c3c                core_bench_matrix
 .text.core_init_matrix
                0x00000000800041fc      0x414 ./application/core_matrix.o
                0x00000000800041fc                core_init_matrix
 .text.start_time
                0x0000000080004610       0x4c ./application/core_portme.o
                0x0000000080004610                start_time
 .text.stop_time
                0x000000008000465c       0x4c ./application/core_portme.o
                0x000000008000465c                stop_time
 .text.get_time
                0x00000000800046a8       0x2c ./application/core_portme.o
                0x00000000800046a8                get_time
 .text.time_in_secs
                0x00000000800046d4       0x64 ./application/core_portme.o
                0x00000000800046d4                time_in_secs
 .text.core_bench_state
                0x0000000080004738      0x990 ./application/core_state.o
                0x0000000080004738                core_bench_state
 .text.core_init_state
                0x00000000800050c8      0x1b8 ./application/core_state.o
                0x00000000800050c8                core_init_state
 .text.get_seed_32
                0x0000000080005280       0x58 ./application/core_util.o
                0x0000000080005280                get_seed_32
 .text.crcu16   0x00000000800052d8      0x288 ./application/core_util.o
                0x00000000800052d8                crcu16
 .text.crcu32   0x0000000080005560      0x51c ./application/core_util.o
                0x0000000080005560                crcu32
 .text.crc16    0x0000000080005a7c      0x28c ./application/core_util.o
                0x0000000080005a7c                crc16
 .text.check_data_types
                0x0000000080005d08        0x8 ./application/core_util.o
                0x0000000080005d08                check_data_types
 .text          0x0000000080005d10      0x434 e:/vmshare/e203/nucleistudio/toolchain/gcc/bin/../lib/gcc/riscv-nuclei-elf/10.1.0/rv32im/ilp32\libgcc.a(_udivdi3.o)
                0x0000000080005d10                __udivdi3
 .text          0x0000000080006144      0x6e4 e:/vmshare/e203/nucleistudio/toolchain/gcc/bin/../lib/gcc/riscv-nuclei-elf/10.1.0/rv32im/ilp32\libgcc.a(divdf3.o)
                0x0000000080006144                __divdf3
 .text          0x0000000080006828       0xe4 e:/vmshare/e203/nucleistudio/toolchain/gcc/bin/../lib/gcc/riscv-nuclei-elf/10.1.0/rv32im/ilp32\libgcc.a(gedf2.o)
                0x0000000080006828                __gedf2
                0x0000000080006828                __gtdf2
 .text          0x000000008000690c       0xe4 e:/vmshare/e203/nucleistudio/toolchain/gcc/bin/../lib/gcc/riscv-nuclei-elf/10.1.0/rv32im/ilp32\libgcc.a(ledf2.o)
                0x000000008000690c                __ledf2
                0x000000008000690c                __ltdf2
 .text          0x00000000800069f0       0x7c e:/vmshare/e203/nucleistudio/toolchain/gcc/bin/../lib/gcc/riscv-nuclei-elf/10.1.0/rv32im/ilp32\libgcc.a(fixunsdfsi.o)
                0x00000000800069f0                __fixunsdfsi
 .text          0x0000000080006a6c       0x80 e:/vmshare/e203/nucleistudio/toolchain/gcc/bin/../lib/gcc/riscv-nuclei-elf/10.1.0/rv32im/ilp32\libgcc.a(floatunsidf.o)
                0x0000000080006a6c                __floatunsidf
 .text          0x0000000080006aec      0x1c8 e:/vmshare/e203/nucleistudio/toolchain/gcc/bin/../lib/gcc/riscv-nuclei-elf/10.1.0/rv32im/ilp32\libgcc.a(floatundidf.o)
                0x0000000080006aec                __floatundidf
 .text          0x0000000080006cb4      0x338 e:/vmshare/e203/nucleistudio/toolchain/gcc/bin/../lib/gcc/riscv-nuclei-elf/10.1.0/rv32im/ilp32\libgcc.a(divsf3.o)
                0x0000000080006cb4                __divsf3
 .text          0x0000000080006fec      0x138 e:/vmshare/e203/nucleistudio/toolchain/gcc/bin/../lib/gcc/riscv-nuclei-elf/10.1.0/rv32im/ilp32\libgcc.a(floatundisf.o)
                0x0000000080006fec                __floatundisf
 .text          0x0000000080007124       0xdc e:/vmshare/e203/nucleistudio/toolchain/gcc/bin/../lib/gcc/riscv-nuclei-elf/10.1.0/rv32im/ilp32\libgcc.a(extendsfdf2.o)
                0x0000000080007124                __extendsfdf2
 .text          0x0000000080007200       0x38 e:/vmshare/e203/nucleistudio/toolchain/gcc/bin/../lib/gcc/riscv-nuclei-elf/10.1.0/rv32im/ilp32\libgcc.a(_lshrdi3.o)
                0x0000000080007200                __lshrdi3
 .text          0x0000000080007238       0x38 e:/vmshare/e203/nucleistudio/toolchain/gcc/bin/../lib/gcc/riscv-nuclei-elf/10.1.0/rv32im/ilp32\libgcc.a(_ashldi3.o)
                0x0000000080007238                __ashldi3
 .text          0x0000000080007270       0x4c e:/vmshare/e203/nucleistudio/toolchain/gcc/bin/../lib/gcc/riscv-nuclei-elf/10.1.0/rv32im/ilp32\libgcc.a(_clzsi2.o)
                0x0000000080007270                __clzsi2
 .text.atexit   0x00000000800072bc       0x14 e:/vmshare/e203/nucleistudio/toolchain/gcc/bin/../lib/gcc/riscv-nuclei-elf/10.1.0/../../../../riscv-nuclei-elf/lib/rv32im/ilp32\libg_nano.a(lib_a-atexit.o)
                0x00000000800072bc                atexit
 .text.__libc_fini_array
                0x00000000800072d0       0x58 e:/vmshare/e203/nucleistudio/toolchain/gcc/bin/../lib/gcc/riscv-nuclei-elf/10.1.0/../../../../riscv-nuclei-elf/lib/rv32im/ilp32\libg_nano.a(lib_a-fini.o)
                0x00000000800072d0                __libc_fini_array
 .text.__libc_init_array
                0x0000000080007328       0x94 e:/vmshare/e203/nucleistudio/toolchain/gcc/bin/../lib/gcc/riscv-nuclei-elf/10.1.0/../../../../riscv-nuclei-elf/lib/rv32im/ilp32\libg_nano.a(lib_a-init.o)
                0x0000000080007328                __libc_init_array
 .text          0x00000000800073bc       0xdc e:/vmshare/e203/nucleistudio/toolchain/gcc/bin/../lib/gcc/riscv-nuclei-elf/10.1.0/../../../../riscv-nuclei-elf/lib/rv32im/ilp32\libg_nano.a(lib_a-memset.o)
                0x00000000800073bc                memset
 .text.__cvt    0x0000000080007498      0x158 e:/vmshare/e203/nucleistudio/toolchain/gcc/bin/../lib/gcc/riscv-nuclei-elf/10.1.0/../../../../riscv-nuclei-elf/lib/rv32im/ilp32\libg_nano.a(lib_a-nano-vfprintf_float.o)
                0x0000000080007498                __cvt
 .text.__exponent
                0x00000000800075f0       0xc0 e:/vmshare/e203/nucleistudio/toolchain/gcc/bin/../lib/gcc/riscv-nuclei-elf/10.1.0/../../../../riscv-nuclei-elf/lib/rv32im/ilp32\libg_nano.a(lib_a-nano-vfprintf_float.o)
                0x00000000800075f0                __exponent
 .text._printf_float
                0x00000000800076b0      0x798 e:/vmshare/e203/nucleistudio/toolchain/gcc/bin/../lib/gcc/riscv-nuclei-elf/10.1.0/../../../../riscv-nuclei-elf/lib/rv32im/ilp32\libg_nano.a(lib_a-nano-vfprintf_float.o)
                0x00000000800076b0                _printf_float
 .text._printf_common
                0x0000000080007e48      0x1b0 e:/vmshare/e203/nucleistudio/toolchain/gcc/bin/../lib/gcc/riscv-nuclei-elf/10.1.0/../../../../riscv-nuclei-elf/lib/rv32im/ilp32\libg_nano.a(lib_a-nano-vfprintf_i.o)
                0x0000000080007e48                _printf_common
 .text._printf_i
                0x0000000080007ff8      0x3a4 e:/vmshare/e203/nucleistudio/toolchain/gcc/bin/../lib/gcc/riscv-nuclei-elf/10.1.0/../../../../riscv-nuclei-elf/lib/rv32im/ilp32\libg_nano.a(lib_a-nano-vfprintf_i.o)
                0x0000000080007ff8                _printf_i
 .text.printf   0x000000008000839c       0x6c e:/vmshare/e203/nucleistudio/toolchain/gcc/bin/../lib/gcc/riscv-nuclei-elf/10.1.0/../../../../riscv-nuclei-elf/lib/rv32im/ilp32\libg_nano.a(lib_a-printf.o)
                0x000000008000839c                iprintf
                0x000000008000839c                printf
 .text.putchar  0x0000000080008408       0x48 e:/vmshare/e203/nucleistudio/toolchain/gcc/bin/../lib/gcc/riscv-nuclei-elf/10.1.0/../../../../riscv-nuclei-elf/lib/rv32im/ilp32\libg_nano.a(lib_a-putchar.o)
                0x0000000080008408                putchar
 .text._putc_r  0x0000000080008450       0xc4 e:/vmshare/e203/nucleistudio/toolchain/gcc/bin/../lib/gcc/riscv-nuclei-elf/10.1.0/../../../../riscv-nuclei-elf/lib/rv32im/ilp32\libg_nano.a(lib_a-putc.o)
                0x0000000080008450                _putc_r
 .text._puts_r  0x0000000080008514      0x160 e:/vmshare/e203/nucleistudio/toolchain/gcc/bin/../lib/gcc/riscv-nuclei-elf/10.1.0/../../../../riscv-nuclei-elf/lib/rv32im/ilp32\libg_nano.a(lib_a-puts.o)
                0x0000000080008514                _puts_r
 .text.puts     0x0000000080008674        0xc e:/vmshare/e203/nucleistudio/toolchain/gcc/bin/../lib/gcc/riscv-nuclei-elf/10.1.0/../../../../riscv-nuclei-elf/lib/rv32im/ilp32\libg_nano.a(lib_a-puts.o)
                0x0000000080008674                puts
 .text.strlen   0x0000000080008680       0x1c e:/vmshare/e203/nucleistudio/toolchain/gcc/bin/../lib/gcc/riscv-nuclei-elf/10.1.0/../../../../riscv-nuclei-elf/lib/rv32im/ilp32\libg_nano.a(lib_a-strlen.o)
                0x0000000080008680                strlen
 .text.isatty   0x000000008000869c        0x4 e:/vmshare/e203/nucleistudio/toolchain/gcc/bin/../lib/gcc/riscv-nuclei-elf/10.1.0/../../../../riscv-nuclei-elf/lib/rv32im/ilp32\libg_nano.a(lib_a-sysisatty.o)
                0x000000008000869c                isatty
 .text.__swbuf_r
                0x00000000800086a0      0x138 e:/vmshare/e203/nucleistudio/toolchain/gcc/bin/../lib/gcc/riscv-nuclei-elf/10.1.0/../../../../riscv-nuclei-elf/lib/rv32im/ilp32\libg_nano.a(lib_a-wbuf.o)
                0x00000000800086a0                __swbuf_r
 .text.__swsetup_r
                0x00000000800087d8      0x174 e:/vmshare/e203/nucleistudio/toolchain/gcc/bin/../lib/gcc/riscv-nuclei-elf/10.1.0/../../../../riscv-nuclei-elf/lib/rv32im/ilp32\libg_nano.a(lib_a-wsetup.o)
                0x00000000800087d8                __swsetup_r
 .text.__register_exitproc
                0x000000008000894c       0xa0 e:/vmshare/e203/nucleistudio/toolchain/gcc/bin/../lib/gcc/riscv-nuclei-elf/10.1.0/../../../../riscv-nuclei-elf/lib/rv32im/ilp32\libg_nano.a(lib_a-__atexit.o)
                0x000000008000894c                __register_exitproc
 .text.quorem   0x00000000800089ec      0x1cc e:/vmshare/e203/nucleistudio/toolchain/gcc/bin/../lib/gcc/riscv-nuclei-elf/10.1.0/../../../../riscv-nuclei-elf/lib/rv32im/ilp32\libg_nano.a(lib_a-dtoa.o)
 .text._dtoa_r  0x0000000080008bb8     0x11f4 e:/vmshare/e203/nucleistudio/toolchain/gcc/bin/../lib/gcc/riscv-nuclei-elf/10.1.0/../../../../riscv-nuclei-elf/lib/rv32im/ilp32\libg_nano.a(lib_a-dtoa.o)
                0x0000000080008bb8                _dtoa_r
 .text.__sflush_r
                0x0000000080009dac      0x1f4 e:/vmshare/e203/nucleistudio/toolchain/gcc/bin/../lib/gcc/riscv-nuclei-elf/10.1.0/../../../../riscv-nuclei-elf/lib/rv32im/ilp32\libg_nano.a(lib_a-fflush.o)
                0x0000000080009dac                __sflush_r
 .text._fflush_r
                0x0000000080009fa0       0xa0 e:/vmshare/e203/nucleistudio/toolchain/gcc/bin/../lib/gcc/riscv-nuclei-elf/10.1.0/../../../../riscv-nuclei-elf/lib/rv32im/ilp32\libg_nano.a(lib_a-fflush.o)
                0x0000000080009fa0                _fflush_r
 .text.std      0x000000008000a040       0x88 e:/vmshare/e203/nucleistudio/toolchain/gcc/bin/../lib/gcc/riscv-nuclei-elf/10.1.0/../../../../riscv-nuclei-elf/lib/rv32im/ilp32\libg_nano.a(lib_a-findfp.o)
 .text._cleanup_r
                0x000000008000a0c8        0xc e:/vmshare/e203/nucleistudio/toolchain/gcc/bin/../lib/gcc/riscv-nuclei-elf/10.1.0/../../../../riscv-nuclei-elf/lib/rv32im/ilp32\libg_nano.a(lib_a-findfp.o)
                0x000000008000a0c8                _cleanup_r
 .text.__sfmoreglue
                0x000000008000a0d4       0x6c e:/vmshare/e203/nucleistudio/toolchain/gcc/bin/../lib/gcc/riscv-nuclei-elf/10.1.0/../../../../riscv-nuclei-elf/lib/rv32im/ilp32\libg_nano.a(lib_a-findfp.o)
                0x000000008000a0d4                __sfmoreglue
 .text.__sinit  0x000000008000a140       0xb0 e:/vmshare/e203/nucleistudio/toolchain/gcc/bin/../lib/gcc/riscv-nuclei-elf/10.1.0/../../../../riscv-nuclei-elf/lib/rv32im/ilp32\libg_nano.a(lib_a-findfp.o)
                0x000000008000a140                __sinit
 .text.__sfp    0x000000008000a1f0       0xe8 e:/vmshare/e203/nucleistudio/toolchain/gcc/bin/../lib/gcc/riscv-nuclei-elf/10.1.0/../../../../riscv-nuclei-elf/lib/rv32im/ilp32\libg_nano.a(lib_a-findfp.o)
                0x000000008000a1f0                __sfp
 .text._fwalk_reent
                0x000000008000a2d8       0xb0 e:/vmshare/e203/nucleistudio/toolchain/gcc/bin/../lib/gcc/riscv-nuclei-elf/10.1.0/../../../../riscv-nuclei-elf/lib/rv32im/ilp32\libg_nano.a(lib_a-fwalk.o)
                0x000000008000a2d8                _fwalk_reent
 .text._localeconv_r
                0x000000008000a388        0xc e:/vmshare/e203/nucleistudio/toolchain/gcc/bin/../lib/gcc/riscv-nuclei-elf/10.1.0/../../../../riscv-nuclei-elf/lib/rv32im/ilp32\libg_nano.a(lib_a-localeconv.o)
                0x000000008000a388                _localeconv_r
 .text.__swhatbuf_r
                0x000000008000a394       0x90 e:/vmshare/e203/nucleistudio/toolchain/gcc/bin/../lib/gcc/riscv-nuclei-elf/10.1.0/../../../../riscv-nuclei-elf/lib/rv32im/ilp32\libg_nano.a(lib_a-makebuf.o)
                0x000000008000a394                __swhatbuf_r
 .text.__smakebuf_r
                0x000000008000a424       0xf0 e:/vmshare/e203/nucleistudio/toolchain/gcc/bin/../lib/gcc/riscv-nuclei-elf/10.1.0/../../../../riscv-nuclei-elf/lib/rv32im/ilp32\libg_nano.a(lib_a-makebuf.o)
                0x000000008000a424                __smakebuf_r
 .text.malloc   0x000000008000a514        0xc e:/vmshare/e203/nucleistudio/toolchain/gcc/bin/../lib/gcc/riscv-nuclei-elf/10.1.0/../../../../riscv-nuclei-elf/lib/rv32im/ilp32\libg_nano.a(lib_a-malloc.o)
                0x000000008000a514                malloc
 .text.__ascii_mbtowc
                0x000000008000a520       0x5c e:/vmshare/e203/nucleistudio/toolchain/gcc/bin/../lib/gcc/riscv-nuclei-elf/10.1.0/../../../../riscv-nuclei-elf/lib/rv32im/ilp32\libg_nano.a(lib_a-mbtowc_r.o)
                0x000000008000a520                __ascii_mbtowc
 .text.memchr   0x000000008000a57c       0x24 e:/vmshare/e203/nucleistudio/toolchain/gcc/bin/../lib/gcc/riscv-nuclei-elf/10.1.0/../../../../riscv-nuclei-elf/lib/rv32im/ilp32\libg_nano.a(lib_a-memchr.o)
                0x000000008000a57c                memchr
 .text.memcpy   0x000000008000a5a0      0x104 e:/vmshare/e203/nucleistudio/toolchain/gcc/bin/../lib/gcc/riscv-nuclei-elf/10.1.0/../../../../riscv-nuclei-elf/lib/rv32im/ilp32\libg_nano.a(lib_a-memcpy.o)
                0x000000008000a5a0                memcpy
 .text._Balloc  0x000000008000a6a4       0xe0 e:/vmshare/e203/nucleistudio/toolchain/gcc/bin/../lib/gcc/riscv-nuclei-elf/10.1.0/../../../../riscv-nuclei-elf/lib/rv32im/ilp32\libg_nano.a(lib_a-mprec.o)
                0x000000008000a6a4                _Balloc
 .text._Bfree   0x000000008000a784       0x74 e:/vmshare/e203/nucleistudio/toolchain/gcc/bin/../lib/gcc/riscv-nuclei-elf/10.1.0/../../../../riscv-nuclei-elf/lib/rv32im/ilp32\libg_nano.a(lib_a-mprec.o)
                0x000000008000a784                _Bfree
 .text.__multadd
                0x000000008000a7f8      0x120 e:/vmshare/e203/nucleistudio/toolchain/gcc/bin/../lib/gcc/riscv-nuclei-elf/10.1.0/../../../../riscv-nuclei-elf/lib/rv32im/ilp32\libg_nano.a(lib_a-mprec.o)
                0x000000008000a7f8                __multadd
 .text.__hi0bits
                0x000000008000a918       0x74 e:/vmshare/e203/nucleistudio/toolchain/gcc/bin/../lib/gcc/riscv-nuclei-elf/10.1.0/../../../../riscv-nuclei-elf/lib/rv32im/ilp32\libg_nano.a(lib_a-mprec.o)
                0x000000008000a918                __hi0bits
 .text.__lo0bits
                0x000000008000a98c       0xb0 e:/vmshare/e203/nucleistudio/toolchain/gcc/bin/../lib/gcc/riscv-nuclei-elf/10.1.0/../../../../riscv-nuclei-elf/lib/rv32im/ilp32\libg_nano.a(lib_a-mprec.o)
                0x000000008000a98c                __lo0bits
 .text.__i2b    0x000000008000aa3c       0x54 e:/vmshare/e203/nucleistudio/toolchain/gcc/bin/../lib/gcc/riscv-nuclei-elf/10.1.0/../../../../riscv-nuclei-elf/lib/rv32im/ilp32\libg_nano.a(lib_a-mprec.o)
                0x000000008000aa3c                __i2b
 .text.__multiply
                0x000000008000aa90      0x208 e:/vmshare/e203/nucleistudio/toolchain/gcc/bin/../lib/gcc/riscv-nuclei-elf/10.1.0/../../../../riscv-nuclei-elf/lib/rv32im/ilp32\libg_nano.a(lib_a-mprec.o)
                0x000000008000aa90                __multiply
 .text.__pow5mult
                0x000000008000ac98      0x124 e:/vmshare/e203/nucleistudio/toolchain/gcc/bin/../lib/gcc/riscv-nuclei-elf/10.1.0/../../../../riscv-nuclei-elf/lib/rv32im/ilp32\libg_nano.a(lib_a-mprec.o)
                0x000000008000ac98                __pow5mult
 .text.__lshift
                0x000000008000adbc      0x184 e:/vmshare/e203/nucleistudio/toolchain/gcc/bin/../lib/gcc/riscv-nuclei-elf/10.1.0/../../../../riscv-nuclei-elf/lib/rv32im/ilp32\libg_nano.a(lib_a-mprec.o)
                0x000000008000adbc                __lshift
 .text.__mcmp   0x000000008000af40       0x54 e:/vmshare/e203/nucleistudio/toolchain/gcc/bin/../lib/gcc/riscv-nuclei-elf/10.1.0/../../../../riscv-nuclei-elf/lib/rv32im/ilp32\libg_nano.a(lib_a-mprec.o)
                0x000000008000af40                __mcmp
 .text.__mdiff  0x000000008000af94      0x1fc e:/vmshare/e203/nucleistudio/toolchain/gcc/bin/../lib/gcc/riscv-nuclei-elf/10.1.0/../../../../riscv-nuclei-elf/lib/rv32im/ilp32\libg_nano.a(lib_a-mprec.o)
                0x000000008000af94                __mdiff
 .text.__d2b    0x000000008000b190      0x15c e:/vmshare/e203/nucleistudio/toolchain/gcc/bin/../lib/gcc/riscv-nuclei-elf/10.1.0/../../../../riscv-nuclei-elf/lib/rv32im/ilp32\libg_nano.a(lib_a-mprec.o)
                0x000000008000b190                __d2b
 .text._calloc_r
                0x000000008000b2ec       0x44 e:/vmshare/e203/nucleistudio/toolchain/gcc/bin/../lib/gcc/riscv-nuclei-elf/10.1.0/../../../../riscv-nuclei-elf/lib/rv32im/ilp32\libg_nano.a(lib_a-nano-callocr.o)
                0x000000008000b2ec                _calloc_r
 .text._free_r  0x000000008000b330       0xfc e:/vmshare/e203/nucleistudio/toolchain/gcc/bin/../lib/gcc/riscv-nuclei-elf/10.1.0/../../../../riscv-nuclei-elf/lib/rv32im/ilp32\libg_nano.a(lib_a-nano-freer.o)
                0x000000008000b330                _free_r
 .text._malloc_r
                0x000000008000b42c      0x150 e:/vmshare/e203/nucleistudio/toolchain/gcc/bin/../lib/gcc/riscv-nuclei-elf/10.1.0/../../../../riscv-nuclei-elf/lib/rv32im/ilp32\libg_nano.a(lib_a-nano-mallocr.o)
                0x000000008000b42c                _malloc_r
 .text.__sfputc_r
                0x000000008000b57c       0x3c e:/vmshare/e203/nucleistudio/toolchain/gcc/bin/../lib/gcc/riscv-nuclei-elf/10.1.0/../../../../riscv-nuclei-elf/lib/rv32im/ilp32\libg_nano.a(lib_a-nano-vfprintf.o)
 .text.__sfputs_r
                0x000000008000b5b8       0x74 e:/vmshare/e203/nucleistudio/toolchain/gcc/bin/../lib/gcc/riscv-nuclei-elf/10.1.0/../../../../riscv-nuclei-elf/lib/rv32im/ilp32\libg_nano.a(lib_a-nano-vfprintf.o)
                0x000000008000b5b8                __sfputs_r
 .text._vfprintf_r
                0x000000008000b62c      0x3c4 e:/vmshare/e203/nucleistudio/toolchain/gcc/bin/../lib/gcc/riscv-nuclei-elf/10.1.0/../../../../riscv-nuclei-elf/lib/rv32im/ilp32\libg_nano.a(lib_a-nano-vfprintf.o)
                0x000000008000b62c                _vfprintf_r
                0x000000008000b62c                _vfiprintf_r
 .text._sbrk_r  0x000000008000b9f0       0x40 e:/vmshare/e203/nucleistudio/toolchain/gcc/bin/../lib/gcc/riscv-nuclei-elf/10.1.0/../../../../riscv-nuclei-elf/lib/rv32im/ilp32\libg_nano.a(lib_a-sbrkr.o)
                0x000000008000b9f0                _sbrk_r
 .text.__sread  0x000000008000ba30       0x50 e:/vmshare/e203/nucleistudio/toolchain/gcc/bin/../lib/gcc/riscv-nuclei-elf/10.1.0/../../../../riscv-nuclei-elf/lib/rv32im/ilp32\libg_nano.a(lib_a-stdio.o)
                0x000000008000ba30                __sread
 .text.__swrite
                0x000000008000ba80       0x84 e:/vmshare/e203/nucleistudio/toolchain/gcc/bin/../lib/gcc/riscv-nuclei-elf/10.1.0/../../../../riscv-nuclei-elf/lib/rv32im/ilp32\libg_nano.a(lib_a-stdio.o)
                0x000000008000ba80                __swrite
 .text.__sseek  0x000000008000bb04       0x58 e:/vmshare/e203/nucleistudio/toolchain/gcc/bin/../lib/gcc/riscv-nuclei-elf/10.1.0/../../../../riscv-nuclei-elf/lib/rv32im/ilp32\libg_nano.a(lib_a-stdio.o)
                0x000000008000bb04                __sseek
 .text.__sclose
                0x000000008000bb5c        0x8 e:/vmshare/e203/nucleistudio/toolchain/gcc/bin/../lib/gcc/riscv-nuclei-elf/10.1.0/../../../../riscv-nuclei-elf/lib/rv32im/ilp32\libg_nano.a(lib_a-stdio.o)
                0x000000008000bb5c                __sclose
 .text.__ascii_wctomb
                0x000000008000bb64       0x30 e:/vmshare/e203/nucleistudio/toolchain/gcc/bin/../lib/gcc/riscv-nuclei-elf/10.1.0/../../../../riscv-nuclei-elf/lib/rv32im/ilp32\libg_nano.a(lib_a-wctomb_r.o)
                0x000000008000bb64                __ascii_wctomb
 .text._write_r
                0x000000008000bb94       0x48 e:/vmshare/e203/nucleistudio/toolchain/gcc/bin/../lib/gcc/riscv-nuclei-elf/10.1.0/../../../../riscv-nuclei-elf/lib/rv32im/ilp32\libg_nano.a(lib_a-writer.o)
                0x000000008000bb94                _write_r
 .text.__assert_func
                0x000000008000bbdc       0x4c e:/vmshare/e203/nucleistudio/toolchain/gcc/bin/../lib/gcc/riscv-nuclei-elf/10.1.0/../../../../riscv-nuclei-elf/lib/rv32im/ilp32\libg_nano.a(lib_a-assert.o)
                0x000000008000bbdc                __assert_func
 .text._close_r
                0x000000008000bc28       0x40 e:/vmshare/e203/nucleistudio/toolchain/gcc/bin/../lib/gcc/riscv-nuclei-elf/10.1.0/../../../../riscv-nuclei-elf/lib/rv32im/ilp32\libg_nano.a(lib_a-closer.o)
                0x000000008000bc28                _close_r
 .text.fprintf  0x000000008000bc68       0x44 e:/vmshare/e203/nucleistudio/toolchain/gcc/bin/../lib/gcc/riscv-nuclei-elf/10.1.0/../../../../riscv-nuclei-elf/lib/rv32im/ilp32\libg_nano.a(lib_a-fprintf.o)
                0x000000008000bc68                fiprintf
                0x000000008000bc68                fprintf
 .text._fstat_r
                0x000000008000bcac       0x44 e:/vmshare/e203/nucleistudio/toolchain/gcc/bin/../lib/gcc/riscv-nuclei-elf/10.1.0/../../../../riscv-nuclei-elf/lib/rv32im/ilp32\libg_nano.a(lib_a-fstatr.o)
                0x000000008000bcac                _fstat_r
 .text._isatty_r
                0x000000008000bcf0       0x40 e:/vmshare/e203/nucleistudio/toolchain/gcc/bin/../lib/gcc/riscv-nuclei-elf/10.1.0/../../../../riscv-nuclei-elf/lib/rv32im/ilp32\libg_nano.a(lib_a-isattyr.o)
                0x000000008000bcf0                _isatty_r
 .text._lseek_r
                0x000000008000bd30       0x48 e:/vmshare/e203/nucleistudio/toolchain/gcc/bin/../lib/gcc/riscv-nuclei-elf/10.1.0/../../../../riscv-nuclei-elf/lib/rv32im/ilp32\libg_nano.a(lib_a-lseekr.o)
                0x000000008000bd30                _lseek_r
 .text.__malloc_lock
                0x000000008000bd78        0x4 e:/vmshare/e203/nucleistudio/toolchain/gcc/bin/../lib/gcc/riscv-nuclei-elf/10.1.0/../../../../riscv-nuclei-elf/lib/rv32im/ilp32\libg_nano.a(lib_a-mlock.o)
                0x000000008000bd78                __malloc_lock
 .text.__malloc_unlock
                0x000000008000bd7c        0x4 e:/vmshare/e203/nucleistudio/toolchain/gcc/bin/../lib/gcc/riscv-nuclei-elf/10.1.0/../../../../riscv-nuclei-elf/lib/rv32im/ilp32\libg_nano.a(lib_a-mlock.o)
                0x000000008000bd7c                __malloc_unlock
 .text._read_r  0x000000008000bd80       0x48 e:/vmshare/e203/nucleistudio/toolchain/gcc/bin/../lib/gcc/riscv-nuclei-elf/10.1.0/../../../../riscv-nuclei-elf/lib/rv32im/ilp32\libg_nano.a(lib_a-readr.o)
                0x000000008000bd80                _read_r
 .text.abort    0x000000008000bdc8       0x18 e:/vmshare/e203/nucleistudio/toolchain/gcc/bin/../lib/gcc/riscv-nuclei-elf/10.1.0/../../../../riscv-nuclei-elf/lib/rv32im/ilp32\libg_nano.a(lib_a-abort.o)
                0x000000008000bdc8                abort
 .text._raise_r
                0x000000008000bde0       0xb0 e:/vmshare/e203/nucleistudio/toolchain/gcc/bin/../lib/gcc/riscv-nuclei-elf/10.1.0/../../../../riscv-nuclei-elf/lib/rv32im/ilp32\libg_nano.a(lib_a-signal.o)
                0x000000008000bde0                _raise_r
 .text.raise    0x000000008000be90        0xc e:/vmshare/e203/nucleistudio/toolchain/gcc/bin/../lib/gcc/riscv-nuclei-elf/10.1.0/../../../../riscv-nuclei-elf/lib/rv32im/ilp32\libg_nano.a(lib_a-signal.o)
                0x000000008000be90                raise
 .text._kill_r  0x000000008000be9c       0x44 e:/vmshare/e203/nucleistudio/toolchain/gcc/bin/../lib/gcc/riscv-nuclei-elf/10.1.0/../../../../riscv-nuclei-elf/lib/rv32im/ilp32\libg_nano.a(lib_a-signalr.o)
                0x000000008000be9c                _kill_r
 .text._getpid_r
                0x000000008000bee0        0x4 e:/vmshare/e203/nucleistudio/toolchain/gcc/bin/../lib/gcc/riscv-nuclei-elf/10.1.0/../../../../riscv-nuclei-elf/lib/rv32im/ilp32\libg_nano.a(lib_a-signalr.o)
                0x000000008000bee0                _getpid_r
 .text          0x000000008000bee4      0x7d8 e:/vmshare/e203/nucleistudio/toolchain/gcc/bin/../lib/gcc/riscv-nuclei-elf/10.1.0/rv32im/ilp32\libgcc.a(adddf3.o)
                0x000000008000bee4                __adddf3
 .text          0x000000008000c6bc       0x8c e:/vmshare/e203/nucleistudio/toolchain/gcc/bin/../lib/gcc/riscv-nuclei-elf/10.1.0/rv32im/ilp32\libgcc.a(eqdf2.o)
                0x000000008000c6bc                __nedf2
                0x000000008000c6bc                __eqdf2
 .text          0x000000008000c748      0x5cc e:/vmshare/e203/nucleistudio/toolchain/gcc/bin/../lib/gcc/riscv-nuclei-elf/10.1.0/rv32im/ilp32\libgcc.a(muldf3.o)
                0x000000008000c748                __muldf3
 .text          0x000000008000cd14      0x7ec e:/vmshare/e203/nucleistudio/toolchain/gcc/bin/../lib/gcc/riscv-nuclei-elf/10.1.0/rv32im/ilp32\libgcc.a(subdf3.o)
                0x000000008000cd14                __subdf3
 .text          0x000000008000d500       0x4c e:/vmshare/e203/nucleistudio/toolchain/gcc/bin/../lib/gcc/riscv-nuclei-elf/10.1.0/rv32im/ilp32\libgcc.a(unorddf2.o)
                0x000000008000d500                __unorddf2
 .text          0x000000008000d54c       0x80 e:/vmshare/e203/nucleistudio/toolchain/gcc/bin/../lib/gcc/riscv-nuclei-elf/10.1.0/rv32im/ilp32\libgcc.a(fixdfsi.o)
                0x000000008000d54c                __fixdfsi
 .text          0x000000008000d5cc       0xa8 e:/vmshare/e203/nucleistudio/toolchain/gcc/bin/../lib/gcc/riscv-nuclei-elf/10.1.0/rv32im/ilp32\libgcc.a(floatsidf.o)
                0x000000008000d5cc                __floatsidf
 .text          0x000000008000d674      0x360 e:/vmshare/e203/nucleistudio/toolchain/gcc/bin/../lib/gcc/riscv-nuclei-elf/10.1.0/rv32im/ilp32\libgcc.a(trunctfdf2.o)
                0x000000008000d674                __trunctfdf2
 *(.gnu.linkonce.t.*)

.rodata         0x000000008000d9d8      0xde0
                0x000000008000d9d8                . = ALIGN (0x4)
 *(.rdata)
 *(.rodata .rodata.*)
 .rodata.system_default_exception_handler.str1.4
                0x000000008000d9d8       0x44 ./hbird_sdk/SoC/hbirdv2/Common/Source/system_hbirdv2.o
 .rodata.system_default_interrupt_handler.str1.4
                0x000000008000da1c       0x13 ./hbird_sdk/SoC/hbirdv2/Common/Source/system_hbirdv2.o
 *fill*         0x000000008000da2f        0x1 
 .rodata.SystemBannerPrint.str1.4
                0x000000008000da30       0x6f ./hbird_sdk/SoC/hbirdv2/Common/Source/system_hbirdv2.o
 *fill*         0x000000008000da9f        0x1 
 .rodata.main.str1.4
                0x000000008000daa0      0x60b ./application/core_main.o
 *fill*         0x000000008000e0ab        0x1 
 .rodata.list_known_crc
                0x000000008000e0ac        0xa ./application/core_main.o
 *fill*         0x000000008000e0b6        0x2 
 .rodata.matrix_known_crc
                0x000000008000e0b8        0xa ./application/core_main.o
 *fill*         0x000000008000e0c2        0x2 
 .rodata.state_known_crc
                0x000000008000e0c4        0xa ./application/core_main.o
 *fill*         0x000000008000e0ce        0x2 
 .rodata.str1.4
                0x000000008000e0d0       0xad ./application/core_state.o
 *fill*         0x000000008000e17d        0x3 
 .rodata.errpat
                0x000000008000e180       0x10 ./application/core_state.o
 .rodata.floatpat
                0x000000008000e190       0x10 ./application/core_state.o
 .rodata.intpat
                0x000000008000e1a0       0x10 ./application/core_state.o
 .rodata.scipat
                0x000000008000e1b0       0x10 ./application/core_state.o
 .rodata.get_seed_32
                0x000000008000e1c0       0x18 ./application/core_util.o
 .rodata        0x000000008000e1d8       0x3c e:/vmshare/e203/nucleistudio/toolchain/gcc/bin/../lib/gcc/riscv-nuclei-elf/10.1.0/rv32im/ilp32\libgcc.a(divdf3.o)
 .rodata        0x000000008000e214       0x3c e:/vmshare/e203/nucleistudio/toolchain/gcc/bin/../lib/gcc/riscv-nuclei-elf/10.1.0/rv32im/ilp32\libgcc.a(divsf3.o)
 .rodata        0x000000008000e250      0x100 e:/vmshare/e203/nucleistudio/toolchain/gcc/bin/../lib/gcc/riscv-nuclei-elf/10.1.0/rv32im/ilp32\libgcc.a(_clz.o)
                0x000000008000e250                __clz_tab
 .rodata._printf_float.str1.4
                0x000000008000e350       0x10 e:/vmshare/e203/nucleistudio/toolchain/gcc/bin/../lib/gcc/riscv-nuclei-elf/10.1.0/../../../../riscv-nuclei-elf/lib/rv32im/ilp32\libg_nano.a(lib_a-nano-vfprintf_float.o)
                                         0x12 (size before relaxing)
 .rodata._printf_i.str1.4
                0x000000008000e360       0x25 e:/vmshare/e203/nucleistudio/toolchain/gcc/bin/../lib/gcc/riscv-nuclei-elf/10.1.0/../../../../riscv-nuclei-elf/lib/rv32im/ilp32\libg_nano.a(lib_a-nano-vfprintf_i.o)
 *fill*         0x000000008000e385        0x3 
 .rodata._printf_i
                0x000000008000e388       0x58 e:/vmshare/e203/nucleistudio/toolchain/gcc/bin/../lib/gcc/riscv-nuclei-elf/10.1.0/../../../../riscv-nuclei-elf/lib/rv32im/ilp32\libg_nano.a(lib_a-nano-vfprintf_i.o)
 .rodata._dtoa_r.str1.4
                0x000000008000e3e0       0x7f e:/vmshare/e203/nucleistudio/toolchain/gcc/bin/../lib/gcc/riscv-nuclei-elf/10.1.0/../../../../riscv-nuclei-elf/lib/rv32im/ilp32\libg_nano.a(lib_a-dtoa.o)
                                         0x83 (size before relaxing)
 *fill*         0x000000008000e45f        0x1 
 .rodata.__sf_fake_stderr
                0x000000008000e460       0x20 e:/vmshare/e203/nucleistudio/toolchain/gcc/bin/../lib/gcc/riscv-nuclei-elf/10.1.0/../../../../riscv-nuclei-elf/lib/rv32im/ilp32\libg_nano.a(lib_a-findfp.o)
                0x000000008000e460                __sf_fake_stderr
 .rodata.__sf_fake_stdin
                0x000000008000e480       0x20 e:/vmshare/e203/nucleistudio/toolchain/gcc/bin/../lib/gcc/riscv-nuclei-elf/10.1.0/../../../../riscv-nuclei-elf/lib/rv32im/ilp32\libg_nano.a(lib_a-findfp.o)
                0x000000008000e480                __sf_fake_stdin
 .rodata.__sf_fake_stdout
                0x000000008000e4a0       0x20 e:/vmshare/e203/nucleistudio/toolchain/gcc/bin/../lib/gcc/riscv-nuclei-elf/10.1.0/../../../../riscv-nuclei-elf/lib/rv32im/ilp32\libg_nano.a(lib_a-findfp.o)
                0x000000008000e4a0                __sf_fake_stdout
 .rodata._setlocale_r.str1.4
                0x000000008000e4c0        0xa e:/vmshare/e203/nucleistudio/toolchain/gcc/bin/../lib/gcc/riscv-nuclei-elf/10.1.0/../../../../riscv-nuclei-elf/lib/rv32im/ilp32\libg_nano.a(lib_a-locale.o)
                                          0xd (size before relaxing)
 .rodata.str1.4
                0x000000008000e4ca        0xa e:/vmshare/e203/nucleistudio/toolchain/gcc/bin/../lib/gcc/riscv-nuclei-elf/10.1.0/../../../../riscv-nuclei-elf/lib/rv32im/ilp32\libg_nano.a(lib_a-locale.o)
                                          0x2 (size before relaxing)
 *fill*         0x000000008000e4ca        0x2 
 .rodata.__multadd.str1.4
                0x000000008000e4cc       0x5c e:/vmshare/e203/nucleistudio/toolchain/gcc/bin/../lib/gcc/riscv-nuclei-elf/10.1.0/../../../../riscv-nuclei-elf/lib/rv32im/ilp32\libg_nano.a(lib_a-mprec.o)
                                         0x70 (size before relaxing)
 .rodata.__mprec_bigtens
                0x000000008000e528       0x28 e:/vmshare/e203/nucleistudio/toolchain/gcc/bin/../lib/gcc/riscv-nuclei-elf/10.1.0/../../../../riscv-nuclei-elf/lib/rv32im/ilp32\libg_nano.a(lib_a-mprec.o)
                0x000000008000e528                __mprec_bigtens
 .rodata.__mprec_tens
                0x000000008000e550       0xc8 e:/vmshare/e203/nucleistudio/toolchain/gcc/bin/../lib/gcc/riscv-nuclei-elf/10.1.0/../../../../riscv-nuclei-elf/lib/rv32im/ilp32\libg_nano.a(lib_a-mprec.o)
                0x000000008000e550                __mprec_tens
 .rodata.p05.0  0x000000008000e618        0xc e:/vmshare/e203/nucleistudio/toolchain/gcc/bin/../lib/gcc/riscv-nuclei-elf/10.1.0/../../../../riscv-nuclei-elf/lib/rv32im/ilp32\libg_nano.a(lib_a-mprec.o)
 .rodata._vfprintf_r.str1.4
                0x000000008000e624       0x13 e:/vmshare/e203/nucleistudio/toolchain/gcc/bin/../lib/gcc/riscv-nuclei-elf/10.1.0/../../../../riscv-nuclei-elf/lib/rv32im/ilp32\libg_nano.a(lib_a-nano-vfprintf.o)
 *fill*         0x000000008000e637        0x1 
 .rodata.__assert_func.str1.4
                0x000000008000e638       0x3f e:/vmshare/e203/nucleistudio/toolchain/gcc/bin/../lib/gcc/riscv-nuclei-elf/10.1.0/../../../../riscv-nuclei-elf/lib/rv32im/ilp32\libg_nano.a(lib_a-assert.o)
                                         0x43 (size before relaxing)
 *fill*         0x000000008000e677        0x1 
 .rodata._ctype_
                0x000000008000e678      0x101 e:/vmshare/e203/nucleistudio/toolchain/gcc/bin/../lib/gcc/riscv-nuclei-elf/10.1.0/../../../../riscv-nuclei-elf/lib/rv32im/ilp32\libg_nano.a(lib_a-ctype_.o)
                0x000000008000e678                _ctype_
 *fill*         0x000000008000e779        0x3 
 .rodata        0x000000008000e77c       0x3c e:/vmshare/e203/nucleistudio/toolchain/gcc/bin/../lib/gcc/riscv-nuclei-elf/10.1.0/rv32im/ilp32\libgcc.a(muldf3.o)
                0x000000008000e7b8                . = ALIGN (0x4)
                0x000000008000e7b8                __rt_init_start = .
 *(SORT_BY_NAME(.rti_fn*))
                0x000000008000e7b8                __rt_init_end = .
                0x000000008000e7b8                . = ALIGN (0x4)
                0x000000008000e7b8                __fsymtab_start = .
 *(FSymTab)
                0x000000008000e7b8                __fsymtab_end = .
                0x000000008000e7b8                . = ALIGN (0x4)
                0x000000008000e7b8                __vsymtab_start = .
 *(VSymTab)
                0x000000008000e7b8                __vsymtab_end = .
 *(.gnu.linkonce.r.*)

.rela.dyn       0x000000008000e7b8        0x0
 .rela.text._sbrk
                0x000000008000e7b8        0x0 ./hbird_sdk/SoC/hbirdv2/Common/Source/Stubs/close.o
 .rela.sdata.curbrk.0
                0x000000008000e7b8        0x0 ./hbird_sdk/SoC/hbirdv2/Common/Source/Stubs/close.o
 .rela.init     0x000000008000e7b8        0x0 ./hbird_sdk/SoC/hbirdv2/Common/Source/Stubs/close.o
 .rela.text.__libc_fini_array
                0x000000008000e7b8        0x0 ./hbird_sdk/SoC/hbirdv2/Common/Source/Stubs/close.o
 .rela.text.__libc_init_array
                0x000000008000e7b8        0x0 ./hbird_sdk/SoC/hbirdv2/Common/Source/Stubs/close.o
 .rela.text.isatty
                0x000000008000e7b8        0x0 ./hbird_sdk/SoC/hbirdv2/Common/Source/Stubs/close.o
 .rela.text.__register_exitproc
                0x000000008000e7b8        0x0 ./hbird_sdk/SoC/hbirdv2/Common/Source/Stubs/close.o
 .rela.text._vfprintf_r
                0x000000008000e7b8        0x0 ./hbird_sdk/SoC/hbirdv2/Common/Source/Stubs/close.o
 .rela.text._sbrk_r
                0x000000008000e7b8        0x0 ./hbird_sdk/SoC/hbirdv2/Common/Source/Stubs/close.o
 .rela.text._write_r
                0x000000008000e7b8        0x0 ./hbird_sdk/SoC/hbirdv2/Common/Source/Stubs/close.o
 .rela.text._close_r
                0x000000008000e7b8        0x0 ./hbird_sdk/SoC/hbirdv2/Common/Source/Stubs/close.o
 .rela.text._fstat_r
                0x000000008000e7b8        0x0 ./hbird_sdk/SoC/hbirdv2/Common/Source/Stubs/close.o
 .rela.text._isatty_r
                0x000000008000e7b8        0x0 ./hbird_sdk/SoC/hbirdv2/Common/Source/Stubs/close.o
 .rela.text._lseek_r
                0x000000008000e7b8        0x0 ./hbird_sdk/SoC/hbirdv2/Common/Source/Stubs/close.o
 .rela.text._read_r
                0x000000008000e7b8        0x0 ./hbird_sdk/SoC/hbirdv2/Common/Source/Stubs/close.o
 .rela.text.abort
                0x000000008000e7b8        0x0 ./hbird_sdk/SoC/hbirdv2/Common/Source/Stubs/close.o
 .rela.text._kill_r
                0x000000008000e7b8        0x0 ./hbird_sdk/SoC/hbirdv2/Common/Source/Stubs/close.o
 .rela.text._getpid_r
                0x000000008000e7b8        0x0 ./hbird_sdk/SoC/hbirdv2/Common/Source/Stubs/close.o

.fini
 *(SORT_NONE(.fini))
                0x000000008000e7b8                . = ALIGN (0x4)
                [!provide]                        PROVIDE (__etext = .)
                [!provide]                        PROVIDE (_etext = .)
                [!provide]                        PROVIDE (etext = .)
                0x000000008000e7b8                PROVIDE (_eilm = .)

.preinit_array  0x000000008000e7b8        0x0
                0x000000008000e7b8                PROVIDE (__preinit_array_start = .)
 *(.preinit_array)
                0x000000008000e7b8                PROVIDE (__preinit_array_end = .)

.init_array     0x000000008000e7b8        0x0
                0x000000008000e7b8                PROVIDE (__init_array_start = .)
 *(SORT_BY_INIT_PRIORITY(.init_array.*) SORT_BY_INIT_PRIORITY(.ctors.*))
 *(.init_array EXCLUDE_FILE(*crtend?.o *crtend.o *crtbegin?.o *crtbegin.o) .ctors)
                0x000000008000e7b8                PROVIDE (__init_array_end = .)

.fini_array     0x000000008000e7b8        0x0
                0x000000008000e7b8                PROVIDE (__fini_array_start = .)
 *(SORT_BY_INIT_PRIORITY(.fini_array.*) SORT_BY_INIT_PRIORITY(.dtors.*))
 *(.fini_array EXCLUDE_FILE(*crtend?.o *crtend.o *crtbegin?.o *crtbegin.o) .dtors)
                0x000000008000e7b8                PROVIDE (__fini_array_end = .)

.ctors
 *crtbegin.o(.ctors)
 *crtbegin?.o(.ctors)
 *(EXCLUDE_FILE(*crtend?.o *crtend.o) .ctors)
 *(SORT_BY_NAME(.ctors.*))
 *(.ctors)

.dtors
 *crtbegin.o(.dtors)
 *crtbegin?.o(.dtors)
 *(EXCLUDE_FILE(*crtend?.o *crtend.o) .dtors)
 *(SORT_BY_NAME(.dtors.*))
 *(.dtors)

.lalign         0x000000008000e7b8        0x0
                0x000000008000e7b8                . = ALIGN (0x4)
                0x000000008000e7b8                PROVIDE (_data_lma = .)

.dalign         0x0000000090000000        0x0 load address 0x000000008000e7b8
                0x0000000090000000                . = ALIGN (0x4)
                0x0000000090000000                PROVIDE (_data = .)

.data           0x0000000090000000      0x23c load address 0x000000008000e7b8
 *(.data .data.*)
 .data.impure_data
                0x0000000090000000       0x60 e:/vmshare/e203/nucleistudio/toolchain/gcc/bin/../lib/gcc/riscv-nuclei-elf/10.1.0/../../../../riscv-nuclei-elf/lib/rv32im/ilp32\libg_nano.a(lib_a-impure.o)
 .data.__global_locale
                0x0000000090000060      0x16c e:/vmshare/e203/nucleistudio/toolchain/gcc/bin/../lib/gcc/riscv-nuclei-elf/10.1.0/../../../../riscv-nuclei-elf/lib/rv32im/ilp32\libg_nano.a(lib_a-locale.o)
                0x0000000090000060                __global_locale
 *(.gnu.linkonce.d.*)
                0x00000000900001d0                . = ALIGN (0x8)
 *fill*         0x00000000900001cc        0x4 
                0x00000000900009d0                PROVIDE (__global_pointer$ = (. + 0x800))
 *(.sdata .sdata.* .sdata*)
 .sdata.curbrk.0
                0x00000000900001d0        0x4 ./hbird_sdk/SoC/hbirdv2/Common/Source/Stubs/sbrk.o
 .sdata.SystemCoreClock
                0x00000000900001d4        0x4 ./hbird_sdk/SoC/hbirdv2/Common/Source/system_hbirdv2.o
                0x00000000900001d4                SystemCoreClock
 .sdata.seed3_volatile
                0x00000000900001d8        0x4 ./application/core_portme.o
                0x00000000900001d8                seed3_volatile
 .sdata.seed4_volatile
                0x00000000900001dc        0x4 ./application/core_portme.o
                0x00000000900001dc                seed4_volatile
 .sdata._impure_ptr
                0x00000000900001e0        0x4 e:/vmshare/e203/nucleistudio/toolchain/gcc/bin/../lib/gcc/riscv-nuclei-elf/10.1.0/../../../../riscv-nuclei-elf/lib/rv32im/ilp32\libg_nano.a(lib_a-impure.o)
                0x00000000900001e0                _impure_ptr
 *(.gnu.linkonce.s.*)
                0x00000000900001e8                . = ALIGN (0x8)
 *fill*         0x00000000900001e4        0x4 
 *(.srodata.cst16)
 *(.srodata.cst8)
 .srodata.cst8  0x00000000900001e8       0x10 ./application/core_main.o
 .srodata.cst8  0x00000000900001f8        0x8 e:/vmshare/e203/nucleistudio/toolchain/gcc/bin/../lib/gcc/riscv-nuclei-elf/10.1.0/../../../../riscv-nuclei-elf/lib/rv32im/ilp32\libg_nano.a(lib_a-nano-vfprintf_float.o)
 .srodata.cst8  0x0000000090000200       0x38 e:/vmshare/e203/nucleistudio/toolchain/gcc/bin/../lib/gcc/riscv-nuclei-elf/10.1.0/../../../../riscv-nuclei-elf/lib/rv32im/ilp32\libg_nano.a(lib_a-dtoa.o)
                                         0x48 (size before relaxing)
 *(.srodata.cst4)
 *(.srodata.cst2)
 *(.srodata .srodata.*)
 .srodata._global_impure_ptr
                0x0000000090000238        0x4 e:/vmshare/e203/nucleistudio/toolchain/gcc/bin/../lib/gcc/riscv-nuclei-elf/10.1.0/../../../../riscv-nuclei-elf/lib/rv32im/ilp32\libg_nano.a(lib_a-impure.o)
                0x0000000090000238                _global_impure_ptr
                0x000000009000023c                . = ALIGN (0x4)
                0x000000009000023c                PROVIDE (_edata = .)
                [!provide]                        PROVIDE (edata = .)
                [!provide]                        PROVIDE (_fbss = .)
                0x000000009000023c                PROVIDE (__bss_start = .)

.bss            0x0000000090000240      0x154
 *(.sbss*)
 .sbss.seed1_volatile
                0x0000000090000240        0x4 ./application/core_portme.o
                0x0000000090000240                seed1_volatile
 .sbss.seed2_volatile
                0x0000000090000244        0x4 ./application/core_portme.o
                0x0000000090000244                seed2_volatile
 .sbss.seed5_volatile
                0x0000000090000248        0x4 ./application/core_portme.o
                0x0000000090000248                seed5_volatile
 *fill*         0x000000009000024c        0x4 
 .sbss.t0       0x0000000090000250        0x8 ./application/core_portme.o
 .sbss.t1       0x0000000090000258        0x8 ./application/core_portme.o
 .sbss.errno    0x0000000090000260        0x4 e:/vmshare/e203/nucleistudio/toolchain/gcc/bin/../lib/gcc/riscv-nuclei-elf/10.1.0/../../../../riscv-nuclei-elf/lib/rv32im/ilp32\libg_nano.a(lib_a-reent.o)
                0x0000000090000260                errno
 .sbss._global_atexit
                0x0000000090000264        0x4 e:/vmshare/e203/nucleistudio/toolchain/gcc/bin/../lib/gcc/riscv-nuclei-elf/10.1.0/../../../../riscv-nuclei-elf/lib/rv32im/ilp32\libg_nano.a(lib_a-__call_atexit.o)
                0x0000000090000264                _global_atexit
 .sbss.__malloc_free_list
                0x0000000090000268        0x4 e:/vmshare/e203/nucleistudio/toolchain/gcc/bin/../lib/gcc/riscv-nuclei-elf/10.1.0/../../../../riscv-nuclei-elf/lib/rv32im/ilp32\libg_nano.a(lib_a-nano-mallocr.o)
                0x0000000090000268                __malloc_free_list
 .sbss.__malloc_sbrk_start
                0x000000009000026c        0x4 e:/vmshare/e203/nucleistudio/toolchain/gcc/bin/../lib/gcc/riscv-nuclei-elf/10.1.0/../../../../riscv-nuclei-elf/lib/rv32im/ilp32\libg_nano.a(lib_a-nano-mallocr.o)
                0x000000009000026c                __malloc_sbrk_start
 *(.gnu.linkonce.sb.*)
 *(.bss .bss.*)
 .bss.SystemCoreInterruptHandlers
                0x0000000090000270       0x28 ./hbird_sdk/SoC/hbirdv2/Common/Source/system_hbirdv2.o
 .bss.SystemExceptionHandlers
                0x0000000090000298       0x2c ./hbird_sdk/SoC/hbirdv2/Common/Source/system_hbirdv2.o
 .bss.SystemExtInterruptHandlers
                0x00000000900002c4       0x44 ./hbird_sdk/SoC/hbirdv2/Common/Source/system_hbirdv2.o
 .bss._global_atexit0
                0x0000000090000308       0x8c e:/vmshare/e203/nucleistudio/toolchain/gcc/bin/../lib/gcc/riscv-nuclei-elf/10.1.0/../../../../riscv-nuclei-elf/lib/rv32im/ilp32\libg_nano.a(lib_a-__atexit.o)
 *(.gnu.linkonce.b.*)
 *(COMMON)
                0x0000000090000394                . = ALIGN (0x4)
                0x0000000090000398                . = ALIGN (0x8)
                0x0000000090000398                PROVIDE (_end = .)
                [!provide]                        PROVIDE (end = .)

.stack          0x000000009000f800      0x800 load address 0x0000000090000394
                0x000000009000f800                PROVIDE (_heap_end = .)
                0x0000000000000800                . = __stack_size
 *fill*         0x000000009000f800      0x800 
                0x0000000090010000                PROVIDE (_sp = .)
OUTPUT(mark.elf elf32-littleriscv)

.debug_info     0x0000000000000000     0xac5b
 .debug_info    0x0000000000000000       0xac ./hbird_sdk/SoC/hbirdv2/Common/Source/Stubs/close.o
 .debug_info    0x00000000000000ac       0xb1 ./hbird_sdk/SoC/hbirdv2/Common/Source/Stubs/exit.o
 .debug_info    0x000000000000015d      0x2c8 ./hbird_sdk/SoC/hbirdv2/Common/Source/Stubs/fstat.o
 .debug_info    0x0000000000000425       0x90 ./hbird_sdk/SoC/hbirdv2/Common/Source/Stubs/getpid.o
 .debug_info    0x00000000000004b5       0xa0 ./hbird_sdk/SoC/hbirdv2/Common/Source/Stubs/isatty.o
 .debug_info    0x0000000000000555       0xbb ./hbird_sdk/SoC/hbirdv2/Common/Source/Stubs/kill.o
 .debug_info    0x0000000000000610       0xbd ./hbird_sdk/SoC/hbirdv2/Common/Source/Stubs/lseek.o
 .debug_info    0x00000000000006cd      0x232 ./hbird_sdk/SoC/hbirdv2/Common/Source/Stubs/read.o
 .debug_info    0x00000000000008ff       0xea ./hbird_sdk/SoC/hbirdv2/Common/Source/Stubs/sbrk.o
 .debug_info    0x00000000000009e9      0x3a9 ./hbird_sdk/SoC/hbirdv2/Common/Source/Stubs/write.o
 .debug_info    0x0000000000000d92       0x26 ./hbird_sdk/SoC/hbirdv2/Common/Source/GCC/intexc_hbirdv2.o
 .debug_info    0x0000000000000db8       0x26 ./hbird_sdk/SoC/hbirdv2/Common/Source/GCC/startup_hbirdv2.o
 .debug_info    0x0000000000000dde      0x388 ./hbird_sdk/SoC/hbirdv2/Common/Source/Drivers/hbirdv2_gpio.o
 .debug_info    0x0000000000001166      0x539 ./hbird_sdk/SoC/hbirdv2/Common/Source/Drivers/hbirdv2_uart.o
 .debug_info    0x000000000000169f      0x490 ./hbird_sdk/SoC/hbirdv2/Common/Source/hbirdv2_common.o
 .debug_info    0x0000000000001b2f      0xdef ./hbird_sdk/SoC/hbirdv2/Common/Source/system_hbirdv2.o
 .debug_info    0x000000000000291e     0x104e ./application/core_list_join.o
 .debug_info    0x000000000000396c      0xb44 ./application/core_main.o
 .debug_info    0x00000000000044b0      0xe38 ./application/core_matrix.o
 .debug_info    0x00000000000052e8      0x3f3 ./application/core_portme.o
 .debug_info    0x00000000000056db      0x6aa ./application/core_state.o
 .debug_info    0x0000000000005d85      0x50b ./application/core_util.o
 .debug_info    0x0000000000006290      0x7c0 e:/vmshare/e203/nucleistudio/toolchain/gcc/bin/../lib/gcc/riscv-nuclei-elf/10.1.0/rv32im/ilp32\libgcc.a(_udivdi3.o)
 .debug_info    0x0000000000006a50      0x72a e:/vmshare/e203/nucleistudio/toolchain/gcc/bin/../lib/gcc/riscv-nuclei-elf/10.1.0/rv32im/ilp32\libgcc.a(divdf3.o)
 .debug_info    0x000000000000717a      0x253 e:/vmshare/e203/nucleistudio/toolchain/gcc/bin/../lib/gcc/riscv-nuclei-elf/10.1.0/rv32im/ilp32\libgcc.a(gedf2.o)
 .debug_info    0x00000000000073cd      0x253 e:/vmshare/e203/nucleistudio/toolchain/gcc/bin/../lib/gcc/riscv-nuclei-elf/10.1.0/rv32im/ilp32\libgcc.a(ledf2.o)
 .debug_info    0x0000000000007620      0x1d5 e:/vmshare/e203/nucleistudio/toolchain/gcc/bin/../lib/gcc/riscv-nuclei-elf/10.1.0/rv32im/ilp32\libgcc.a(fixunsdfsi.o)
 .debug_info    0x00000000000077f5      0x28e e:/vmshare/e203/nucleistudio/toolchain/gcc/bin/../lib/gcc/riscv-nuclei-elf/10.1.0/rv32im/ilp32\libgcc.a(floatunsidf.o)
 .debug_info    0x0000000000007a83      0x2f8 e:/vmshare/e203/nucleistudio/toolchain/gcc/bin/../lib/gcc/riscv-nuclei-elf/10.1.0/rv32im/ilp32\libgcc.a(floatundidf.o)
 .debug_info    0x0000000000007d7b      0x3a3 e:/vmshare/e203/nucleistudio/toolchain/gcc/bin/../lib/gcc/riscv-nuclei-elf/10.1.0/rv32im/ilp32\libgcc.a(divsf3.o)
 .debug_info    0x000000000000811e      0x25c e:/vmshare/e203/nucleistudio/toolchain/gcc/bin/../lib/gcc/riscv-nuclei-elf/10.1.0/rv32im/ilp32\libgcc.a(floatundisf.o)
 .debug_info    0x000000000000837a      0x28b e:/vmshare/e203/nucleistudio/toolchain/gcc/bin/../lib/gcc/riscv-nuclei-elf/10.1.0/rv32im/ilp32\libgcc.a(extendsfdf2.o)
 .debug_info    0x0000000000008605      0x1ba e:/vmshare/e203/nucleistudio/toolchain/gcc/bin/../lib/gcc/riscv-nuclei-elf/10.1.0/rv32im/ilp32\libgcc.a(_lshrdi3.o)
 .debug_info    0x00000000000087bf      0x1ba e:/vmshare/e203/nucleistudio/toolchain/gcc/bin/../lib/gcc/riscv-nuclei-elf/10.1.0/rv32im/ilp32\libgcc.a(_ashldi3.o)
 .debug_info    0x0000000000008979       0xe5 e:/vmshare/e203/nucleistudio/toolchain/gcc/bin/../lib/gcc/riscv-nuclei-elf/10.1.0/rv32im/ilp32\libgcc.a(_clz.o)
 .debug_info    0x0000000000008a5e      0x152 e:/vmshare/e203/nucleistudio/toolchain/gcc/bin/../lib/gcc/riscv-nuclei-elf/10.1.0/rv32im/ilp32\libgcc.a(_clzsi2.o)
 .debug_info    0x0000000000008bb0      0x581 e:/vmshare/e203/nucleistudio/toolchain/gcc/bin/../lib/gcc/riscv-nuclei-elf/10.1.0/rv32im/ilp32\libgcc.a(adddf3.o)
 .debug_info    0x0000000000009131      0x255 e:/vmshare/e203/nucleistudio/toolchain/gcc/bin/../lib/gcc/riscv-nuclei-elf/10.1.0/rv32im/ilp32\libgcc.a(eqdf2.o)
 .debug_info    0x0000000000009386      0x766 e:/vmshare/e203/nucleistudio/toolchain/gcc/bin/../lib/gcc/riscv-nuclei-elf/10.1.0/rv32im/ilp32\libgcc.a(muldf3.o)
 .debug_info    0x0000000000009aec      0x581 e:/vmshare/e203/nucleistudio/toolchain/gcc/bin/../lib/gcc/riscv-nuclei-elf/10.1.0/rv32im/ilp32\libgcc.a(subdf3.o)
 .debug_info    0x000000000000a06d      0x256 e:/vmshare/e203/nucleistudio/toolchain/gcc/bin/../lib/gcc/riscv-nuclei-elf/10.1.0/rv32im/ilp32\libgcc.a(unorddf2.o)
 .debug_info    0x000000000000a2c3      0x1e7 e:/vmshare/e203/nucleistudio/toolchain/gcc/bin/../lib/gcc/riscv-nuclei-elf/10.1.0/rv32im/ilp32\libgcc.a(fixdfsi.o)
 .debug_info    0x000000000000a4aa      0x29b e:/vmshare/e203/nucleistudio/toolchain/gcc/bin/../lib/gcc/riscv-nuclei-elf/10.1.0/rv32im/ilp32\libgcc.a(floatsidf.o)
 .debug_info    0x000000000000a745      0x516 e:/vmshare/e203/nucleistudio/toolchain/gcc/bin/../lib/gcc/riscv-nuclei-elf/10.1.0/rv32im/ilp32\libgcc.a(trunctfdf2.o)

.debug_abbrev   0x0000000000000000     0x3862
 .debug_abbrev  0x0000000000000000       0x6a ./hbird_sdk/SoC/hbirdv2/Common/Source/Stubs/close.o
 .debug_abbrev  0x000000000000006a       0x7c ./hbird_sdk/SoC/hbirdv2/Common/Source/Stubs/exit.o
 .debug_abbrev  0x00000000000000e6       0xc9 ./hbird_sdk/SoC/hbirdv2/Common/Source/Stubs/fstat.o
 .debug_abbrev  0x00000000000001af       0x46 ./hbird_sdk/SoC/hbirdv2/Common/Source/Stubs/getpid.o
 .debug_abbrev  0x00000000000001f5       0x57 ./hbird_sdk/SoC/hbirdv2/Common/Source/Stubs/isatty.o
 .debug_abbrev  0x000000000000024c       0x7b ./hbird_sdk/SoC/hbirdv2/Common/Source/Stubs/kill.o
 .debug_abbrev  0x00000000000002c7       0x68 ./hbird_sdk/SoC/hbirdv2/Common/Source/Stubs/lseek.o
 .debug_abbrev  0x000000000000032f      0x102 ./hbird_sdk/SoC/hbirdv2/Common/Source/Stubs/read.o
 .debug_abbrev  0x0000000000000431       0xa8 ./hbird_sdk/SoC/hbirdv2/Common/Source/Stubs/sbrk.o
 .debug_abbrev  0x00000000000004d9      0x11f ./hbird_sdk/SoC/hbirdv2/Common/Source/Stubs/write.o
 .debug_abbrev  0x00000000000005f8       0x14 ./hbird_sdk/SoC/hbirdv2/Common/Source/GCC/intexc_hbirdv2.o
 .debug_abbrev  0x000000000000060c       0x14 ./hbird_sdk/SoC/hbirdv2/Common/Source/GCC/startup_hbirdv2.o
 .debug_abbrev  0x0000000000000620       0xf2 ./hbird_sdk/SoC/hbirdv2/Common/Source/Drivers/hbirdv2_gpio.o
 .debug_abbrev  0x0000000000000712      0x15f ./hbird_sdk/SoC/hbirdv2/Common/Source/Drivers/hbirdv2_uart.o
 .debug_abbrev  0x0000000000000871      0x1fe ./hbird_sdk/SoC/hbirdv2/Common/Source/hbirdv2_common.o
 .debug_abbrev  0x0000000000000a6f      0x47d ./hbird_sdk/SoC/hbirdv2/Common/Source/system_hbirdv2.o
 .debug_abbrev  0x0000000000000eec      0x2ca ./application/core_list_join.o
 .debug_abbrev  0x00000000000011b6      0x212 ./application/core_main.o
 .debug_abbrev  0x00000000000013c8      0x226 ./application/core_matrix.o
 .debug_abbrev  0x00000000000015ee      0x184 ./application/core_portme.o
 .debug_abbrev  0x0000000000001772      0x279 ./application/core_state.o
 .debug_abbrev  0x00000000000019eb      0x177 ./application/core_util.o
 .debug_abbrev  0x0000000000001b62      0x19d e:/vmshare/e203/nucleistudio/toolchain/gcc/bin/../lib/gcc/riscv-nuclei-elf/10.1.0/rv32im/ilp32\libgcc.a(_udivdi3.o)
 .debug_abbrev  0x0000000000001cff      0x173 e:/vmshare/e203/nucleistudio/toolchain/gcc/bin/../lib/gcc/riscv-nuclei-elf/10.1.0/rv32im/ilp32\libgcc.a(divdf3.o)
 .debug_abbrev  0x0000000000001e72      0x15e e:/vmshare/e203/nucleistudio/toolchain/gcc/bin/../lib/gcc/riscv-nuclei-elf/10.1.0/rv32im/ilp32\libgcc.a(gedf2.o)
 .debug_abbrev  0x0000000000001fd0      0x15e e:/vmshare/e203/nucleistudio/toolchain/gcc/bin/../lib/gcc/riscv-nuclei-elf/10.1.0/rv32im/ilp32\libgcc.a(ledf2.o)
 .debug_abbrev  0x000000000000212e      0x15e e:/vmshare/e203/nucleistudio/toolchain/gcc/bin/../lib/gcc/riscv-nuclei-elf/10.1.0/rv32im/ilp32\libgcc.a(fixunsdfsi.o)
 .debug_abbrev  0x000000000000228c      0x164 e:/vmshare/e203/nucleistudio/toolchain/gcc/bin/../lib/gcc/riscv-nuclei-elf/10.1.0/rv32im/ilp32\libgcc.a(floatunsidf.o)
 .debug_abbrev  0x00000000000023f0      0x182 e:/vmshare/e203/nucleistudio/toolchain/gcc/bin/../lib/gcc/riscv-nuclei-elf/10.1.0/rv32im/ilp32\libgcc.a(floatundidf.o)
 .debug_abbrev  0x0000000000002572      0x14c e:/vmshare/e203/nucleistudio/toolchain/gcc/bin/../lib/gcc/riscv-nuclei-elf/10.1.0/rv32im/ilp32\libgcc.a(divsf3.o)
 .debug_abbrev  0x00000000000026be      0x179 e:/vmshare/e203/nucleistudio/toolchain/gcc/bin/../lib/gcc/riscv-nuclei-elf/10.1.0/rv32im/ilp32\libgcc.a(floatundisf.o)
 .debug_abbrev  0x0000000000002837      0x158 e:/vmshare/e203/nucleistudio/toolchain/gcc/bin/../lib/gcc/riscv-nuclei-elf/10.1.0/rv32im/ilp32\libgcc.a(extendsfdf2.o)
 .debug_abbrev  0x000000000000298f      0x118 e:/vmshare/e203/nucleistudio/toolchain/gcc/bin/../lib/gcc/riscv-nuclei-elf/10.1.0/rv32im/ilp32\libgcc.a(_lshrdi3.o)
 .debug_abbrev  0x0000000000002aa7      0x118 e:/vmshare/e203/nucleistudio/toolchain/gcc/bin/../lib/gcc/riscv-nuclei-elf/10.1.0/rv32im/ilp32\libgcc.a(_ashldi3.o)
 .debug_abbrev  0x0000000000002bbf       0x70 e:/vmshare/e203/nucleistudio/toolchain/gcc/bin/../lib/gcc/riscv-nuclei-elf/10.1.0/rv32im/ilp32\libgcc.a(_clz.o)
 .debug_abbrev  0x0000000000002c2f       0xca e:/vmshare/e203/nucleistudio/toolchain/gcc/bin/../lib/gcc/riscv-nuclei-elf/10.1.0/rv32im/ilp32\libgcc.a(_clzsi2.o)
 .debug_abbrev  0x0000000000002cf9      0x173 e:/vmshare/e203/nucleistudio/toolchain/gcc/bin/../lib/gcc/riscv-nuclei-elf/10.1.0/rv32im/ilp32\libgcc.a(adddf3.o)
 .debug_abbrev  0x0000000000002e6c      0x14b e:/vmshare/e203/nucleistudio/toolchain/gcc/bin/../lib/gcc/riscv-nuclei-elf/10.1.0/rv32im/ilp32\libgcc.a(eqdf2.o)
 .debug_abbrev  0x0000000000002fb7      0x185 e:/vmshare/e203/nucleistudio/toolchain/gcc/bin/../lib/gcc/riscv-nuclei-elf/10.1.0/rv32im/ilp32\libgcc.a(muldf3.o)
 .debug_abbrev  0x000000000000313c      0x173 e:/vmshare/e203/nucleistudio/toolchain/gcc/bin/../lib/gcc/riscv-nuclei-elf/10.1.0/rv32im/ilp32\libgcc.a(subdf3.o)
 .debug_abbrev  0x00000000000032af      0x14b e:/vmshare/e203/nucleistudio/toolchain/gcc/bin/../lib/gcc/riscv-nuclei-elf/10.1.0/rv32im/ilp32\libgcc.a(unorddf2.o)
 .debug_abbrev  0x00000000000033fa      0x15e e:/vmshare/e203/nucleistudio/toolchain/gcc/bin/../lib/gcc/riscv-nuclei-elf/10.1.0/rv32im/ilp32\libgcc.a(fixdfsi.o)
 .debug_abbrev  0x0000000000003558      0x164 e:/vmshare/e203/nucleistudio/toolchain/gcc/bin/../lib/gcc/riscv-nuclei-elf/10.1.0/rv32im/ilp32\libgcc.a(floatsidf.o)
 .debug_abbrev  0x00000000000036bc      0x1a6 e:/vmshare/e203/nucleistudio/toolchain/gcc/bin/../lib/gcc/riscv-nuclei-elf/10.1.0/rv32im/ilp32\libgcc.a(trunctfdf2.o)

.debug_loc      0x0000000000000000     0xc728
 .debug_loc     0x0000000000000000       0x13 ./hbird_sdk/SoC/hbirdv2/Common/Source/Stubs/close.o
 .debug_loc     0x0000000000000013       0x13 ./hbird_sdk/SoC/hbirdv2/Common/Source/Stubs/fstat.o
 .debug_loc     0x0000000000000026       0x13 ./hbird_sdk/SoC/hbirdv2/Common/Source/Stubs/isatty.o
 .debug_loc     0x0000000000000039       0x13 ./hbird_sdk/SoC/hbirdv2/Common/Source/Stubs/kill.o
 .debug_loc     0x000000000000004c       0x13 ./hbird_sdk/SoC/hbirdv2/Common/Source/Stubs/lseek.o
 .debug_loc     0x000000000000005f       0x44 ./hbird_sdk/SoC/hbirdv2/Common/Source/Stubs/read.o
 .debug_loc     0x00000000000000a3       0x13 ./hbird_sdk/SoC/hbirdv2/Common/Source/Stubs/sbrk.o
 .debug_loc     0x00000000000000b6       0x7b ./hbird_sdk/SoC/hbirdv2/Common/Source/Stubs/write.o
 .debug_loc     0x0000000000000131      0x306 ./hbird_sdk/SoC/hbirdv2/Common/Source/Drivers/hbirdv2_gpio.o
 .debug_loc     0x0000000000000437      0x3d3 ./hbird_sdk/SoC/hbirdv2/Common/Source/Drivers/hbirdv2_uart.o
 .debug_loc     0x000000000000080a      0x368 ./hbird_sdk/SoC/hbirdv2/Common/Source/hbirdv2_common.o
 .debug_loc     0x0000000000000b72      0x410 ./hbird_sdk/SoC/hbirdv2/Common/Source/system_hbirdv2.o
 .debug_loc     0x0000000000000f82     0x14fc ./application/core_list_join.o
 .debug_loc     0x000000000000247e      0x37d ./application/core_main.o
 .debug_loc     0x00000000000027fb     0x2a07 ./application/core_matrix.o
 .debug_loc     0x0000000000005202       0x18 ./application/core_portme.o
 .debug_loc     0x000000000000521a      0x3f3 ./application/core_state.o
 .debug_loc     0x000000000000560d      0x28f ./application/core_util.o
 .debug_loc     0x000000000000589c      0xbdd e:/vmshare/e203/nucleistudio/toolchain/gcc/bin/../lib/gcc/riscv-nuclei-elf/10.1.0/rv32im/ilp32\libgcc.a(_udivdi3.o)
 .debug_loc     0x0000000000006479     0x1494 e:/vmshare/e203/nucleistudio/toolchain/gcc/bin/../lib/gcc/riscv-nuclei-elf/10.1.0/rv32im/ilp32\libgcc.a(divdf3.o)
 .debug_loc     0x000000000000790d      0x135 e:/vmshare/e203/nucleistudio/toolchain/gcc/bin/../lib/gcc/riscv-nuclei-elf/10.1.0/rv32im/ilp32\libgcc.a(gedf2.o)
 .debug_loc     0x0000000000007a42      0x135 e:/vmshare/e203/nucleistudio/toolchain/gcc/bin/../lib/gcc/riscv-nuclei-elf/10.1.0/rv32im/ilp32\libgcc.a(ledf2.o)
 .debug_loc     0x0000000000007b77       0xe7 e:/vmshare/e203/nucleistudio/toolchain/gcc/bin/../lib/gcc/riscv-nuclei-elf/10.1.0/rv32im/ilp32\libgcc.a(fixunsdfsi.o)
 .debug_loc     0x0000000000007c5e      0x14f e:/vmshare/e203/nucleistudio/toolchain/gcc/bin/../lib/gcc/riscv-nuclei-elf/10.1.0/rv32im/ilp32\libgcc.a(floatunsidf.o)
 .debug_loc     0x0000000000007dad      0x322 e:/vmshare/e203/nucleistudio/toolchain/gcc/bin/../lib/gcc/riscv-nuclei-elf/10.1.0/rv32im/ilp32\libgcc.a(floatundidf.o)
 .debug_loc     0x00000000000080cf      0x74d e:/vmshare/e203/nucleistudio/toolchain/gcc/bin/../lib/gcc/riscv-nuclei-elf/10.1.0/rv32im/ilp32\libgcc.a(divsf3.o)
 .debug_loc     0x000000000000881c      0x1c8 e:/vmshare/e203/nucleistudio/toolchain/gcc/bin/../lib/gcc/riscv-nuclei-elf/10.1.0/rv32im/ilp32\libgcc.a(floatundisf.o)
 .debug_loc     0x00000000000089e4      0x202 e:/vmshare/e203/nucleistudio/toolchain/gcc/bin/../lib/gcc/riscv-nuclei-elf/10.1.0/rv32im/ilp32\libgcc.a(extendsfdf2.o)
 .debug_loc     0x0000000000008be6       0x7e e:/vmshare/e203/nucleistudio/toolchain/gcc/bin/../lib/gcc/riscv-nuclei-elf/10.1.0/rv32im/ilp32\libgcc.a(_lshrdi3.o)
 .debug_loc     0x0000000000008c64       0x7e e:/vmshare/e203/nucleistudio/toolchain/gcc/bin/../lib/gcc/riscv-nuclei-elf/10.1.0/rv32im/ilp32\libgcc.a(_ashldi3.o)
 .debug_loc     0x0000000000008ce2       0x6b e:/vmshare/e203/nucleistudio/toolchain/gcc/bin/../lib/gcc/riscv-nuclei-elf/10.1.0/rv32im/ilp32\libgcc.a(_clzsi2.o)
 .debug_loc     0x0000000000008d4d     0x11ec e:/vmshare/e203/nucleistudio/toolchain/gcc/bin/../lib/gcc/riscv-nuclei-elf/10.1.0/rv32im/ilp32\libgcc.a(adddf3.o)
 .debug_loc     0x0000000000009f39       0xa4 e:/vmshare/e203/nucleistudio/toolchain/gcc/bin/../lib/gcc/riscv-nuclei-elf/10.1.0/rv32im/ilp32\libgcc.a(eqdf2.o)
 .debug_loc     0x0000000000009fdd      0xd56 e:/vmshare/e203/nucleistudio/toolchain/gcc/bin/../lib/gcc/riscv-nuclei-elf/10.1.0/rv32im/ilp32\libgcc.a(muldf3.o)
 .debug_loc     0x000000000000ad33     0x114d e:/vmshare/e203/nucleistudio/toolchain/gcc/bin/../lib/gcc/riscv-nuclei-elf/10.1.0/rv32im/ilp32\libgcc.a(subdf3.o)
 .debug_loc     0x000000000000be80       0x61 e:/vmshare/e203/nucleistudio/toolchain/gcc/bin/../lib/gcc/riscv-nuclei-elf/10.1.0/rv32im/ilp32\libgcc.a(unorddf2.o)
 .debug_loc     0x000000000000bee1      0x181 e:/vmshare/e203/nucleistudio/toolchain/gcc/bin/../lib/gcc/riscv-nuclei-elf/10.1.0/rv32im/ilp32\libgcc.a(fixdfsi.o)
 .debug_loc     0x000000000000c062      0x159 e:/vmshare/e203/nucleistudio/toolchain/gcc/bin/../lib/gcc/riscv-nuclei-elf/10.1.0/rv32im/ilp32\libgcc.a(floatsidf.o)
 .debug_loc     0x000000000000c1bb      0x56d e:/vmshare/e203/nucleistudio/toolchain/gcc/bin/../lib/gcc/riscv-nuclei-elf/10.1.0/rv32im/ilp32\libgcc.a(trunctfdf2.o)

.debug_aranges  0x0000000000000000      0x7a8
 .debug_aranges
                0x0000000000000000       0x20 ./hbird_sdk/SoC/hbirdv2/Common/Source/Stubs/close.o
 .debug_aranges
                0x0000000000000020       0x20 ./hbird_sdk/SoC/hbirdv2/Common/Source/Stubs/exit.o
 .debug_aranges
                0x0000000000000040       0x20 ./hbird_sdk/SoC/hbirdv2/Common/Source/Stubs/fstat.o
 .debug_aranges
                0x0000000000000060       0x20 ./hbird_sdk/SoC/hbirdv2/Common/Source/Stubs/getpid.o
 .debug_aranges
                0x0000000000000080       0x20 ./hbird_sdk/SoC/hbirdv2/Common/Source/Stubs/isatty.o
 .debug_aranges
                0x00000000000000a0       0x20 ./hbird_sdk/SoC/hbirdv2/Common/Source/Stubs/kill.o
 .debug_aranges
                0x00000000000000c0       0x20 ./hbird_sdk/SoC/hbirdv2/Common/Source/Stubs/lseek.o
 .debug_aranges
                0x00000000000000e0       0x20 ./hbird_sdk/SoC/hbirdv2/Common/Source/Stubs/read.o
 .debug_aranges
                0x0000000000000100       0x20 ./hbird_sdk/SoC/hbirdv2/Common/Source/Stubs/sbrk.o
 .debug_aranges
                0x0000000000000120       0x20 ./hbird_sdk/SoC/hbirdv2/Common/Source/Stubs/write.o
 .debug_aranges
                0x0000000000000140       0x20 ./hbird_sdk/SoC/hbirdv2/Common/Source/GCC/intexc_hbirdv2.o
 .debug_aranges
                0x0000000000000160       0x20 ./hbird_sdk/SoC/hbirdv2/Common/Source/GCC/startup_hbirdv2.o
 .debug_aranges
                0x0000000000000180       0x60 ./hbird_sdk/SoC/hbirdv2/Common/Source/Drivers/hbirdv2_gpio.o
 .debug_aranges
                0x00000000000001e0       0x98 ./hbird_sdk/SoC/hbirdv2/Common/Source/Drivers/hbirdv2_uart.o
 .debug_aranges
                0x0000000000000278       0x30 ./hbird_sdk/SoC/hbirdv2/Common/Source/hbirdv2_common.o
 .debug_aranges
                0x00000000000002a8       0x98 ./hbird_sdk/SoC/hbirdv2/Common/Source/system_hbirdv2.o
 .debug_aranges
                0x0000000000000340       0x78 ./application/core_list_join.o
 .debug_aranges
                0x00000000000003b8       0x28 ./application/core_main.o
 .debug_aranges
                0x00000000000003e0       0x60 ./application/core_matrix.o
 .debug_aranges
                0x0000000000000440       0x38 ./application/core_portme.o
 .debug_aranges
                0x0000000000000478       0x30 ./application/core_state.o
 .debug_aranges
                0x00000000000004a8       0x48 ./application/core_util.o
 .debug_aranges
                0x00000000000004f0       0x20 e:/vmshare/e203/nucleistudio/toolchain/gcc/bin/../lib/gcc/riscv-nuclei-elf/10.1.0/rv32im/ilp32\libgcc.a(_udivdi3.o)
 .debug_aranges
                0x0000000000000510       0x20 e:/vmshare/e203/nucleistudio/toolchain/gcc/bin/../lib/gcc/riscv-nuclei-elf/10.1.0/rv32im/ilp32\libgcc.a(divdf3.o)
 .debug_aranges
                0x0000000000000530       0x20 e:/vmshare/e203/nucleistudio/toolchain/gcc/bin/../lib/gcc/riscv-nuclei-elf/10.1.0/rv32im/ilp32\libgcc.a(gedf2.o)
 .debug_aranges
                0x0000000000000550       0x20 e:/vmshare/e203/nucleistudio/toolchain/gcc/bin/../lib/gcc/riscv-nuclei-elf/10.1.0/rv32im/ilp32\libgcc.a(ledf2.o)
 .debug_aranges
                0x0000000000000570       0x20 e:/vmshare/e203/nucleistudio/toolchain/gcc/bin/../lib/gcc/riscv-nuclei-elf/10.1.0/rv32im/ilp32\libgcc.a(fixunsdfsi.o)
 .debug_aranges
                0x0000000000000590       0x20 e:/vmshare/e203/nucleistudio/toolchain/gcc/bin/../lib/gcc/riscv-nuclei-elf/10.1.0/rv32im/ilp32\libgcc.a(floatunsidf.o)
 .debug_aranges
                0x00000000000005b0       0x20 e:/vmshare/e203/nucleistudio/toolchain/gcc/bin/../lib/gcc/riscv-nuclei-elf/10.1.0/rv32im/ilp32\libgcc.a(floatundidf.o)
 .debug_aranges
                0x00000000000005d0       0x20 e:/vmshare/e203/nucleistudio/toolchain/gcc/bin/../lib/gcc/riscv-nuclei-elf/10.1.0/rv32im/ilp32\libgcc.a(divsf3.o)
 .debug_aranges
                0x00000000000005f0       0x20 e:/vmshare/e203/nucleistudio/toolchain/gcc/bin/../lib/gcc/riscv-nuclei-elf/10.1.0/rv32im/ilp32\libgcc.a(floatundisf.o)
 .debug_aranges
                0x0000000000000610       0x20 e:/vmshare/e203/nucleistudio/toolchain/gcc/bin/../lib/gcc/riscv-nuclei-elf/10.1.0/rv32im/ilp32\libgcc.a(extendsfdf2.o)
 .debug_aranges
                0x0000000000000630       0x20 e:/vmshare/e203/nucleistudio/toolchain/gcc/bin/../lib/gcc/riscv-nuclei-elf/10.1.0/rv32im/ilp32\libgcc.a(_lshrdi3.o)
 .debug_aranges
                0x0000000000000650       0x20 e:/vmshare/e203/nucleistudio/toolchain/gcc/bin/../lib/gcc/riscv-nuclei-elf/10.1.0/rv32im/ilp32\libgcc.a(_ashldi3.o)
 .debug_aranges
                0x0000000000000670       0x18 e:/vmshare/e203/nucleistudio/toolchain/gcc/bin/../lib/gcc/riscv-nuclei-elf/10.1.0/rv32im/ilp32\libgcc.a(_clz.o)
 .debug_aranges
                0x0000000000000688       0x20 e:/vmshare/e203/nucleistudio/toolchain/gcc/bin/../lib/gcc/riscv-nuclei-elf/10.1.0/rv32im/ilp32\libgcc.a(_clzsi2.o)
 .debug_aranges
                0x00000000000006a8       0x20 e:/vmshare/e203/nucleistudio/toolchain/gcc/bin/../lib/gcc/riscv-nuclei-elf/10.1.0/rv32im/ilp32\libgcc.a(adddf3.o)
 .debug_aranges
                0x00000000000006c8       0x20 e:/vmshare/e203/nucleistudio/toolchain/gcc/bin/../lib/gcc/riscv-nuclei-elf/10.1.0/rv32im/ilp32\libgcc.a(eqdf2.o)
 .debug_aranges
                0x00000000000006e8       0x20 e:/vmshare/e203/nucleistudio/toolchain/gcc/bin/../lib/gcc/riscv-nuclei-elf/10.1.0/rv32im/ilp32\libgcc.a(muldf3.o)
 .debug_aranges
                0x0000000000000708       0x20 e:/vmshare/e203/nucleistudio/toolchain/gcc/bin/../lib/gcc/riscv-nuclei-elf/10.1.0/rv32im/ilp32\libgcc.a(subdf3.o)
 .debug_aranges
                0x0000000000000728       0x20 e:/vmshare/e203/nucleistudio/toolchain/gcc/bin/../lib/gcc/riscv-nuclei-elf/10.1.0/rv32im/ilp32\libgcc.a(unorddf2.o)
 .debug_aranges
                0x0000000000000748       0x20 e:/vmshare/e203/nucleistudio/toolchain/gcc/bin/../lib/gcc/riscv-nuclei-elf/10.1.0/rv32im/ilp32\libgcc.a(fixdfsi.o)
 .debug_aranges
                0x0000000000000768       0x20 e:/vmshare/e203/nucleistudio/toolchain/gcc/bin/../lib/gcc/riscv-nuclei-elf/10.1.0/rv32im/ilp32\libgcc.a(floatsidf.o)
 .debug_aranges
                0x0000000000000788       0x20 e:/vmshare/e203/nucleistudio/toolchain/gcc/bin/../lib/gcc/riscv-nuclei-elf/10.1.0/rv32im/ilp32\libgcc.a(trunctfdf2.o)

.debug_ranges   0x0000000000000000     0x2500
 .debug_ranges  0x0000000000000000       0x10 ./hbird_sdk/SoC/hbirdv2/Common/Source/Stubs/close.o
 .debug_ranges  0x0000000000000010       0x10 ./hbird_sdk/SoC/hbirdv2/Common/Source/Stubs/exit.o
 .debug_ranges  0x0000000000000020       0x10 ./hbird_sdk/SoC/hbirdv2/Common/Source/Stubs/fstat.o
 .debug_ranges  0x0000000000000030       0x10 ./hbird_sdk/SoC/hbirdv2/Common/Source/Stubs/getpid.o
 .debug_ranges  0x0000000000000040       0x10 ./hbird_sdk/SoC/hbirdv2/Common/Source/Stubs/isatty.o
 .debug_ranges  0x0000000000000050       0x10 ./hbird_sdk/SoC/hbirdv2/Common/Source/Stubs/kill.o
 .debug_ranges  0x0000000000000060       0x10 ./hbird_sdk/SoC/hbirdv2/Common/Source/Stubs/lseek.o
 .debug_ranges  0x0000000000000070       0x10 ./hbird_sdk/SoC/hbirdv2/Common/Source/Stubs/read.o
 .debug_ranges  0x0000000000000080       0x10 ./hbird_sdk/SoC/hbirdv2/Common/Source/Stubs/sbrk.o
 .debug_ranges  0x0000000000000090       0x28 ./hbird_sdk/SoC/hbirdv2/Common/Source/Stubs/write.o
 .debug_ranges  0x00000000000000b8       0x50 ./hbird_sdk/SoC/hbirdv2/Common/Source/Drivers/hbirdv2_gpio.o
 .debug_ranges  0x0000000000000108       0x88 ./hbird_sdk/SoC/hbirdv2/Common/Source/Drivers/hbirdv2_uart.o
 .debug_ranges  0x0000000000000190      0x3e0 ./hbird_sdk/SoC/hbirdv2/Common/Source/hbirdv2_common.o
 .debug_ranges  0x0000000000000570      0x348 ./hbird_sdk/SoC/hbirdv2/Common/Source/system_hbirdv2.o
 .debug_ranges  0x00000000000008b8      0x458 ./application/core_list_join.o
 .debug_ranges  0x0000000000000d10       0x90 ./application/core_main.o
 .debug_ranges  0x0000000000000da0      0x408 ./application/core_matrix.o
 .debug_ranges  0x00000000000011a8       0x58 ./application/core_portme.o
 .debug_ranges  0x0000000000001200      0x2f0 ./application/core_state.o
 .debug_ranges  0x00000000000014f0      0x1d0 ./application/core_util.o
 .debug_ranges  0x00000000000016c0       0xf8 e:/vmshare/e203/nucleistudio/toolchain/gcc/bin/../lib/gcc/riscv-nuclei-elf/10.1.0/rv32im/ilp32\libgcc.a(_udivdi3.o)
 .debug_ranges  0x00000000000017b8      0x198 e:/vmshare/e203/nucleistudio/toolchain/gcc/bin/../lib/gcc/riscv-nuclei-elf/10.1.0/rv32im/ilp32\libgcc.a(divdf3.o)
 .debug_ranges  0x0000000000001950       0x50 e:/vmshare/e203/nucleistudio/toolchain/gcc/bin/../lib/gcc/riscv-nuclei-elf/10.1.0/rv32im/ilp32\libgcc.a(gedf2.o)
 .debug_ranges  0x00000000000019a0       0x50 e:/vmshare/e203/nucleistudio/toolchain/gcc/bin/../lib/gcc/riscv-nuclei-elf/10.1.0/rv32im/ilp32\libgcc.a(ledf2.o)
 .debug_ranges  0x00000000000019f0       0x20 e:/vmshare/e203/nucleistudio/toolchain/gcc/bin/../lib/gcc/riscv-nuclei-elf/10.1.0/rv32im/ilp32\libgcc.a(fixunsdfsi.o)
 .debug_ranges  0x0000000000001a10       0x70 e:/vmshare/e203/nucleistudio/toolchain/gcc/bin/../lib/gcc/riscv-nuclei-elf/10.1.0/rv32im/ilp32\libgcc.a(floatunsidf.o)
 .debug_ranges  0x0000000000001a80       0x68 e:/vmshare/e203/nucleistudio/toolchain/gcc/bin/../lib/gcc/riscv-nuclei-elf/10.1.0/rv32im/ilp32\libgcc.a(floatundidf.o)
 .debug_ranges  0x0000000000001ae8       0xc0 e:/vmshare/e203/nucleistudio/toolchain/gcc/bin/../lib/gcc/riscv-nuclei-elf/10.1.0/rv32im/ilp32\libgcc.a(divsf3.o)
 .debug_ranges  0x0000000000001ba8       0x68 e:/vmshare/e203/nucleistudio/toolchain/gcc/bin/../lib/gcc/riscv-nuclei-elf/10.1.0/rv32im/ilp32\libgcc.a(floatundisf.o)
 .debug_ranges  0x0000000000001c10       0x38 e:/vmshare/e203/nucleistudio/toolchain/gcc/bin/../lib/gcc/riscv-nuclei-elf/10.1.0/rv32im/ilp32\libgcc.a(extendsfdf2.o)
 .debug_ranges  0x0000000000001c48       0x20 e:/vmshare/e203/nucleistudio/toolchain/gcc/bin/../lib/gcc/riscv-nuclei-elf/10.1.0/rv32im/ilp32\libgcc.a(_clzsi2.o)
 .debug_ranges  0x0000000000001c68      0x248 e:/vmshare/e203/nucleistudio/toolchain/gcc/bin/../lib/gcc/riscv-nuclei-elf/10.1.0/rv32im/ilp32\libgcc.a(adddf3.o)
 .debug_ranges  0x0000000000001eb0       0x48 e:/vmshare/e203/nucleistudio/toolchain/gcc/bin/../lib/gcc/riscv-nuclei-elf/10.1.0/rv32im/ilp32\libgcc.a(eqdf2.o)
 .debug_ranges  0x0000000000001ef8      0x1e0 e:/vmshare/e203/nucleistudio/toolchain/gcc/bin/../lib/gcc/riscv-nuclei-elf/10.1.0/rv32im/ilp32\libgcc.a(muldf3.o)
 .debug_ranges  0x00000000000020d8      0x250 e:/vmshare/e203/nucleistudio/toolchain/gcc/bin/../lib/gcc/riscv-nuclei-elf/10.1.0/rv32im/ilp32\libgcc.a(subdf3.o)
 .debug_ranges  0x0000000000002328       0x38 e:/vmshare/e203/nucleistudio/toolchain/gcc/bin/../lib/gcc/riscv-nuclei-elf/10.1.0/rv32im/ilp32\libgcc.a(unorddf2.o)
 .debug_ranges  0x0000000000002360       0x18 e:/vmshare/e203/nucleistudio/toolchain/gcc/bin/../lib/gcc/riscv-nuclei-elf/10.1.0/rv32im/ilp32\libgcc.a(fixdfsi.o)
 .debug_ranges  0x0000000000002378       0x68 e:/vmshare/e203/nucleistudio/toolchain/gcc/bin/../lib/gcc/riscv-nuclei-elf/10.1.0/rv32im/ilp32\libgcc.a(floatsidf.o)
 .debug_ranges  0x00000000000023e0      0x120 e:/vmshare/e203/nucleistudio/toolchain/gcc/bin/../lib/gcc/riscv-nuclei-elf/10.1.0/rv32im/ilp32\libgcc.a(trunctfdf2.o)

.debug_line     0x0000000000000000    0x14810
 .debug_line    0x0000000000000000       0x75 ./hbird_sdk/SoC/hbirdv2/Common/Source/Stubs/close.o
 .debug_line    0x0000000000000075       0xcf ./hbird_sdk/SoC/hbirdv2/Common/Source/Stubs/exit.o
 .debug_line    0x0000000000000144      0x19d ./hbird_sdk/SoC/hbirdv2/Common/Source/Stubs/fstat.o
 .debug_line    0x00000000000002e1       0x6c ./hbird_sdk/SoC/hbirdv2/Common/Source/Stubs/getpid.o
 .debug_line    0x000000000000034d       0x6c ./hbird_sdk/SoC/hbirdv2/Common/Source/Stubs/isatty.o
 .debug_line    0x00000000000003b9       0x74 ./hbird_sdk/SoC/hbirdv2/Common/Source/Stubs/kill.o
 .debug_line    0x000000000000042d       0x6b ./hbird_sdk/SoC/hbirdv2/Common/Source/Stubs/lseek.o
 .debug_line    0x0000000000000498      0x253 ./hbird_sdk/SoC/hbirdv2/Common/Source/Stubs/read.o
 .debug_line    0x00000000000006eb      0x10f ./hbird_sdk/SoC/hbirdv2/Common/Source/Stubs/sbrk.o
 .debug_line    0x00000000000007fa      0x576 ./hbird_sdk/SoC/hbirdv2/Common/Source/Stubs/write.o
 .debug_line    0x0000000000000d70       0x97 ./hbird_sdk/SoC/hbirdv2/Common/Source/GCC/intexc_hbirdv2.o
 .debug_line    0x0000000000000e07      0x163 ./hbird_sdk/SoC/hbirdv2/Common/Source/GCC/startup_hbirdv2.o
 .debug_line    0x0000000000000f6a      0x51a ./hbird_sdk/SoC/hbirdv2/Common/Source/Drivers/hbirdv2_gpio.o
 .debug_line    0x0000000000001484      0x888 ./hbird_sdk/SoC/hbirdv2/Common/Source/Drivers/hbirdv2_uart.o
 .debug_line    0x0000000000001d0c      0xa07 ./hbird_sdk/SoC/hbirdv2/Common/Source/hbirdv2_common.o
 .debug_line    0x0000000000002713      0xc02 ./hbird_sdk/SoC/hbirdv2/Common/Source/system_hbirdv2.o
 .debug_line    0x0000000000003315     0x20af ./application/core_list_join.o
 .debug_line    0x00000000000053c4      0xe67 ./application/core_main.o
 .debug_line    0x000000000000622b     0x49c5 ./application/core_matrix.o
 .debug_line    0x000000000000abf0      0x379 ./application/core_portme.o
 .debug_line    0x000000000000af69     0x1247 ./application/core_state.o
 .debug_line    0x000000000000c1b0      0xded ./application/core_util.o
 .debug_line    0x000000000000cf9d      0x772 e:/vmshare/e203/nucleistudio/toolchain/gcc/bin/../lib/gcc/riscv-nuclei-elf/10.1.0/rv32im/ilp32\libgcc.a(_udivdi3.o)
 .debug_line    0x000000000000d70f      0xf8d e:/vmshare/e203/nucleistudio/toolchain/gcc/bin/../lib/gcc/riscv-nuclei-elf/10.1.0/rv32im/ilp32\libgcc.a(divdf3.o)
 .debug_line    0x000000000000e69c      0x308 e:/vmshare/e203/nucleistudio/toolchain/gcc/bin/../lib/gcc/riscv-nuclei-elf/10.1.0/rv32im/ilp32\libgcc.a(gedf2.o)
 .debug_line    0x000000000000e9a4      0x308 e:/vmshare/e203/nucleistudio/toolchain/gcc/bin/../lib/gcc/riscv-nuclei-elf/10.1.0/rv32im/ilp32\libgcc.a(ledf2.o)
 .debug_line    0x000000000000ecac      0x1c8 e:/vmshare/e203/nucleistudio/toolchain/gcc/bin/../lib/gcc/riscv-nuclei-elf/10.1.0/rv32im/ilp32\libgcc.a(fixunsdfsi.o)
 .debug_line    0x000000000000ee74      0x291 e:/vmshare/e203/nucleistudio/toolchain/gcc/bin/../lib/gcc/riscv-nuclei-elf/10.1.0/rv32im/ilp32\libgcc.a(floatunsidf.o)
 .debug_line    0x000000000000f105      0x48a e:/vmshare/e203/nucleistudio/toolchain/gcc/bin/../lib/gcc/riscv-nuclei-elf/10.1.0/rv32im/ilp32\libgcc.a(floatundidf.o)
 .debug_line    0x000000000000f58f      0x867 e:/vmshare/e203/nucleistudio/toolchain/gcc/bin/../lib/gcc/riscv-nuclei-elf/10.1.0/rv32im/ilp32\libgcc.a(divsf3.o)
 .debug_line    0x000000000000fdf6      0x39f e:/vmshare/e203/nucleistudio/toolchain/gcc/bin/../lib/gcc/riscv-nuclei-elf/10.1.0/rv32im/ilp32\libgcc.a(floatundisf.o)
 .debug_line    0x0000000000010195      0x3c8 e:/vmshare/e203/nucleistudio/toolchain/gcc/bin/../lib/gcc/riscv-nuclei-elf/10.1.0/rv32im/ilp32\libgcc.a(extendsfdf2.o)
 .debug_line    0x000000000001055d      0x150 e:/vmshare/e203/nucleistudio/toolchain/gcc/bin/../lib/gcc/riscv-nuclei-elf/10.1.0/rv32im/ilp32\libgcc.a(_lshrdi3.o)
 .debug_line    0x00000000000106ad      0x150 e:/vmshare/e203/nucleistudio/toolchain/gcc/bin/../lib/gcc/riscv-nuclei-elf/10.1.0/rv32im/ilp32\libgcc.a(_ashldi3.o)
 .debug_line    0x00000000000107fd       0x7c e:/vmshare/e203/nucleistudio/toolchain/gcc/bin/../lib/gcc/riscv-nuclei-elf/10.1.0/rv32im/ilp32\libgcc.a(_clz.o)
 .debug_line    0x0000000000010879      0x108 e:/vmshare/e203/nucleistudio/toolchain/gcc/bin/../lib/gcc/riscv-nuclei-elf/10.1.0/rv32im/ilp32\libgcc.a(_clzsi2.o)
 .debug_line    0x0000000000010981     0x1036 e:/vmshare/e203/nucleistudio/toolchain/gcc/bin/../lib/gcc/riscv-nuclei-elf/10.1.0/rv32im/ilp32\libgcc.a(adddf3.o)
 .debug_line    0x00000000000119b7      0x273 e:/vmshare/e203/nucleistudio/toolchain/gcc/bin/../lib/gcc/riscv-nuclei-elf/10.1.0/rv32im/ilp32\libgcc.a(eqdf2.o)
 .debug_line    0x0000000000011c2a      0xdc8 e:/vmshare/e203/nucleistudio/toolchain/gcc/bin/../lib/gcc/riscv-nuclei-elf/10.1.0/rv32im/ilp32\libgcc.a(muldf3.o)
 .debug_line    0x00000000000129f2     0x109b e:/vmshare/e203/nucleistudio/toolchain/gcc/bin/../lib/gcc/riscv-nuclei-elf/10.1.0/rv32im/ilp32\libgcc.a(subdf3.o)
 .debug_line    0x0000000000013a8d      0x1be e:/vmshare/e203/nucleistudio/toolchain/gcc/bin/../lib/gcc/riscv-nuclei-elf/10.1.0/rv32im/ilp32\libgcc.a(unorddf2.o)
 .debug_line    0x0000000000013c4b      0x237 e:/vmshare/e203/nucleistudio/toolchain/gcc/bin/../lib/gcc/riscv-nuclei-elf/10.1.0/rv32im/ilp32\libgcc.a(fixdfsi.o)
 .debug_line    0x0000000000013e82      0x271 e:/vmshare/e203/nucleistudio/toolchain/gcc/bin/../lib/gcc/riscv-nuclei-elf/10.1.0/rv32im/ilp32\libgcc.a(floatsidf.o)
 .debug_line    0x00000000000140f3      0x71d e:/vmshare/e203/nucleistudio/toolchain/gcc/bin/../lib/gcc/riscv-nuclei-elf/10.1.0/rv32im/ilp32\libgcc.a(trunctfdf2.o)

.debug_str      0x0000000000000000     0x27ca
 .debug_str     0x0000000000000000      0x239 ./hbird_sdk/SoC/hbirdv2/Common/Source/Stubs/close.o
                                        0x27e (size before relaxing)
 .debug_str     0x0000000000000239       0x40 ./hbird_sdk/SoC/hbirdv2/Common/Source/Stubs/exit.o
                                        0x277 (size before relaxing)
 .debug_str     0x0000000000000279      0x141 ./hbird_sdk/SoC/hbirdv2/Common/Source/Stubs/fstat.o
                                        0x3cf (size before relaxing)
 .debug_str     0x00000000000003ba       0x3e ./hbird_sdk/SoC/hbirdv2/Common/Source/Stubs/getpid.o
                                        0x27a (size before relaxing)
 .debug_str     0x00000000000003f8       0x3e ./hbird_sdk/SoC/hbirdv2/Common/Source/Stubs/isatty.o
                                        0x27a (size before relaxing)
 .debug_str     0x0000000000000436       0x3a ./hbird_sdk/SoC/hbirdv2/Common/Source/Stubs/kill.o
                                        0x27c (size before relaxing)
 .debug_str     0x0000000000000470       0x4a ./hbird_sdk/SoC/hbirdv2/Common/Source/Stubs/lseek.o
                                        0x28b (size before relaxing)
 .debug_str     0x00000000000004ba       0x66 ./hbird_sdk/SoC/hbirdv2/Common/Source/Stubs/read.o
                                        0x2d3 (size before relaxing)
 .debug_str     0x0000000000000520       0x5a ./hbird_sdk/SoC/hbirdv2/Common/Source/Stubs/sbrk.o
                                        0x29b (size before relaxing)
 .debug_str     0x000000000000057a       0x49 ./hbird_sdk/SoC/hbirdv2/Common/Source/Stubs/write.o
                                        0x2de (size before relaxing)
 .debug_str     0x00000000000005c3       0x48 ./hbird_sdk/SoC/hbirdv2/Common/Source/GCC/intexc_hbirdv2.o
                                         0x76 (size before relaxing)
 .debug_str     0x000000000000060b       0x3d ./hbird_sdk/SoC/hbirdv2/Common/Source/GCC/startup_hbirdv2.o
                                         0x77 (size before relaxing)
 .debug_str     0x0000000000000648      0x18d ./hbird_sdk/SoC/hbirdv2/Common/Source/Drivers/hbirdv2_gpio.o
                                        0x3e5 (size before relaxing)
 .debug_str     0x00000000000007d5      0x204 ./hbird_sdk/SoC/hbirdv2/Common/Source/Drivers/hbirdv2_uart.o
                                        0x4a7 (size before relaxing)
 .debug_str     0x00000000000009d9      0x122 ./hbird_sdk/SoC/hbirdv2/Common/Source/hbirdv2_common.o
                                        0x385 (size before relaxing)
 .debug_str     0x0000000000000afb      0x596 ./hbird_sdk/SoC/hbirdv2/Common/Source/system_hbirdv2.o
                                        0x8c6 (size before relaxing)
 .debug_str     0x0000000000001091      0x2de ./application/core_list_join.o
                                        0x594 (size before relaxing)
 .debug_str     0x000000000000136f      0x1d3 ./application/core_main.o
                                        0x5af (size before relaxing)
 .debug_str     0x0000000000001542       0xcc ./application/core_matrix.o
                                        0x3c8 (size before relaxing)
 .debug_str     0x000000000000160e       0xa1 ./application/core_portme.o
                                        0x38d (size before relaxing)
 .debug_str     0x00000000000016af      0x126 ./application/core_state.o
                                        0x427 (size before relaxing)
 .debug_str     0x00000000000017d5       0x2e ./application/core_util.o
                                        0x357 (size before relaxing)
 .debug_str     0x0000000000001803      0x277 e:/vmshare/e203/nucleistudio/toolchain/gcc/bin/../lib/gcc/riscv-nuclei-elf/10.1.0/rv32im/ilp32\libgcc.a(_udivdi3.o)
                                        0x33f (size before relaxing)
 .debug_str     0x0000000000001a7a      0x2e9 e:/vmshare/e203/nucleistudio/toolchain/gcc/bin/../lib/gcc/riscv-nuclei-elf/10.1.0/rv32im/ilp32\libgcc.a(divdf3.o)
                                        0x442 (size before relaxing)
 .debug_str     0x0000000000001d63       0xa0 e:/vmshare/e203/nucleistudio/toolchain/gcc/bin/../lib/gcc/riscv-nuclei-elf/10.1.0/rv32im/ilp32\libgcc.a(gedf2.o)
                                        0x2b5 (size before relaxing)
 .debug_str     0x0000000000001e03       0x5d e:/vmshare/e203/nucleistudio/toolchain/gcc/bin/../lib/gcc/riscv-nuclei-elf/10.1.0/rv32im/ilp32\libgcc.a(ledf2.o)
                                        0x2b5 (size before relaxing)
 .debug_str     0x0000000000001e60       0x6d e:/vmshare/e203/nucleistudio/toolchain/gcc/bin/../lib/gcc/riscv-nuclei-elf/10.1.0/rv32im/ilp32\libgcc.a(fixunsdfsi.o)
                                        0x28d (size before relaxing)
 .debug_str     0x0000000000001ecd      0x10c e:/vmshare/e203/nucleistudio/toolchain/gcc/bin/../lib/gcc/riscv-nuclei-elf/10.1.0/rv32im/ilp32\libgcc.a(floatunsidf.o)
                                        0x32a (size before relaxing)
 .debug_str     0x0000000000001fd9       0x6f e:/vmshare/e203/nucleistudio/toolchain/gcc/bin/../lib/gcc/riscv-nuclei-elf/10.1.0/rv32im/ilp32\libgcc.a(floatundidf.o)
                                        0x348 (size before relaxing)
 .debug_str     0x0000000000002048      0x136 e:/vmshare/e203/nucleistudio/toolchain/gcc/bin/../lib/gcc/riscv-nuclei-elf/10.1.0/rv32im/ilp32\libgcc.a(divsf3.o)
                                        0x3ad (size before relaxing)
 .debug_str     0x000000000000217e       0x70 e:/vmshare/e203/nucleistudio/toolchain/gcc/bin/../lib/gcc/riscv-nuclei-elf/10.1.0/rv32im/ilp32\libgcc.a(floatundisf.o)
                                        0x31f (size before relaxing)
 .debug_str     0x00000000000021ee       0x68 e:/vmshare/e203/nucleistudio/toolchain/gcc/bin/../lib/gcc/riscv-nuclei-elf/10.1.0/rv32im/ilp32\libgcc.a(extendsfdf2.o)
                                        0x2bb (size before relaxing)
 .debug_str     0x0000000000002256       0x19 e:/vmshare/e203/nucleistudio/toolchain/gcc/bin/../lib/gcc/riscv-nuclei-elf/10.1.0/rv32im/ilp32\libgcc.a(_lshrdi3.o)