Archive member included to satisfy reference by file (symbol)

e:/vmshare/e203/nucleistudio/toolchain/gcc/bin/../lib/gcc/riscv-nuclei-elf/10.1.0/rv32imac/ilp32\libgcc.a(_divdi3.o)
                              ./hbird_sdk/SoC/hbirdv2/Common/Source/Stubs/gettimeofday.o (__divdi3)
e:/vmshare/e203/nucleistudio/toolchain/gcc/bin/../lib/gcc/riscv-nuclei-elf/10.1.0/rv32imac/ilp32\libgcc.a(_udivdi3.o)
                              ./hbird_sdk/SoC/hbirdv2/Common/Source/Stubs/gettimeofday.o (__udivdi3)
e:/vmshare/e203/nucleistudio/toolchain/gcc/bin/../lib/gcc/riscv-nuclei-elf/10.1.0/rv32imac/ilp32\libgcc.a(_umoddi3.o)
                              ./hbird_sdk/SoC/hbirdv2/Common/Source/Stubs/gettimeofday.o (__umoddi3)
e:/vmshare/e203/nucleistudio/toolchain/gcc/bin/../lib/gcc/riscv-nuclei-elf/10.1.0/rv32imac/ilp32\libgcc.a(_clz.o)
                              e:/vmshare/e203/nucleistudio/toolchain/gcc/bin/../lib/gcc/riscv-nuclei-elf/10.1.0/rv32imac/ilp32\libgcc.a(_divdi3.o) (__clz_tab)
e:/vmshare/e203/nucleistudio/toolchain/gcc/bin/../lib/gcc/riscv-nuclei-elf/10.1.0/../../../../riscv-nuclei-elf/lib/rv32imac/ilp32\libg_nano.a(lib_a-atexit.o)
                              ./hbird_sdk/SoC/hbirdv2/Common/Source/GCC/startup_hbirdv2.o (atexit)
e:/vmshare/e203/nucleistudio/toolchain/gcc/bin/../lib/gcc/riscv-nuclei-elf/10.1.0/../../../../riscv-nuclei-elf/lib/rv32imac/ilp32\libg_nano.a(lib_a-fini.o)
                              ./hbird_sdk/SoC/hbirdv2/Common/Source/GCC/startup_hbirdv2.o (__libc_fini_array)
e:/vmshare/e203/nucleistudio/toolchain/gcc/bin/../lib/gcc/riscv-nuclei-elf/10.1.0/../../../../riscv-nuclei-elf/lib/rv32imac/ilp32\libg_nano.a(lib_a-init.o)
                              ./hbird_sdk/SoC/hbirdv2/Common/Source/GCC/startup_hbirdv2.o (__libc_init_array)
e:/vmshare/e203/nucleistudio/toolchain/gcc/bin/../lib/gcc/riscv-nuclei-elf/10.1.0/../../../../riscv-nuclei-elf/lib/rv32imac/ilp32\libg_nano.a(lib_a-printf.o)
                              ./hbird_sdk/SoC/hbirdv2/Common/Source/system_hbirdv2.o (printf)
e:/vmshare/e203/nucleistudio/toolchain/gcc/bin/../lib/gcc/riscv-nuclei-elf/10.1.0/../../../../riscv-nuclei-elf/lib/rv32imac/ilp32\libg_nano.a(lib_a-putchar.o)
                              ./application/insn.o (putchar)
e:/vmshare/e203/nucleistudio/toolchain/gcc/bin/../lib/gcc/riscv-nuclei-elf/10.1.0/../../../../riscv-nuclei-elf/lib/rv32imac/ilp32\libg_nano.a(lib_a-putc.o)
                              e:/vmshare/e203/nucleistudio/toolchain/gcc/bin/../lib/gcc/riscv-nuclei-elf/10.1.0/../../../../riscv-nuclei-elf/lib/rv32imac/ilp32\libg_nano.a(lib_a-putchar.o) (_putc_r)
e:/vmshare/e203/nucleistudio/toolchain/gcc/bin/../lib/gcc/riscv-nuclei-elf/10.1.0/../../../../riscv-nuclei-elf/lib/rv32imac/ilp32\libg_nano.a(lib_a-puts.o)
                              ./hbird_sdk/SoC/hbirdv2/Common/Source/system_hbirdv2.o (puts)
e:/vmshare/e203/nucleistudio/toolchain/gcc/bin/../lib/gcc/riscv-nuclei-elf/10.1.0/../../../../riscv-nuclei-elf/lib/rv32imac/ilp32\libg_nano.a(lib_a-rand.o)
                              ./application/main.o (srand)
e:/vmshare/e203/nucleistudio/toolchain/gcc/bin/../lib/gcc/riscv-nuclei-elf/10.1.0/../../../../riscv-nuclei-elf/lib/rv32imac/ilp32\libg_nano.a(lib_a-reent.o)
                              ./hbird_sdk/SoC/hbirdv2/Common/Source/Stubs/close.o (errno)
e:/vmshare/e203/nucleistudio/toolchain/gcc/bin/../lib/gcc/riscv-nuclei-elf/10.1.0/../../../../riscv-nuclei-elf/lib/rv32imac/ilp32\libg_nano.a(lib_a-sysisatty.o)
                              ./hbird_sdk/SoC/hbirdv2/Common/Source/Stubs/write.o (isatty)
e:/vmshare/e203/nucleistudio/toolchain/gcc/bin/../lib/gcc/riscv-nuclei-elf/10.1.0/../../../../riscv-nuclei-elf/lib/rv32imac/ilp32\libg_nano.a(lib_a-wbuf.o)
                              e:/vmshare/e203/nucleistudio/toolchain/gcc/bin/../lib/gcc/riscv-nuclei-elf/10.1.0/../../../../riscv-nuclei-elf/lib/rv32imac/ilp32\libg_nano.a(lib_a-putc.o) (__swbuf_r)
e:/vmshare/e203/nucleistudio/toolchain/gcc/bin/../lib/gcc/riscv-nuclei-elf/10.1.0/../../../../riscv-nuclei-elf/lib/rv32imac/ilp32\libg_nano.a(lib_a-wsetup.o)
                              e:/vmshare/e203/nucleistudio/toolchain/gcc/bin/../lib/gcc/riscv-nuclei-elf/10.1.0/../../../../riscv-nuclei-elf/lib/rv32imac/ilp32\libg_nano.a(lib_a-puts.o) (__swsetup_r)
e:/vmshare/e203/nucleistudio/toolchain/gcc/bin/../lib/gcc/riscv-nuclei-elf/10.1.0/../../../../riscv-nuclei-elf/lib/rv32imac/ilp32\libg_nano.a(lib_a-__atexit.o)
                              e:/vmshare/e203/nucleistudio/toolchain/gcc/bin/../lib/gcc/riscv-nuclei-elf/10.1.0/../../../../riscv-nuclei-elf/lib/rv32imac/ilp32\libg_nano.a(lib_a-atexit.o) (__register_exitproc)
e:/vmshare/e203/nucleistudio/toolchain/gcc/bin/../lib/gcc/riscv-nuclei-elf/10.1.0/../../../../riscv-nuclei-elf/lib/rv32imac/ilp32\libg_nano.a(lib_a-__call_atexit.o)
[...]
Memory Configuration

Name             Origin             Length             Attributes
ilm              0x0000000080000000 0x0000000000010000 axrl !w
ram              0x0000000090000000 0x0000000000010000 axw !rl
*default*        0x0000000000000000 0xffffffffffffffff

Linker script and memory map

LOAD ./hbird_sdk/SoC/hbirdv2/Common/Source/Stubs/clock_getres.o
LOAD ./hbird_sdk/SoC/hbirdv2/Common/Source/Stubs/clock_gettime.o
LOAD ./hbird_sdk/SoC/hbirdv2/Common/Source/Stubs/clock_settime.o
LOAD ./hbird_sdk/SoC/hbirdv2/Common/Source/Stubs/close.o
LOAD ./hbird_sdk/SoC/hbirdv2/Common/Source/Stubs/execve.o
LOAD ./hbird_sdk/SoC/hbirdv2/Common/Source/Stubs/exit.o
LOAD ./hbird_sdk/SoC/hbirdv2/Common/Source/Stubs/fork.o
LOAD ./hbird_sdk/SoC/hbirdv2/Common/Source/Stubs/fstat.o
LOAD ./hbird_sdk/SoC/hbirdv2/Common/Source/Stubs/getpid.o
LOAD ./hbird_sdk/SoC/hbirdv2/Common/Source/Stubs/gettimeofday.o
LOAD ./hbird_sdk/SoC/hbirdv2/Common/Source/Stubs/isatty.o
LOAD ./hbird_sdk/SoC/hbirdv2/Common/Source/Stubs/kill.o
LOAD ./hbird_sdk/SoC/hbirdv2/Common/Source/Stubs/link.o
LOAD ./hbird_sdk/SoC/hbirdv2/Common/Source/Stubs/lseek.o
LOAD ./hbird_sdk/SoC/hbirdv2/Common/Source/Stubs/open.o
LOAD ./hbird_sdk/SoC/hbirdv2/Common/Source/Stubs/read.o
LOAD ./hbird_sdk/SoC/hbirdv2/Common/Source/Stubs/sbrk.o
LOAD ./hbird_sdk/SoC/hbirdv2/Common/Source/Stubs/stat.o
LOAD ./hbird_sdk/SoC/hbirdv2/Common/Source/Stubs/times.o
LOAD ./hbird_sdk/SoC/hbirdv2/Common/Source/Stubs/unlink.o
LOAD ./hbird_sdk/SoC/hbirdv2/Common/Source/Stubs/wait.o
LOAD ./hbird_sdk/SoC/hbirdv2/Common/Source/Stubs/write.o
LOAD ./hbird_sdk/SoC/hbirdv2/Common/Source/GCC/intexc_hbirdv2.o
LOAD ./hbird_sdk/SoC/hbirdv2/Common/Source/GCC/startup_hbirdv2.o
LOAD ./hbird_sdk/SoC/hbirdv2/Common/Source/Drivers/hbirdv2_gpio.o
LOAD ./hbird_sdk/SoC/hbirdv2/Common/Source/Drivers/hbirdv2_i2c.o
LOAD ./hbird_sdk/SoC/hbirdv2/Common/Source/Drivers/hbirdv2_pwm.o
LOAD ./hbird_sdk/SoC/hbirdv2/Common/Source/Drivers/hbirdv2_spi.o
LOAD ./hbird_sdk/SoC/hbirdv2/Common/Source/Drivers/hbirdv2_uart.o
LOAD ./hbird_sdk/SoC/hbirdv2/Common/Source/Drivers/htif.o
LOAD ./hbird_sdk/SoC/hbirdv2/Common/Source/hbirdv2_common.o
LOAD ./hbird_sdk/SoC/hbirdv2/Common/Source/system_hbirdv2.o
LOAD ./application/insn.o
LOAD ./application/main.o
LOAD e:/vmshare/e203/nucleistudio/toolchain/gcc/bin/../lib/gcc/riscv-nuclei-elf/10.1.0/../../../../riscv-nuclei-elf/lib/rv32imac/ilp32\libstdc++.a
LOAD e:/vmshare/e203/nucleistudio/toolchain/gcc/bin/../lib/gcc/riscv-nuclei-elf/10.1.0/../../../../riscv-nuclei-elf/lib/rv32imac/ilp32\libstdc++.a
LOAD e:/vmshare/e203/nucleistudio/toolchain/gcc/bin/../lib/gcc/riscv-nuclei-elf/10.1.0/../../../../riscv-nuclei-elf/lib/rv32imac/ilp32\libm_nano.a
LOAD e:/vmshare/e203/nucleistudio/toolchain/gcc/bin/../lib/gcc/riscv-nuclei-elf/10.1.0/rv32imac/ilp32\libgcc.a
LOAD e:/vmshare/e203/nucleistudio/toolchain/gcc/bin/../lib/gcc/riscv-nuclei-elf/10.1.0/../../../../riscv-nuclei-elf/lib/rv32imac/ilp32\libg_nano.a
LOAD e:/vmshare/e203/nucleistudio/toolchain/gcc/bin/../lib/gcc/riscv-nuclei-elf/10.1.0/../../../../riscv-nuclei-elf/lib/rv32imac/ilp32\libc_nano.a
LOAD e:/vmshare/e203/nucleistudio/toolchain/gcc/bin/../lib/gcc/riscv-nuclei-elf/10.1.0/rv32imac/ilp32\libgcc.a
START GROUP
LOAD e:/vmshare/e203/nucleistudio/toolchain/gcc/bin/../lib/gcc/riscv-nuclei-elf/10.1.0/rv32imac/ilp32\libgcc.a
LOAD e:/vmshare/e203/nucleistudio/toolchain/gcc/bin/../lib/gcc/riscv-nuclei-elf/10.1.0/../../../../riscv-nuclei-elf/lib/rv32imac/ilp32\libc_nano.a
LOAD e:/vmshare/e203/nucleistudio/toolchain/gcc/bin/../lib/gcc/riscv-nuclei-elf/10.1.0/../../../../riscv-nuclei-elf/lib/rv32imac/ilp32\libnosys.a
END GROUP
START GROUP
LOAD e:/vmshare/e203/nucleistudio/toolchain/gcc/bin/../lib/gcc/riscv-nuclei-elf/10.1.0/rv32imac/ilp32\libgcc.a
LOAD e:/vmshare/e203/nucleistudio/toolchain/gcc/bin/../lib/gcc/riscv-nuclei-elf/10.1.0/../../../../riscv-nuclei-elf/lib/rv32imac/ilp32\libc_nano.a
LOAD e:/vmshare/e203/nucleistudio/toolchain/gcc/bin/../lib/gcc/riscv-nuclei-elf/10.1.0/../../../../riscv-nuclei-elf/lib/rv32imac/ilp32\libnosys.a
END GROUP
                0x0000000000000800                __stack_size = DEFINED (__stack_size)?__stack_size:0x800

.init           0x0000000080000000       0xb4
 *(.vtable)
 *(SORT_NONE(.init))
 .init          0x0000000080000000       0xb4 ./hbird_sdk/SoC/hbirdv2/Common/Source/GCC/startup_hbirdv2.o
                0x0000000080000000                _start

.ilalign        0x00000000800000b4        0x0
                0x00000000800000b4                . = ALIGN (0x4)
                0x00000000800000b4                PROVIDE (_ilm_lma = .)

.ialign         0x00000000800000b4        0x0
                0x00000000800000b4                PROVIDE (_ilm = .)

.text           0x00000000800000b4     0x1ece
 *(.text.unlikely .text.unlikely.*)
 *(.text.startup .text.startup.*)
 .text.startup.main
                0x00000000800000b4       0xae ./application/main.o
                0x00000000800000b4                main
 *(.text .text.*)
 .text._close   0x0000000080000162        0xa ./hbird_sdk/SoC/hbirdv2/Common/Source/Stubs/close.o
                0x0000000080000162                _close
 .text._fstat   0x000000008000016c       0x1a ./hbird_sdk/SoC/hbirdv2/Common/Source/Stubs/fstat.o
                0x000000008000016c                _fstat
 .text._isatty  0x0000000080000186        0x4 ./hbird_sdk/SoC/hbirdv2/Common/Source/Stubs/isatty.o
                0x0000000080000186                _isatty
 .text._lseek   0x000000008000018a        0x4 ./hbird_sdk/SoC/hbirdv2/Common/Source/Stubs/lseek.o
                0x000000008000018a                _lseek
 .text._read    0x000000008000018e       0x22 ./hbird_sdk/SoC/hbirdv2/Common/Source/Stubs/read.o
                0x000000008000018e                _read
 .text._sbrk    0x00000000800001b0       0x2c ./hbird_sdk/SoC/hbirdv2/Common/Source/Stubs/sbrk.o
                0x00000000800001b0                _sbrk
 .text._write   0x00000000800001dc       0x62 ./hbird_sdk/SoC/hbirdv2/Common/Source/Stubs/write.o
                0x00000000800001dc                _write
 *fill*         0x000000008000023e        0x2 
 .text.trap     0x0000000080000240       0x78 ./hbird_sdk/SoC/hbirdv2/Common/Source/GCC/intexc_hbirdv2.o
                0x0000000080000240                trap_entry
 .text.gpio_iof_config
                0x00000000800002b8       0x12 ./hbird_sdk/SoC/hbirdv2/Common/Source/Drivers/hbirdv2_gpio.o
                0x00000000800002b8                gpio_iof_config
 .text.uart_init
                0x00000000800002ca       0x3a ./hbird_sdk/SoC/hbirdv2/Common/Source/Drivers/hbirdv2_uart.o
                0x00000000800002ca                uart_init
 .text.uart_write
                0x0000000080000304       0x14 ./hbird_sdk/SoC/hbirdv2/Common/Source/Drivers/hbirdv2_uart.o
                0x0000000080000304                uart_write
 .text.uart_read
                0x0000000080000318       0x16 ./hbird_sdk/SoC/hbirdv2/Common/Source/Drivers/hbirdv2_uart.o
                0x0000000080000318                uart_read
 .text.measure_cpu_freq
                0x000000008000032e       0x68 ./hbird_sdk/SoC/hbirdv2/Common/Source/hbirdv2_common.o
                0x000000008000032e                measure_cpu_freq
 .text.get_cpu_freq
                0x0000000080000396       0x12 ./hbird_sdk/SoC/hbirdv2/Common/Source/hbirdv2_common.o
                0x0000000080000396                get_cpu_freq
 .text.system_default_exception_handler
                0x00000000800003a8       0x44 ./hbird_sdk/SoC/hbirdv2/Common/Source/system_hbirdv2.o
 .text.system_default_interrupt_handler
                0x00000000800003ec       0x48 ./hbird_sdk/SoC/hbirdv2/Common/Source/system_hbirdv2.o
 .text.SystemInit
                0x0000000080000434        0xe ./hbird_sdk/SoC/hbirdv2/Common/Source/system_hbirdv2.o
                0x0000000080000434                SystemInit
 .text.core_trap_handler
                0x0000000080000442       0x90 ./hbird_sdk/SoC/hbirdv2/Common/Source/system_hbirdv2.o
                0x0000000080000442                core_trap_handler
 .text._premain_init
                0x00000000800004d2       0xe6 ./hbird_sdk/SoC/hbirdv2/Common/Source/system_hbirdv2.o
                0x00000000800004d2                _premain_init
 .text._postmain_fini
                0x00000000800005b8        0x2 ./hbird_sdk/SoC/hbirdv2/Common/Source/system_hbirdv2.o
                0x00000000800005b8                _postmain_fini
 .text._init    0x00000000800005ba        0x2 ./hbird_sdk/SoC/hbirdv2/Common/Source/system_hbirdv2.o
                0x00000000800005ba                _init
 .text._fini    0x00000000800005bc        0x2 ./hbird_sdk/SoC/hbirdv2/Common/Source/system_hbirdv2.o
                0x00000000800005bc                _fini
 .text.print_misa
                0x00000000800005be      0x238 ./application/main.o
                0x00000000800005be                print_misa
 .text          0x00000000800007f6      0x360 e:/vmshare/e203/nucleistudio/toolchain/gcc/bin/../lib/gcc/riscv-nuclei-elf/10.1.0/rv32imac/ilp32\libgcc.a(_udivdi3.o)
                0x00000000800007f6                __udivdi3
 .text.atexit   0x0000000080000b56        0xa e:/vmshare/e203/nucleistudio/toolchain/gcc/bin/../lib/gcc/riscv-nuclei-elf/10.1.0/../../../../riscv-nuclei-elf/lib/rv32imac/ilp32\libg_nano.a(lib_a-atexit.o)
                0x0000000080000b56                atexit
 .text.__libc_fini_array
                0x0000000080000b60       0x36 e:/vmshare/e203/nucleistudio/toolchain/gcc/bin/../lib/gcc/riscv-nuclei-elf/10.1.0/../../../../riscv-nuclei-elf/lib/rv32imac/ilp32\libg_nano.a(lib_a-fini.o)
                0x0000000080000b60                __libc_fini_array
 .text.__libc_init_array
                0x0000000080000b96       0x5e e:/vmshare/e203/nucleistudio/toolchain/gcc/bin/../lib/gcc/riscv-nuclei-elf/10.1.0/../../../../riscv-nuclei-elf/lib/rv32imac/ilp32\libg_nano.a(lib_a-init.o)
                0x0000000080000b96                __libc_init_array
 .text.printf   0x0000000080000bf4       0x3a e:/vmshare/e203/nucleistudio/toolchain/gcc/bin/../lib/gcc/riscv-nuclei-elf/10.1.0/../../../../riscv-nuclei-elf/lib/rv32imac/ilp32\libg_nano.a(lib_a-printf.o)
                0x0000000080000bf4                iprintf
                0x0000000080000bf4                printf
 .text._puts_r  0x0000000080000c2e       0xda e:/vmshare/e203/nucleistudio/toolchain/gcc/bin/../lib/gcc/riscv-nuclei-elf/10.1.0/../../../../riscv-nuclei-elf/lib/rv32imac/ilp32\libg_nano.a(lib_a-puts.o)
                0x0000000080000c2e                _puts_r
 .text.puts     0x0000000080000d08        0x8 e:/vmshare/e203/nucleistudio/toolchain/gcc/bin/../lib/gcc/riscv-nuclei-elf/10.1.0/../../../../riscv-nuclei-elf/lib/rv32imac/ilp32\libg_nano.a(lib_a-puts.o)
                0x0000000080000d08                puts
 .text.srand    0x0000000080000d10       0x58 e:/vmshare/e203/nucleistudio/toolchain/gcc/bin/../lib/gcc/riscv-nuclei-elf/10.1.0/../../../../riscv-nuclei-elf/lib/rv32imac/ilp32\libg_nano.a(lib_a-rand.o)
                0x0000000080000d10                srand
 .text.rand     0x0000000080000d68       0x86 e:/vmshare/e203/nucleistudio/toolchain/gcc/bin/../lib/gcc/riscv-nuclei-elf/10.1.0/../../../../riscv-nuclei-elf/lib/rv32imac/ilp32\libg_nano.a(lib_a-rand.o)
                0x0000000080000d68                rand
 .text.isatty   0x0000000080000dee        0x4 e:/vmshare/e203/nucleistudio/toolchain/gcc/bin/../lib/gcc/riscv-nuclei-elf/10.1.0/../../../../riscv-nuclei-elf/lib/rv32imac/ilp32\libg_nano.a(lib_a-sysisatty.o)
                0x0000000080000dee                isatty
 .text.__swbuf_r
                0x0000000080000df2       0xc0 e:/vmshare/e203/nucleistudio/toolchain/gcc/bin/../lib/gcc/riscv-nuclei-elf/10.1.0/../../../../riscv-nuclei-elf/lib/rv32imac/ilp32\libg_nano.a(lib_a-wbuf.o)
                0x0000000080000df2                __swbuf_r
 .text.__swsetup_r
                0x0000000080000eb2      0x106 e:/vmshare/e203/nucleistudio/toolchain/gcc/bin/../lib/gcc/riscv-nuclei-elf/10.1.0/../../../../riscv-nuclei-elf/lib/rv32imac/ilp32\libg_nano.a(lib_a-wsetup.o)
                0x0000000080000eb2                __swsetup_r
 .text.__register_exitproc
                0x0000000080000fb8       0x74 e:/vmshare/e203/nucleistudio/toolchain/gcc/bin/../lib/gcc/riscv-nuclei-elf/10.1.0/../../../../riscv-nuclei-elf/lib/rv32imac/ilp32\libg_nano.a(lib_a-__atexit.o)
                0x0000000080000fb8                __register_exitproc
 .text.__sflush_r
                0x000000008000102c      0x146 e:/vmshare/e203/nucleistudio/toolchain/gcc/bin/../lib/gcc/riscv-nuclei-elf/10.1.0/../../../../riscv-nuclei-elf/lib/rv32imac/ilp32\libg_nano.a(lib_a-fflush.o)
                0x000000008000102c                __sflush_r
 .text._fflush_r
                0x0000000080001172       0x64 e:/vmshare/e203/nucleistudio/toolchain/gcc/bin/../lib/gcc/riscv-nuclei-elf/10.1.0/../../../../riscv-nuclei-elf/lib/rv32imac/ilp32\libg_nano.a(lib_a-fflush.o)
                0x0000000080001172                _fflush_r
 .text.std      0x00000000800011d6       0x68 e:/vmshare/e203/nucleistudio/toolchain/gcc/bin/../lib/gcc/riscv-nuclei-elf/10.1.0/../../../../riscv-nuclei-elf/lib/rv32imac/ilp32\libg_nano.a(lib_a-findfp.o)
 .text._cleanup_r
                0x000000008000123e        0xa e:/vmshare/e203/nucleistudio/toolchain/gcc/bin/../lib/gcc/riscv-nuclei-elf/10.1.0/../../../../riscv-nuclei-elf/lib/rv32imac/ilp32\libg_nano.a(lib_a-findfp.o)
                0x000000008000123e                _cleanup_r
 .text.__sfmoreglue
                0x0000000080001248       0x44 e:/vmshare/e203/nucleistudio/toolchain/gcc/bin/../lib/gcc/riscv-nuclei-elf/10.1.0/../../../../riscv-nuclei-elf/lib/rv32imac/ilp32\libg_nano.a(lib_a-findfp.o)
                0x0000000080001248                __sfmoreglue
 .text.__sinit  0x000000008000128c       0x66 e:/vmshare/e203/nucleistudio/toolchain/gcc/bin/../lib/gcc/riscv-nuclei-elf/10.1.0/../../../../riscv-nuclei-elf/lib/rv32imac/ilp32\libg_nano.a(lib_a-findfp.o)
                0x000000008000128c                __sinit
 .text.__sfp    0x00000000800012f2       0x98 e:/vmshare/e203/nucleistudio/toolchain/gcc/bin/../lib/gcc/riscv-nuclei-elf/10.1.0/../../../../riscv-nuclei-elf/lib/rv32imac/ilp32\libg_nano.a(lib_a-findfp.o)
                0x00000000800012f2                __sfp
 .text._fwalk_reent
                0x000000008000138a       0x6a e:/vmshare/e203/nucleistudio/toolchain/gcc/bin/../lib/gcc/riscv-nuclei-elf/10.1.0/../../../../riscv-nuclei-elf/lib/rv32imac/ilp32\libg_nano.a(lib_a-fwalk.o)
                0x000000008000138a                _fwalk_reent
 .text.__swhatbuf_r
                0x00000000800013f4       0x5a e:/vmshare/e203/nucleistudio/toolchain/gcc/bin/../lib/gcc/riscv-nuclei-elf/10.1.0/../../../../riscv-nuclei-elf/lib/rv32imac/ilp32\libg_nano.a(lib_a-makebuf.o)
                0x00000000800013f4                __swhatbuf_r
 .text.__smakebuf_r
                0x000000008000144e       0x9c e:/vmshare/e203/nucleistudio/toolchain/gcc/bin/../lib/gcc/riscv-nuclei-elf/10.1.0/../../../../riscv-nuclei-elf/lib/rv32imac/ilp32\libg_nano.a(lib_a-makebuf.o)
                0x000000008000144e                __smakebuf_r
 .text.malloc   0x00000000800014ea        0x8 e:/vmshare/e203/nucleistudio/toolchain/gcc/bin/../lib/gcc/riscv-nuclei-elf/10.1.0/../../../../riscv-nuclei-elf/lib/rv32imac/ilp32\libg_nano.a(lib_a-malloc.o)
                0x00000000800014ea                malloc
 .text          0x00000000800014f2       0xa8 e:/vmshare/e203/nucleistudio/toolchain/gcc/bin/../lib/gcc/riscv-nuclei-elf/10.1.0/../../../../riscv-nuclei-elf/lib/rv32imac/ilp32\libg_nano.a(lib_a-memset.o)
                0x00000000800014f2                memset
 .text._free_r  0x000000008000159a       0x9e e:/vmshare/e203/nucleistudio/toolchain/gcc/bin/../lib/gcc/riscv-nuclei-elf/10.1.0/../../../../riscv-nuclei-elf/lib/rv32imac/ilp32\libg_nano.a(lib_a-nano-freer.o)
                0x000000008000159a                _free_r
 .text._malloc_r
                0x0000000080001638       0xd0 e:/vmshare/e203/nucleistudio/toolchain/gcc/bin/../lib/gcc/riscv-nuclei-elf/10.1.0/../../../../riscv-nuclei-elf/lib/rv32imac/ilp32\libg_nano.a(lib_a-nano-mallocr.o)
                0x0000000080001638                _malloc_r
 .text.__sfputc_r
                0x0000000080001708       0x2a e:/vmshare/e203/nucleistudio/toolchain/gcc/bin/../lib/gcc/riscv-nuclei-elf/10.1.0/../../../../riscv-nuclei-elf/lib/rv32imac/ilp32\libg_nano.a(lib_a-nano-vfprintf.o)
 .text.__sfputs_r
                0x0000000080001732       0x42 e:/vmshare/e203/nucleistudio/toolchain/gcc/bin/../lib/gcc/riscv-nuclei-elf/10.1.0/../../../../riscv-nuclei-elf/lib/rv32imac/ilp32\libg_nano.a(lib_a-nano-vfprintf.o)
                0x0000000080001732                __sfputs_r
 .text._vfprintf_r
                0x0000000080001774      0x294 e:/vmshare/e203/nucleistudio/toolchain/gcc/bin/../lib/gcc/riscv-nuclei-elf/10.1.0/../../../../riscv-nuclei-elf/lib/rv32imac/ilp32\libg_nano.a(lib_a-nano-vfprintf.o)
                0x0000000080001774                _vfprintf_r
                0x0000000080001774                _vfiprintf_r
 .text._sbrk_r  0x0000000080001a08       0x28 e:/vmshare/e203/nucleistudio/toolchain/gcc/bin/../lib/gcc/riscv-nuclei-elf/10.1.0/../../../../riscv-nuclei-elf/lib/rv32imac/ilp32\libg_nano.a(lib_a-sbrkr.o)
                0x0000000080001a08                _sbrk_r
 .text.__sread  0x0000000080001a30       0x30 e:/vmshare/e203/nucleistudio/toolchain/gcc/bin/../lib/gcc/riscv-nuclei-elf/10.1.0/../../../../riscv-nuclei-elf/lib/rv32imac/ilp32\libg_nano.a(lib_a-stdio.o)
                0x0000000080001a30                __sread
 .text.__swrite
                0x0000000080001a60       0x4e e:/vmshare/e203/nucleistudio/toolchain/gcc/bin/../lib/gcc/riscv-nuclei-elf/10.1.0/../../../../riscv-nuclei-elf/lib/rv32imac/ilp32\libg_nano.a(lib_a-stdio.o)
                0x0000000080001a60                __swrite
 .text.__sseek  0x0000000080001aae       0x36 e:/vmshare/e203/nucleistudio/toolchain/gcc/bin/../lib/gcc/riscv-nuclei-elf/10.1.0/../../../../riscv-nuclei-elf/lib/rv32imac/ilp32\libg_nano.a(lib_a-stdio.o)
                0x0000000080001aae                __sseek
 .text.__sclose
                0x0000000080001ae4        0x6 e:/vmshare/e203/nucleistudio/toolchain/gcc/bin/../lib/gcc/riscv-nuclei-elf/10.1.0/../../../../riscv-nuclei-elf/lib/rv32imac/ilp32\libg_nano.a(lib_a-stdio.o)
                0x0000000080001ae4                __sclose
 .text._write_r
                0x0000000080001aea       0x2c e:/vmshare/e203/nucleistudio/toolchain/gcc/bin/../lib/gcc/riscv-nuclei-elf/10.1.0/../../../../riscv-nuclei-elf/lib/rv32imac/ilp32\libg_nano.a(lib_a-writer.o)
                0x0000000080001aea                _write_r
 .text._close_r
                0x0000000080001b16       0x28 e:/vmshare/e203/nucleistudio/toolchain/gcc/bin/../lib/gcc/riscv-nuclei-elf/10.1.0/../../../../riscv-nuclei-elf/lib/rv32imac/ilp32\libg_nano.a(lib_a-closer.o)
                0x0000000080001b16                _close_r
 .text._fstat_r
                0x0000000080001b3e       0x2a e:/vmshare/e203/nucleistudio/toolchain/gcc/bin/../lib/gcc/riscv-nuclei-elf/10.1.0/../../../../riscv-nuclei-elf/lib/rv32imac/ilp32\libg_nano.a(lib_a-fstatr.o)
                0x0000000080001b3e                _fstat_r
 .text._isatty_r
                0x0000000080001b68       0x28 e:/vmshare/e203/nucleistudio/toolchain/gcc/bin/../lib/gcc/riscv-nuclei-elf/10.1.0/../../../../riscv-nuclei-elf/lib/rv32imac/ilp32\libg_nano.a(lib_a-isattyr.o)
                0x0000000080001b68                _isatty_r
 .text._lseek_r
                0x0000000080001b90       0x2c e:/vmshare/e203/nucleistudio/toolchain/gcc/bin/../lib/gcc/riscv-nuclei-elf/10.1.0/../../../../riscv-nuclei-elf/lib/rv32imac/ilp32\libg_nano.a(lib_a-lseekr.o)
                0x0000000080001b90                _lseek_r
 .text.memchr   0x0000000080001bbc       0x1a e:/vmshare/e203/nucleistudio/toolchain/gcc/bin/../lib/gcc/riscv-nuclei-elf/10.1.0/../../../../riscv-nuclei-elf/lib/rv32imac/ilp32\libg_nano.a(lib_a-memchr.o)
                0x0000000080001bbc                memchr
 .text.__malloc_lock
                0x0000000080001bd6        0x2 e:/vmshare/e203/nucleistudio/toolchain/gcc/bin/../lib/gcc/riscv-nuclei-elf/10.1.0/../../../../riscv-nuclei-elf/lib/rv32imac/ilp32\libg_nano.a(lib_a-mlock.o)
                0x0000000080001bd6                __malloc_lock
 .text.__malloc_unlock
                0x0000000080001bd8        0x2 e:/vmshare/e203/nucleistudio/toolchain/gcc/bin/../lib/gcc/riscv-nuclei-elf/10.1.0/../../../../riscv-nuclei-elf/lib/rv32imac/ilp32\libg_nano.a(lib_a-mlock.o)
                0x0000000080001bd8                __malloc_unlock
 .text._printf_common
                0x0000000080001bda      0x10c e:/vmshare/e203/nucleistudio/toolchain/gcc/bin/../lib/gcc/riscv-nuclei-elf/10.1.0/../../../../riscv-nuclei-elf/lib/rv32imac/ilp32\libg_nano.a(lib_a-nano-vfprintf_i.o)
                0x0000000080001bda                _printf_common
 .text._printf_i
                0x0000000080001ce6      0x270 e:/vmshare/e203/nucleistudio/toolchain/gcc/bin/../lib/gcc/riscv-nuclei-elf/10.1.0/../../../../riscv-nuclei-elf/lib/rv32imac/ilp32\libg_nano.a(lib_a-nano-vfprintf_i.o)
                0x0000000080001ce6                _printf_i
 .text._read_r  0x0000000080001f56       0x2c e:/vmshare/e203/nucleistudio/toolchain/gcc/bin/../lib/gcc/riscv-nuclei-elf/10.1.0/../../../../riscv-nuclei-elf/lib/rv32imac/ilp32\libg_nano.a(lib_a-readr.o)
                0x0000000080001f56                _read_r
 *(.gnu.linkonce.t.*)

.rodata         0x0000000080001f84      0x320
                0x0000000080001f84                . = ALIGN (0x4)
 *(.rdata)
 *(.rodata .rodata.*)
 .rodata.system_default_exception_handler.str1.4
                0x0000000080001f84       0x44 ./hbird_sdk/SoC/hbirdv2/Common/Source/system_hbirdv2.o
 .rodata.system_default_interrupt_handler.str1.4
                0x0000000080001fc8       0x13 ./hbird_sdk/SoC/hbirdv2/Common/Source/system_hbirdv2.o
 *fill*         0x0000000080001fdb        0x1 
 .rodata.SystemBannerPrint.str1.4
                0x0000000080001fdc       0x6f ./hbird_sdk/SoC/hbirdv2/Common/Source/system_hbirdv2.o
 *fill*         0x000000008000204b        0x1 
 .rodata.print_misa.str1.4
                0x000000008000204c        0xd ./application/main.o
 *fill*         0x0000000080002059        0x3 
 .rodata.main.str1.4
                0x000000008000205c       0x51 ./application/main.o
 *fill*         0x00000000800020ad        0x3 
 .rodata        0x00000000800020b0      0x100 e:/vmshare/e203/nucleistudio/toolchain/gcc/bin/../lib/gcc/riscv-nuclei-elf/10.1.0/rv32imac/ilp32\libgcc.a(_clz.o)
                0x00000000800020b0                __clz_tab
 .rodata.__sf_fake_stderr
                0x00000000800021b0       0x20 e:/vmshare/e203/nucleistudio/toolchain/gcc/bin/../lib/gcc/riscv-nuclei-elf/10.1.0/../../../../riscv-nuclei-elf/lib/rv32imac/ilp32\libg_nano.a(lib_a-findfp.o)
                0x00000000800021b0                __sf_fake_stderr
 .rodata.__sf_fake_stdin
                0x00000000800021d0       0x20 e:/vmshare/e203/nucleistudio/toolchain/gcc/bin/../lib/gcc/riscv-nuclei-elf/10.1.0/../../../../riscv-nuclei-elf/lib/rv32imac/ilp32\libg_nano.a(lib_a-findfp.o)
                0x00000000800021d0                __sf_fake_stdin
 .rodata.__sf_fake_stdout
                0x00000000800021f0       0x20 e:/vmshare/e203/nucleistudio/toolchain/gcc/bin/../lib/gcc/riscv-nuclei-elf/10.1.0/../../../../riscv-nuclei-elf/lib/rv32imac/ilp32\libg_nano.a(lib_a-findfp.o)
                0x00000000800021f0                __sf_fake_stdout
 .rodata._vfprintf_r.str1.4
                0x0000000080002210       0x13 e:/vmshare/e203/nucleistudio/toolchain/gcc/bin/../lib/gcc/riscv-nuclei-elf/10.1.0/../../../../riscv-nuclei-elf/lib/rv32imac/ilp32\libg_nano.a(lib_a-nano-vfprintf.o)
 *fill*         0x0000000080002223        0x1 
 .rodata._printf_i.str1.4
                0x0000000080002224       0x25 e:/vmshare/e203/nucleistudio/toolchain/gcc/bin/../lib/gcc/riscv-nuclei-elf/10.1.0/../../../../riscv-nuclei-elf/lib/rv32imac/ilp32\libg_nano.a(lib_a-nano-vfprintf_i.o)
 *fill*         0x0000000080002249        0x3 
 .rodata._printf_i
                0x000000008000224c       0x58 e:/vmshare/e203/nucleistudio/toolchain/gcc/bin/../lib/gcc/riscv-nuclei-elf/10.1.0/../../../../riscv-nuclei-elf/lib/rv32imac/ilp32\libg_nano.a(lib_a-nano-vfprintf_i.o)
                0x00000000800022a4                . = ALIGN (0x4)
                0x00000000800022a4                __rt_init_start = .
 *(SORT_BY_NAME(.rti_fn*))
                0x00000000800022a4                __rt_init_end = .
                0x00000000800022a4                . = ALIGN (0x4)
                0x00000000800022a4                __fsymtab_start = .
 *(FSymTab)
                0x00000000800022a4                __fsymtab_end = .
                0x00000000800022a4                . = ALIGN (0x4)
                0x00000000800022a4                __vsymtab_start = .
 *(VSymTab)
                0x00000000800022a4                __vsymtab_end = .
 *(.gnu.linkonce.r.*)

.rela.dyn       0x00000000800022a4        0x0
 .rela.text._sbrk
                0x00000000800022a4        0x0 ./hbird_sdk/SoC/hbirdv2/Common/Source/Stubs/close.o
 .rela.sdata.curbrk.0
                0x00000000800022a4        0x0 ./hbird_sdk/SoC/hbirdv2/Common/Source/Stubs/close.o
 .rela.init     0x00000000800022a4        0x0 ./hbird_sdk/SoC/hbirdv2/Common/Source/Stubs/close.o
 .rela.text.__libc_fini_array
                0x00000000800022a4        0x0 ./hbird_sdk/SoC/hbirdv2/Common/Source/Stubs/close.o
 .rela.text.__libc_init_array
                0x00000000800022a4        0x0 ./hbird_sdk/SoC/hbirdv2/Common/Source/Stubs/close.o
 .rela.text.isatty
                0x00000000800022a4        0x0 ./hbird_sdk/SoC/hbirdv2/Common/Source/Stubs/close.o
 .rela.text.__register_exitproc
                0x00000000800022a4        0x0 ./hbird_sdk/SoC/hbirdv2/Common/Source/Stubs/close.o
 .rela.text._vfprintf_r
                0x00000000800022a4        0x0 ./hbird_sdk/SoC/hbirdv2/Common/Source/Stubs/close.o
 .rela.text._sbrk_r
                0x00000000800022a4        0x0 ./hbird_sdk/SoC/hbirdv2/Common/Source/Stubs/close.o
 .rela.text._write_r
                0x00000000800022a4        0x0 ./hbird_sdk/SoC/hbirdv2/Common/Source/Stubs/close.o
 .rela.text._close_r
                0x00000000800022a4        0x0 ./hbird_sdk/SoC/hbirdv2/Common/Source/Stubs/close.o
 .rela.text._fstat_r
                0x00000000800022a4        0x0 ./hbird_sdk/SoC/hbirdv2/Common/Source/Stubs/close.o
 .rela.text._isatty_r
                0x00000000800022a4        0x0 ./hbird_sdk/SoC/hbirdv2/Common/Source/Stubs/close.o
 .rela.text._lseek_r
                0x00000000800022a4        0x0 ./hbird_sdk/SoC/hbirdv2/Common/Source/Stubs/close.o
 .rela.text._read_r
                0x00000000800022a4        0x0 ./hbird_sdk/SoC/hbirdv2/Common/Source/Stubs/close.o

.fini
 *(SORT_NONE(.fini))
                0x00000000800022a4                . = ALIGN (0x4)
                [!provide]                        PROVIDE (__etext = .)
                [!provide]                        PROVIDE (_etext = .)
                [!provide]                        PROVIDE (etext = .)
                0x00000000800022a4                PROVIDE (_eilm = .)

.preinit_array  0x00000000800022a4        0x0
                0x00000000800022a4                PROVIDE (__preinit_array_start = .)
 *(.preinit_array)
                0x00000000800022a4                PROVIDE (__preinit_array_end = .)

.init_array     0x00000000800022a4        0x0
                0x00000000800022a4                PROVIDE (__init_array_start = .)
 *(SORT_BY_INIT_PRIORITY(.init_array.*) SORT_BY_INIT_PRIORITY(.ctors.*))
 *(.init_array EXCLUDE_FILE(*crtend?.o *crtend.o *crtbegin?.o *crtbegin.o) .ctors)
                0x00000000800022a4                PROVIDE (__init_array_end = .)

.fini_array     0x00000000800022a4        0x0
                0x00000000800022a4                PROVIDE (__fini_array_start = .)
 *(SORT_BY_INIT_PRIORITY(.fini_array.*) SORT_BY_INIT_PRIORITY(.dtors.*))
 *(.fini_array EXCLUDE_FILE(*crtend?.o *crtend.o *crtbegin?.o *crtbegin.o) .dtors)
                0x00000000800022a4                PROVIDE (__fini_array_end = .)

.ctors
 *crtbegin.o(.ctors)
 *crtbegin?.o(.ctors)
 *(EXCLUDE_FILE(*crtend?.o *crtend.o) .ctors)
 *(SORT_BY_NAME(.ctors.*))
 *(.ctors)

.dtors
 *crtbegin.o(.dtors)
 *crtbegin?.o(.dtors)
 *(EXCLUDE_FILE(*crtend?.o *crtend.o) .dtors)
 *(SORT_BY_NAME(.dtors.*))
 *(.dtors)

.lalign         0x00000000800022a4        0x0
                0x00000000800022a4                . = ALIGN (0x4)
                0x00000000800022a4                PROVIDE (_data_lma = .)

.dalign         0x0000000090000000        0x0 load address 0x00000000800022a4
                0x0000000090000000                . = ALIGN (0x4)
                0x0000000090000000                PROVIDE (_data = .)

.data           0x0000000090000000       0x74 load address 0x00000000800022a4
 *(.data .data.*)
 .data.impure_data
                0x0000000090000000       0x60 e:/vmshare/e203/nucleistudio/toolchain/gcc/bin/../lib/gcc/riscv-nuclei-elf/10.1.0/../../../../riscv-nuclei-elf/lib/rv32imac/ilp32\libg_nano.a(lib_a-impure.o)
 *(.gnu.linkonce.d.*)
                0x0000000090000060                . = ALIGN (0x8)
                0x0000000090000860                PROVIDE (__global_pointer$ = (. + 0x800))
 *(.sdata .sdata.* .sdata*)
 .sdata.curbrk.0
                0x0000000090000060        0x4 ./hbird_sdk/SoC/hbirdv2/Common/Source/Stubs/sbrk.o
 .sdata.SystemCoreClock
                0x0000000090000064        0x4 ./hbird_sdk/SoC/hbirdv2/Common/Source/system_hbirdv2.o
                0x0000000090000064                SystemCoreClock
 .sdata._impure_ptr
                0x0000000090000068        0x4 e:/vmshare/e203/nucleistudio/toolchain/gcc/bin/../lib/gcc/riscv-nuclei-elf/10.1.0/../../../../riscv-nuclei-elf/lib/rv32imac/ilp32\libg_nano.a(lib_a-impure.o)
                0x0000000090000068                _impure_ptr
 *(.gnu.linkonce.s.*)
                0x0000000090000070                . = ALIGN (0x8)
 *fill*         0x000000009000006c        0x4 
 *(.srodata.cst16)
 *(.srodata.cst8)
 *(.srodata.cst4)
 *(.srodata.cst2)
 *(.srodata .srodata.*)
 .srodata._global_impure_ptr
                0x0000000090000070        0x4 e:/vmshare/e203/nucleistudio/toolchain/gcc/bin/../lib/gcc/riscv-nuclei-elf/10.1.0/../../../../riscv-nuclei-elf/lib/rv32imac/ilp32\libg_nano.a(lib_a-impure.o)
                0x0000000090000070                _global_impure_ptr
                0x0000000090000074                . = ALIGN (0x4)
                0x0000000090000074                PROVIDE (_edata = .)
                [!provide]                        PROVIDE (edata = .)
                [!provide]                        PROVIDE (_fbss = .)
                0x0000000090000074                PROVIDE (__bss_start = .)

.bss            0x0000000090000074      0x154
 *(.sbss*)
 .sbss.errno    0x0000000090000074        0x4 e:/vmshare/e203/nucleistudio/toolchain/gcc/bin/../lib/gcc/riscv-nuclei-elf/10.1.0/../../../../riscv-nuclei-elf/lib/rv32imac/ilp32\libg_nano.a(lib_a-reent.o)
                0x0000000090000074                errno
 .sbss._global_atexit
                0x0000000090000078        0x4 e:/vmshare/e203/nucleistudio/toolchain/gcc/bin/../lib/gcc/riscv-nuclei-elf/10.1.0/../../../../riscv-nuclei-elf/lib/rv32imac/ilp32\libg_nano.a(lib_a-__call_atexit.o)
                0x0000000090000078                _global_atexit
 .sbss.__malloc_free_list
                0x000000009000007c        0x4 e:/vmshare/e203/nucleistudio/toolchain/gcc/bin/../lib/gcc/riscv-nuclei-elf/10.1.0/../../../../riscv-nuclei-elf/lib/rv32imac/ilp32\libg_nano.a(lib_a-nano-mallocr.o)
                0x000000009000007c                __malloc_free_list
 .sbss.__malloc_sbrk_start
                0x0000000090000080        0x4 e:/vmshare/e203/nucleistudio/toolchain/gcc/bin/../lib/gcc/riscv-nuclei-elf/10.1.0/../../../../riscv-nuclei-elf/lib/rv32imac/ilp32\libg_nano.a(lib_a-nano-mallocr.o)
                0x0000000090000080                __malloc_sbrk_start
 *(.gnu.linkonce.sb.*)
 *(.bss .bss.*)
 .bss.SystemCoreInterruptHandlers
                0x0000000090000084       0x28 ./hbird_sdk/SoC/hbirdv2/Common/Source/system_hbirdv2.o
 .bss.SystemExceptionHandlers
                0x00000000900000ac       0x2c ./hbird_sdk/SoC/hbirdv2/Common/Source/system_hbirdv2.o
 .bss.SystemExtInterruptHandlers
                0x00000000900000d8       0x44 ./hbird_sdk/SoC/hbirdv2/Common/Source/system_hbirdv2.o
 .bss.misa_chars.0
                0x000000009000011c       0x1e ./application/main.o
 *fill*         0x000000009000013a        0x2 
 .bss._global_atexit0
                0x000000009000013c       0x8c e:/vmshare/e203/nucleistudio/toolchain/gcc/bin/../lib/gcc/riscv-nuclei-elf/10.1.0/../../../../riscv-nuclei-elf/lib/rv32imac/ilp32\libg_nano.a(lib_a-__atexit.o)
 *(.gnu.linkonce.b.*)
 *(COMMON)
                0x00000000900001c8                . = ALIGN (0x4)
                0x00000000900001c8                . = ALIGN (0x8)
                0x00000000900001c8                PROVIDE (_end = .)
                [!provide]                        PROVIDE (end = .)

.stack          0x000000009000f800      0x800 load address 0x00000000900001c8
                0x000000009000f800                PROVIDE (_heap_end = .)
                0x0000000000000800                . = __stack_size
 *fill*         0x000000009000f800      0x800 
                0x0000000090010000                PROVIDE (_sp = .)
OUTPUT(decmec.elf elf32-littleriscv)

.debug_info     0x0000000000000000     0x35a1
 .debug_info    0x0000000000000000       0xac ./hbird_sdk/SoC/hbirdv2/Common/Source/Stubs/close.o
 .debug_info    0x00000000000000ac      0x2c8 ./hbird_sdk/SoC/hbirdv2/Common/Source/Stubs/fstat.o
 .debug_info    0x0000000000000374       0xa0 ./hbird_sdk/SoC/hbirdv2/Common/Source/Stubs/isatty.o
 .debug_info    0x0000000000000414       0xbd ./hbird_sdk/SoC/hbirdv2/Common/Source/Stubs/lseek.o
 .debug_info    0x00000000000004d1      0x240 ./hbird_sdk/SoC/hbirdv2/Common/Source/Stubs/read.o
 .debug_info    0x0000000000000711       0xea ./hbird_sdk/SoC/hbirdv2/Common/Source/Stubs/sbrk.o
 .debug_info    0x00000000000007fb      0x2b2 ./hbird_sdk/SoC/hbirdv2/Common/Source/Stubs/write.o
 .debug_info    0x0000000000000aad       0x26 ./hbird_sdk/SoC/hbirdv2/Common/Source/GCC/intexc_hbirdv2.o
 .debug_info    0x0000000000000ad3       0x26 ./hbird_sdk/SoC/hbirdv2/Common/Source/GCC/startup_hbirdv2.o
 .debug_info    0x0000000000000af9      0x386 ./hbird_sdk/SoC/hbirdv2/Common/Source/Drivers/hbirdv2_gpio.o
 .debug_info    0x0000000000000e7f      0x539 ./hbird_sdk/SoC/hbirdv2/Common/Source/Drivers/hbirdv2_uart.o
 .debug_info    0x00000000000013b8      0x329 ./hbird_sdk/SoC/hbirdv2/Common/Source/hbirdv2_common.o
 .debug_info    0x00000000000016e1      0xf76 ./hbird_sdk/SoC/hbirdv2/Common/Source/system_hbirdv2.o
 .debug_info    0x0000000000002657      0x6a5 ./application/main.o
 .debug_info    0x0000000000002cfc      0x7c0 e:/vmshare/e203/nucleistudio/toolchain/gcc/bin/../lib/gcc/riscv-nuclei-elf/10.1.0/rv32imac/ilp32\libgcc.a(_udivdi3.o)
 .debug_info    0x00000000000034bc       0xe5 e:/vmshare/e203/nucleistudio/toolchain/gcc/bin/../lib/gcc/riscv-nuclei-elf/10.1.0/rv32imac/ilp32\libgcc.a(_clz.o)

.debug_abbrev   0x0000000000000000     0x1201
 .debug_abbrev  0x0000000000000000       0x6a ./hbird_sdk/SoC/hbirdv2/Common/Source/Stubs/close.o
 .debug_abbrev  0x000000000000006a       0xc9 ./hbird_sdk/SoC/hbirdv2/Common/Source/Stubs/fstat.o
 .debug_abbrev  0x0000000000000133       0x57 ./hbird_sdk/SoC/hbirdv2/Common/Source/Stubs/isatty.o
 .debug_abbrev  0x000000000000018a       0x68 ./hbird_sdk/SoC/hbirdv2/Common/Source/Stubs/lseek.o
 .debug_abbrev  0x00000000000001f2      0x110 ./hbird_sdk/SoC/hbirdv2/Common/Source/Stubs/read.o
 .debug_abbrev  0x0000000000000302       0xa8 ./hbird_sdk/SoC/hbirdv2/Common/Source/Stubs/sbrk.o
 .debug_abbrev  0x00000000000003aa      0x13c ./hbird_sdk/SoC/hbirdv2/Common/Source/Stubs/write.o
 .debug_abbrev  0x00000000000004e6       0x14 ./hbird_sdk/SoC/hbirdv2/Common/Source/GCC/intexc_hbirdv2.o
 .debug_abbrev  0x00000000000004fa       0x14 ./hbird_sdk/SoC/hbirdv2/Common/Source/GCC/startup_hbirdv2.o
 .debug_abbrev  0x000000000000050e       0xf2 ./hbird_sdk/SoC/hbirdv2/Common/Source/Drivers/hbirdv2_gpio.o
 .debug_abbrev  0x0000000000000600      0x15f ./hbird_sdk/SoC/hbirdv2/Common/Source/Drivers/hbirdv2_uart.o
 .debug_abbrev  0x000000000000075f      0x1c0 ./hbird_sdk/SoC/hbirdv2/Common/Source/hbirdv2_common.o
 .debug_abbrev  0x000000000000091f      0x4a9 ./hbird_sdk/SoC/hbirdv2/Common/Source/system_hbirdv2.o
 .debug_abbrev  0x0000000000000dc8      0x22c ./application/main.o
 .debug_abbrev  0x0000000000000ff4      0x19d e:/vmshare/e203/nucleistudio/toolchain/gcc/bin/../lib/gcc/riscv-nuclei-elf/10.1.0/rv32imac/ilp32\libgcc.a(_udivdi3.o)
 .debug_abbrev  0x0000000000001191       0x70 e:/vmshare/e203/nucleistudio/toolchain/gcc/bin/../lib/gcc/riscv-nuclei-elf/10.1.0/rv32imac/ilp32\libgcc.a(_clz.o)

.debug_loc      0x0000000000000000     0x20b6
 .debug_loc     0x0000000000000000       0x21 ./hbird_sdk/SoC/hbirdv2/Common/Source/Stubs/close.o
 .debug_loc     0x0000000000000021       0x2e ./hbird_sdk/SoC/hbirdv2/Common/Source/Stubs/fstat.o
 .debug_loc     0x000000000000004f       0x21 ./hbird_sdk/SoC/hbirdv2/Common/Source/Stubs/isatty.o
 .debug_loc     0x0000000000000070       0x21 ./hbird_sdk/SoC/hbirdv2/Common/Source/Stubs/lseek.o
 .debug_loc     0x0000000000000091       0xa8 ./hbird_sdk/SoC/hbirdv2/Common/Source/Stubs/read.o
 .debug_loc     0x0000000000000139       0x21 ./hbird_sdk/SoC/hbirdv2/Common/Source/Stubs/sbrk.o
 .debug_loc     0x000000000000015a       0xe9 ./hbird_sdk/SoC/hbirdv2/Common/Source/Stubs/write.o
 .debug_loc     0x0000000000000243      0x42c ./hbird_sdk/SoC/hbirdv2/Common/Source/Drivers/hbirdv2_gpio.o
 .debug_loc     0x000000000000066f      0x45c ./hbird_sdk/SoC/hbirdv2/Common/Source/Drivers/hbirdv2_uart.o
 .debug_loc     0x0000000000000acb       0xd1 ./hbird_sdk/SoC/hbirdv2/Common/Source/hbirdv2_common.o
 .debug_loc     0x0000000000000b9c      0x690 ./hbird_sdk/SoC/hbirdv2/Common/Source/system_hbirdv2.o
 .debug_loc     0x000000000000122c      0x2ad ./application/main.o
 .debug_loc     0x00000000000014d9      0xbdd e:/vmshare/e203/nucleistudio/toolchain/gcc/bin/../lib/gcc/riscv-nuclei-elf/10.1.0/rv32imac/ilp32\libgcc.a(_udivdi3.o)

.debug_aranges  0x0000000000000000      0x340
 .debug_aranges
                0x0000000000000000       0x20 ./hbird_sdk/SoC/hbirdv2/Common/Source/Stubs/close.o
 .debug_aranges
                0x0000000000000020       0x20 ./hbird_sdk/SoC/hbirdv2/Common/Source/Stubs/fstat.o
 .debug_aranges
                0x0000000000000040       0x20 ./hbird_sdk/SoC/hbirdv2/Common/Source/Stubs/isatty.o
 .debug_aranges
                0x0000000000000060       0x20 ./hbird_sdk/SoC/hbirdv2/Common/Source/Stubs/lseek.o
 .debug_aranges
                0x0000000000000080       0x20 ./hbird_sdk/SoC/hbirdv2/Common/Source/Stubs/read.o
 .debug_aranges
                0x00000000000000a0       0x20 ./hbird_sdk/SoC/hbirdv2/Common/Source/Stubs/sbrk.o
 .debug_aranges
                0x00000000000000c0       0x20 ./hbird_sdk/SoC/hbirdv2/Common/Source/Stubs/write.o
 .debug_aranges
                0x00000000000000e0       0x20 ./hbird_sdk/SoC/hbirdv2/Common/Source/GCC/intexc_hbirdv2.o
 .debug_aranges
                0x0000000000000100       0x20 ./hbird_sdk/SoC/hbirdv2/Common/Source/GCC/startup_hbirdv2.o
 .debug_aranges
                0x0000000000000120       0x60 ./hbird_sdk/SoC/hbirdv2/Common/Source/Drivers/hbirdv2_gpio.o
 .debug_aranges
                0x0000000000000180       0x98 ./hbird_sdk/SoC/hbirdv2/Common/Source/Drivers/hbirdv2_uart.o
 .debug_aranges
                0x0000000000000218       0x30 ./hbird_sdk/SoC/hbirdv2/Common/Source/hbirdv2_common.o
 .debug_aranges
                0x0000000000000248       0x98 ./hbird_sdk/SoC/hbirdv2/Common/Source/system_hbirdv2.o
 .debug_aranges
                0x00000000000002e0       0x28 ./application/main.o
 .debug_aranges
                0x0000000000000308       0x20 e:/vmshare/e203/nucleistudio/toolchain/gcc/bin/../lib/gcc/riscv-nuclei-elf/10.1.0/rv32imac/ilp32\libgcc.a(_udivdi3.o)
 .debug_aranges
                0x0000000000000328       0x18 e:/vmshare/e203/nucleistudio/toolchain/gcc/bin/../lib/gcc/riscv-nuclei-elf/10.1.0/rv32imac/ilp32\libgcc.a(_clz.o)

.debug_ranges   0x0000000000000000      0x458
 .debug_ranges  0x0000000000000000       0x10 ./hbird_sdk/SoC/hbirdv2/Common/Source/Stubs/close.o
 .debug_ranges  0x0000000000000010       0x10 ./hbird_sdk/SoC/hbirdv2/Common/Source/Stubs/fstat.o
 .debug_ranges  0x0000000000000020       0x10 ./hbird_sdk/SoC/hbirdv2/Common/Source/Stubs/isatty.o
 .debug_ranges  0x0000000000000030       0x10 ./hbird_sdk/SoC/hbirdv2/Common/Source/Stubs/lseek.o
 .debug_ranges  0x0000000000000040       0x10 ./hbird_sdk/SoC/hbirdv2/Common/Source/Stubs/read.o
 .debug_ranges  0x0000000000000050       0x10 ./hbird_sdk/SoC/hbirdv2/Common/Source/Stubs/sbrk.o
 .debug_ranges  0x0000000000000060       0x10 ./hbird_sdk/SoC/hbirdv2/Common/Source/Stubs/write.o
 .debug_ranges  0x0000000000000070       0x50 ./hbird_sdk/SoC/hbirdv2/Common/Source/Drivers/hbirdv2_gpio.o
 .debug_ranges  0x00000000000000c0       0x88 ./hbird_sdk/SoC/hbirdv2/Common/Source/Drivers/hbirdv2_uart.o
 .debug_ranges  0x0000000000000148       0x80 ./hbird_sdk/SoC/hbirdv2/Common/Source/hbirdv2_common.o
 .debug_ranges  0x00000000000001c8      0x150 ./hbird_sdk/SoC/hbirdv2/Common/Source/system_hbirdv2.o
 .debug_ranges  0x0000000000000318       0x48 ./application/main.o
 .debug_ranges  0x0000000000000360       0xf8 e:/vmshare/e203/nucleistudio/toolchain/gcc/bin/../lib/gcc/riscv-nuclei-elf/10.1.0/rv32imac/ilp32\libgcc.a(_udivdi3.o)

.debug_line     0x0000000000000000     0x40ae
 .debug_line    0x0000000000000000       0x88 ./hbird_sdk/SoC/hbirdv2/Common/Source/Stubs/close.o
 .debug_line    0x0000000000000088      0x1b6 ./hbird_sdk/SoC/hbirdv2/Common/Source/Stubs/fstat.o
 .debug_line    0x000000000000023e       0x77 ./hbird_sdk/SoC/hbirdv2/Common/Source/Stubs/isatty.o
 .debug_line    0x00000000000002b5       0x76 ./hbird_sdk/SoC/hbirdv2/Common/Source/Stubs/lseek.o
 .debug_line    0x000000000000032b      0x27e ./hbird_sdk/SoC/hbirdv2/Common/Source/Stubs/read.o
 .debug_line    0x00000000000005a9      0x13e ./hbird_sdk/SoC/hbirdv2/Common/Source/Stubs/sbrk.o
 .debug_line    0x00000000000006e7      0x315 ./hbird_sdk/SoC/hbirdv2/Common/Source/Stubs/write.o
 .debug_line    0x00000000000009fc       0x97 ./hbird_sdk/SoC/hbirdv2/Common/Source/GCC/intexc_hbirdv2.o
 .debug_line    0x0000000000000a93      0x163 ./hbird_sdk/SoC/hbirdv2/Common/Source/GCC/startup_hbirdv2.o
 .debug_line    0x0000000000000bf6      0x677 ./hbird_sdk/SoC/hbirdv2/Common/Source/Drivers/hbirdv2_gpio.o
 .debug_line    0x000000000000126d      0x96c ./hbird_sdk/SoC/hbirdv2/Common/Source/Drivers/hbirdv2_uart.o
 .debug_line    0x0000000000001bd9      0x488 ./hbird_sdk/SoC/hbirdv2/Common/Source/hbirdv2_common.o
 .debug_line    0x0000000000002061      0xd05 ./hbird_sdk/SoC/hbirdv2/Common/Source/system_hbirdv2.o
 .debug_line    0x0000000000002d66      0xb5a ./application/main.o
 .debug_line    0x00000000000038c0      0x772 e:/vmshare/e203/nucleistudio/toolchain/gcc/bin/../lib/gcc/riscv-nuclei-elf/10.1.0/rv32imac/ilp32\libgcc.a(_udivdi3.o)
 .debug_line    0x0000000000004032       0x7c e:/vmshare/e203/nucleistudio/toolchain/gcc/bin/../lib/gcc/riscv-nuclei-elf/10.1.0/rv32imac/ilp32\libgcc.a(_clz.o)

.debug_str      0x0000000000000000     0x1314
 .debug_str     0x0000000000000000      0x171 ./hbird_sdk/SoC/hbirdv2/Common/Source/Stubs/close.o
                                        0x1b6 (size before relaxing)
 .debug_str     0x0000000000000171      0x141 ./hbird_sdk/SoC/hbirdv2/Common/Source/Stubs/fstat.o
                                        0x307 (size before relaxing)
 .debug_str     0x00000000000002b2       0x3e ./hbird_sdk/SoC/hbirdv2/Common/Source/Stubs/isatty.o
                                        0x1b2 (size before relaxing)
 .debug_str     0x00000000000002f0       0x4a ./hbird_sdk/SoC/hbirdv2/Common/Source/Stubs/lseek.o
                                        0x1c3 (size before relaxing)
 .debug_str     0x000000000000033a       0x66 ./hbird_sdk/SoC/hbirdv2/Common/Source/Stubs/read.o
                                        0x20b (size before relaxing)
 .debug_str     0x00000000000003a0       0x5a ./hbird_sdk/SoC/hbirdv2/Common/Source/Stubs/sbrk.o
                                        0x1d3 (size before relaxing)
 .debug_str     0x00000000000003fa       0x49 ./hbird_sdk/SoC/hbirdv2/Common/Source/Stubs/write.o
                                        0x216 (size before relaxing)
 .debug_str     0x0000000000000443       0x48 ./hbird_sdk/SoC/hbirdv2/Common/Source/GCC/intexc_hbirdv2.o
                                         0x7a (size before relaxing)
 .debug_str     0x000000000000048b       0x3d ./hbird_sdk/SoC/hbirdv2/Common/Source/GCC/startup_hbirdv2.o
                                         0x7b (size before relaxing)
 .debug_str     0x00000000000004c8      0x18d ./hbird_sdk/SoC/hbirdv2/Common/Source/Drivers/hbirdv2_gpio.o
                                        0x31d (size before relaxing)
 .debug_str     0x0000000000000655      0x204 ./hbird_sdk/SoC/hbirdv2/Common/Source/Drivers/hbirdv2_uart.o
                                        0x3df (size before relaxing)
 .debug_str     0x0000000000000859      0x128 ./hbird_sdk/SoC/hbirdv2/Common/Source/hbirdv2_common.o
                                        0x2bd (size before relaxing)
 .debug_str     0x0000000000000981      0x596 ./hbird_sdk/SoC/hbirdv2/Common/Source/system_hbirdv2.o
                                        0x7fe (size before relaxing)
 .debug_str     0x0000000000000f17       0xcd ./application/main.o
                                        0x29f (size before relaxing)
 .debug_str     0x0000000000000fe4      0x27d e:/vmshare/e203/nucleistudio/toolchain/gcc/bin/../lib/gcc/riscv-nuclei-elf/10.1.0/rv32imac/ilp32\libgcc.a(_udivdi3.o)
                                        0x345 (size before relaxing)
 .debug_str     0x0000000000001261       0xb3 e:/vmshare/e203/nucleistudio/toolchain/gcc/bin/../lib/gcc/riscv-nuclei-elf/10.1.0/rv32imac/ilp32\libgcc.a(_clz.o)
                                        0x28c (size before relaxing)

.comment        0x0000000000000000       0x12
 .comment       0x0000000000000000       0x12 ./hbird_sdk/SoC/hbirdv2/Common/Source/Stubs/close.o
                                         0x13 (size before relaxing)
 .comment       0x0000000000000012       0x13 ./hbird_sdk/SoC/hbirdv2/Common/Source/Stubs/fstat.o
 .comment       0x0000000000000012       0x13 ./hbird_sdk/SoC/hbirdv2/Common/Source/Stubs/isatty.o
 .comment       0x0000000000000012       0x13 ./hbird_sdk/SoC/hbirdv2/Common/Source/Stubs/lseek.o
 .comment       0x0000000000000012       0x13 ./hbird_sdk/SoC/hbirdv2/Common/Source/Stubs/read.o
 .comment       0x0000000000000012       0x13 ./hbird_sdk/SoC/hbirdv2/Common/Source/Stubs/sbrk.o
 .comment       0x0000000000000012       0x13 ./hbird_sdk/SoC/hbirdv2/Common/Source/Stubs/write.o
 .comment       0x0000000000000012       0x13 ./hbird_sdk/SoC/hbirdv2/Common/Source/Drivers/hbirdv2_gpio.o
 .comment       0x0000000000000012       0x13 ./hbird_sdk/SoC/hbirdv2/Common/Source/Drivers/hbirdv2_uart.o
 .comment       0x0000000000000012       0x13 ./hbird_sdk/SoC/hbirdv2/Common/Source/hbirdv2_common.o
 .comment       0x0000000000000012       0x13 ./hbird_sdk/SoC/hbirdv2/Common/Source/system_hbirdv2.o
 .comment       0x0000000000000012       0x13 ./application/main.o
 .comment       0x0000000000000012       0x13 e:/vmshare/e203/nucleistudio/toolchain/gcc/bin/../lib/gcc/riscv-nuclei-elf/10.1.0/rv32imac/ilp32\libgcc.a(_udivdi3.o)
 .comment       0x0000000000000012       0x13 e:/vmshare/e203/nucleistudio/toolchain/gcc/bin/../lib/gcc/riscv-nuclei-elf/10.1.0/rv32imac/ilp32\libgcc.a(_clz.o)
 .comment       0x0000000000000012       0x13 e:/vmshare/e203/nucleistudio/toolchain/gcc/bin/../lib/gcc/riscv-nuclei-elf/10.1.0/../../../../riscv-nuclei-elf/lib/rv32imac/ilp32\libg_nano.a(lib_a-atexit.o)
 .comment       0x0000000000000012       0x13 e:/vmshare/e203/nucleistudio/toolchain/gcc/bin/../lib/gcc/riscv-nuclei-elf/10.1.0/../../../../riscv-nuclei-elf/lib/rv32imac/ilp32\libg_nano.a(lib_a-fini.o)
 .comment       0x0000000000000012       0x13 e:/vmshare/e203/nucleistudio/toolchain/gcc/bin/../lib/gcc/riscv-nuclei-elf/10.1.0/../../../../riscv-nuclei-elf/lib/rv32imac/ilp32\libg_nano.a(lib_a-init.o)
 .comment       0x0000000000000012       0x13 e:/vmshare/e203/nucleistudio/toolchain/gcc/bin/../lib/gcc/riscv-nuclei-elf/10.1.0/../../../../riscv-nuclei-elf/lib/rv32imac/ilp32\libg_nano.a(lib_a-printf.o)
 .comment       0x0000000000000012       0x13 e:/vmshare/e203/nucleistudio/toolchain/gcc/bin/../lib/gcc/riscv-nuclei-elf/10.1.0/../../../../riscv-nuclei-elf/lib/rv32imac/ilp32\libg_nano.a(lib_a-puts.o)
 .comment       0x0000000000000012       0x13 e:/vmshare/e203/nucleistudio/toolchain/gcc/bin/../lib/gcc/riscv-nuclei-elf/10.1.0/../../../../riscv-nuclei-elf/lib/rv32imac/ilp32\libg_nano.a(lib_a-rand.o)
 .comment       0x0000000000000012       0x13 e:/vmshare/e203/nucleistudio/toolchain/gcc/bin/../lib/gcc/riscv-nuclei-elf/10.1.0/../../../../riscv-nuclei-elf/lib/rv32imac/ilp32\libg_nano.a(lib_a-reent.o)
 .comment       0x0000000000000012       0x13 e:/vmshare/e203/nucleistudio/toolchain/gcc/bin/../lib/gcc/riscv-nuclei-elf/10.1.0/../../../../riscv-nuclei-elf/lib/rv32imac/ilp32\libg_nano.a(lib_a-sysisatty.o)
 .comment       0x0000000000000012       0x13 e:/vmshare/e203/nucleistudio/toolchain/gcc/bin/../lib/gcc/riscv-nuclei-elf/10.1.0/../../../../riscv-nuclei-elf/lib/rv32imac/ilp32\libg_nano.a(lib_a-wbuf.o)
 .comment       0x0000000000000012       0x13 e:/vmshare/e203/nucleistudio/toolchain/gcc/bin/../lib/gcc/riscv-nuclei-elf/10.1.0/../../../../riscv-nuclei-elf/lib/rv32imac/ilp32\libg_nano.a(lib_a-wsetup.o)
 .comment       0x0000000000000012       0x13 e:/vmshare/e203/nucleistudio/toolchain/gcc/bin/../lib/gcc/riscv-nuclei-elf/10.1.0/../../../../riscv-nuclei-elf/lib/rv32imac/ilp32\libg_nano.a(lib_a-__atexit.o)
 .comment       0x0000000000000012       0x13 e:/vmshare/e203/nucleistudio/toolchain/gcc/bin/../lib/gcc/riscv-nuclei-elf/10.1.0/../../../../riscv-nuclei-elf/lib/rv32imac/ilp32\libg_nano.a(lib_a-__call_atexit.o)
 .comment       0x0000000000000012       0x13 e:/vmshare/e203/nucleistudio/toolchain/gcc/bin/../lib/gcc/riscv-nuclei-elf/10.1.0/../../../../riscv-nuclei-elf/lib/rv32imac/ilp32\libg_nano.a(lib_a-fflush.o)
 .comment       0x0000000000000012       0x13 e:/vmshare/e203/nucleistudio/toolchain/gcc/bin/../lib/gcc/riscv-nuclei-elf/10.1.0/../../../../riscv-nuclei-elf/lib/rv32imac/ilp32\libg_nano.a(lib_a-findfp.o)
 .comment       0x0000000000000012       0x13 e:/vmshare/e203/nucleistudio/toolchain/gcc/bin/../lib/gcc/riscv-nuclei-elf/10.1.0/../../../../riscv-nuclei-elf/lib/rv32imac/ilp32\libg_nano.a(lib_a-fwalk.o)
 .comment       0x0000000000000012       0x13 e:/vmshare/e203/nucleistudio/toolchain/gcc/bin/../lib/gcc/riscv-nuclei-elf/10.1.0/../../../../riscv-nuclei-elf/lib/rv32imac/ilp32\libg_nano.a(lib_a-impure.o)
 .comment       0x0000000000000012       0x13 e:/vmshare/e203/nucleistudio/toolchain/gcc/bin/../lib/gcc/riscv-nuclei-elf/10.1.0/../../../../riscv-nuclei-elf/lib/rv32imac/ilp32\libg_nano.a(lib_a-makebuf.o)
 .comment       0x0000000000000012       0x13 e:/vmshare/e203/nucleistudio/toolchain/gcc/bin/../lib/gcc/riscv-nuclei-elf/10.1.0/../../../../riscv-nuclei-elf/lib/rv32imac/ilp32\libg_nano.a(lib_a-malloc.o)
 .comment       0x0000000000000012       0x13 e:/vmshare/e203/nucleistudio/toolchain/gcc/bin/../lib/gcc/riscv-nuclei-elf/10.1.0/../../../../riscv-nuclei-elf/lib/rv32imac/ilp32\libg_nano.a(lib_a-nano-freer.o)
 .comment       0x0000000000000012       0x13 e:/vmshare/e203/nucleistudio/toolchain/gcc/bin/../lib/gcc/riscv-nuclei-elf/10.1.0/../../../../riscv-nuclei-elf/lib/rv32imac/ilp32\libg_nano.a(lib_a-nano-mallocr.o)
 .comment       0x0000000000000012       0x13 e:/vmshare/e203/nucleistudio/toolchain/gcc/bin/../lib/gcc/riscv-nuclei-elf/10.1.0/../../../../riscv-nuclei-elf/lib/rv32imac/ilp32\libg_nano.a(lib_a-nano-vfprintf.o)
 .comment       0x0000000000000012       0x13 e:/vmshare/e203/nucleistudio/toolchain/gcc/bin/../lib/gcc/riscv-nuclei-elf/10.1.0/../../../../riscv-nuclei-elf/lib/rv32imac/ilp32\libg_nano.a(lib_a-sbrkr.o)
 .comment       0x0000000000000012       0x13 e:/vmshare/e203/nucleistudio/toolchain/gcc/bin/../lib/gcc/riscv-nuclei-elf/10.1.0/../../../../riscv-nuclei-elf/lib/rv32imac/ilp32\libg_nano.a(lib_a-stdio.o)
 .comment       0x0000000000000012       0x13 e:/vmshare/e203/nucleistudio/toolchain/gcc/bin/../lib/gcc/riscv-nuclei-elf/10.1.0/../../../../riscv-nuclei-elf/lib/rv32imac/ilp32\libg_nano.a(lib_a-writer.o)
 .comment       0x0000000000000012       0x13 e:/vmshare/e203/nucleistudio/toolchain/gcc/bin/../lib/gcc/riscv-nuclei-elf/10.1.0/../../../../riscv-nuclei-elf/lib/rv32imac/ilp32\libg_nano.a(lib_a-closer.o)
 .comment       0x0000000000000012       0x13 e:/vmshare/e203/nucleistudio/toolchain/gcc/bin/../lib/gcc/riscv-nuclei-elf/10.1.0/../../../../riscv-nuclei-elf/lib/rv32imac/ilp32\libg_nano.a(lib_a-fstatr.o)
 .comment       0x0000000000000012       0x13 e:/vmshare/e203/nucleistudio/toolchain/gcc/bin/../lib/gcc/riscv-nuclei-elf/10.1.0/../../../../riscv-nuclei-elf/lib/rv32imac/ilp32\libg_nano.a(lib_a-isattyr.o)
 .comment       0x0000000000000012       0x13 e:/vmshare/e203/nucleistudio/toolchain/gcc/bin/../lib/gcc/riscv-nuclei-elf/10.1.0/../../../../riscv-nuclei-elf/lib/rv32imac/ilp32\libg_nano.a(lib_a-lseekr.o)
 .comment       0x0000000000000012       0x13 e:/vmshare/e203/nucleistudio/toolchain/gcc/bin/../lib/gcc/riscv-nuclei-elf/10.1.0/../../../../riscv-nuclei-elf/lib/rv32imac/ilp32\libg_nano.a(lib_a-memchr.o)
 .comment       0x0000000000000012       0x13 e:/vmshare/e203/nucleistudio/toolchain/gcc/bin/../lib/gcc/riscv-nuclei-elf/10.1.0/../../../../riscv-nuclei-elf/lib/rv32imac/ilp32\libg_nano.a(lib_a-mlock.o)
 .comment       0x0000000000000012       0x13 e:/vmshare/e203/nucleistudio/toolchain/gcc/bin/../lib/gcc/riscv-nuclei-elf/10.1.0/../../../../riscv-nuclei-elf/lib/rv32imac/ilp32\libg_nano.a(lib_a-nano-vfprintf_i.o)
 .comment       0x0000000000000012       0x13 e:/vmshare/e203/nucleistudio/toolchain/gcc/bin/../lib/gcc/riscv-nuclei-elf/10.1.0/../../../../riscv-nuclei-elf/lib/rv32imac/ilp32\libg_nano.a(lib_a-readr.o)

.riscv.attributes
                0x0000000000000000       0x2f
 .riscv.attributes
                0x0000000000000000       0x2b ./hbird_sdk/SoC/hbirdv2/Common/Source/Stubs/close.o
 .riscv.attributes
                0x000000000000002b       0x2b ./hbird_sdk/SoC/hbirdv2/Common/Source/Stubs/fstat.o
 .riscv.attributes
                0x0000000000000056       0x2b ./hbird_sdk/SoC/hbirdv2/Common/Source/Stubs/isatty.o
 .riscv.attributes
                0x0000000000000081       0x2b ./hbird_sdk/SoC/hbirdv2/Common/Source/Stubs/lseek.o
 .riscv.attributes
                0x00000000000000ac       0x2b ./hbird_sdk/SoC/hbirdv2/Common/Source/Stubs/read.o
 .riscv.attributes
                0x00000000000000d7       0x2b ./hbird_sdk/SoC/hbirdv2/Common/Source/Stubs/sbrk.o
 .riscv.attributes
                0x0000000000000102       0x2b ./hbird_sdk/SoC/hbirdv2/Common/Source/Stubs/write.o
 .riscv.attributes
                0x000000000000012d       0x2d ./hbird_sdk/SoC/hbirdv2/Common/Source/GCC/intexc_hbirdv2.o
 .riscv.attributes
                0x000000000000015a       0x2d ./hbird_sdk/SoC/hbirdv2/Common/Source/GCC/startup_hbirdv2.o
 .riscv.attributes
                0x0000000000000187       0x2b ./hbird_sdk/SoC/hbirdv2/Common/Source/Drivers/hbirdv2_gpio.o
 .riscv.attributes
                0x00000000000001b2       0x2b ./hbird_sdk/SoC/hbirdv2/Common/Source/Drivers/hbirdv2_uart.o
 .riscv.attributes
                0x00000000000001dd       0x2f ./hbird_sdk/SoC/hbirdv2/Common/Source/hbirdv2_common.o
 .riscv.attributes
                0x000000000000020c       0x2f ./hbird_sdk/SoC/hbirdv2/Common/Source/system_hbirdv2.o
 .riscv.attributes
                0x000000000000023b       0x2f ./application/main.o
 .riscv.attributes
                0x000000000000026a       0x2b e:/vmshare/e203/nucleistudio/toolchain/gcc/bin/../lib/gcc/riscv-nuclei-elf/10.1.0/rv32imac/ilp32\libgcc.a(_udivdi3.o)
 .riscv.attributes
                0x0000000000000295       0x2b e:/vmshare/e203/nucleistudio/toolchain/gcc/bin/../lib/gcc/riscv-nuclei-elf/10.1.0/rv32imac/ilp32\libgcc.a(_clz.o)
 .riscv.attributes
                0x00000000000002c0       0x2b e:/vmshare/e203/nucleistudio/toolchain/gcc/bin/../lib/gcc/riscv-nuclei-elf/10.1.0/../../../../riscv-nuclei-elf/lib/rv32imac/ilp32\libg_nano.a(lib_a-atexit.o)
 .riscv.attributes
                0x00000000000002eb       0x2b e:/vmshare/e203/nucleistudio/toolchain/gcc/bin/../lib/gcc/riscv-nuclei-elf/10.1.0/../../../../riscv-nuclei-elf/lib/rv32imac/ilp32\libg_nano.a(lib_a-fini.o)
 .riscv.attributes
                0x0000000000000316       0x2b e:/vmshare/e203/nucleistudio/toolchain/gcc/bin/../lib/gcc/riscv-nuclei-elf/10.1.0/../../../../riscv-nuclei-elf/lib/rv32imac/ilp32\libg_nano.a(lib_a-init.o)
 .riscv.attributes
                0x0000000000000341       0x2b e:/vmshare/e203/nucleistudio/toolchain/gcc/bin/../lib/gcc/riscv-nuclei-elf/10.1.0/../../../../riscv-nuclei-elf/lib/rv32imac/ilp32\libg_nano.a(lib_a-printf.o)
 .riscv.attributes
                0x000000000000036c       0x2b e:/vmshare/e203/nucleistudio/toolchain/gcc/bin/../lib/gcc/riscv-nuclei-elf/10.1.0/../../../../riscv-nuclei-elf/lib/rv32imac/ilp32\libg_nano.a(lib_a-puts.o)
 .riscv.attributes
                0x0000000000000397       0x2b e:/vmshare/e203/nucleistudio/toolchain/gcc/bin/../lib/gcc/riscv-nuclei-elf/10.1.0/../../../../riscv-nuclei-elf/lib/rv32imac/ilp32\libg_nano.a(lib_a-rand.o)
 .riscv.attributes
                0x00000000000003c2       0x2b e:/vmshare/e203/nucleistudio/toolchain/gcc/bin/../lib/gcc/riscv-nuclei-elf/10.1.0/../../../../riscv-nuclei-elf/lib/rv32imac/ilp32\libg_nano.a(lib_a-reent.o)
 .riscv.attributes
                0x00000000000003ed       0x2b e:/vmshare/e203/nucleistudio/toolchain/gcc/bin/../lib/gcc/riscv-nuclei-elf/10.1.0/../../../../riscv-nuclei-elf/lib/rv32imac/ilp32\libg_nano.a(lib_a-sysisatty.o)
 .riscv.attributes
                0x0000000000000418       0x2b e:/vmshare/e203/nucleistudio/toolchain/gcc/bin/../lib/gcc/riscv-nuclei-elf/10.1.0/../../../../riscv-nuclei-elf/lib/rv32imac/ilp32\libg_nano.a(lib_a-wbuf.o)
 .riscv.attributes
                0x0000000000000443       0x2b e:/vmshare/e203/nucleistudio/toolchain/gcc/bin/../lib/gcc/riscv-nuclei-elf/10.1.0/../../../../riscv-nuclei-elf/lib/rv32imac/ilp32\libg_nano.a(lib_a-wsetup.o)
 .riscv.attributes
                0x000000000000046e       0x2b e:/vmshare/e203/nucleistudio/toolchain/gcc/bin/../lib/gcc/riscv-nuclei-elf/10.1.0/../../../../riscv-nuclei-elf/lib/rv32imac/ilp32\libg_nano.a(lib_a-__atexit.o)
 .riscv.attributes
                0x0000000000000499       0x2b e:/vmshare/e203/nucleistudio/toolchain/gcc/bin/../lib/gcc/riscv-nuclei-elf/10.1.0/../../../../riscv-nuclei-elf/lib/rv32imac/ilp32\libg_nano.a(lib_a-__call_atexit.o)
 .riscv.attributes
                0x00000000000004c4       0x2b e:/vmshare/e203/nucleistudio/toolchain/gcc/bin/../lib/gcc/riscv-nuclei-elf/10.1.0/../../../../riscv-nuclei-elf/lib/rv32imac/ilp32\libg_nano.a(lib_a-fflush.o)
 .riscv.attributes
                0x00000000000004ef       0x2b e:/vmshare/e203/nucleistudio/toolchain/gcc/bin/../lib/gcc/riscv-nuclei-elf/10.1.0/../../../../riscv-nuclei-elf/lib/rv32imac/ilp32\libg_nano.a(lib_a-findfp.o)
 .riscv.attributes
                0x000000000000051a       0x2b e:/vmshare/e203/nucleistudio/toolchain/gcc/bin/../lib/gcc/riscv-nuclei-elf/10.1.0/../../../../riscv-nuclei-elf/lib/rv32imac/ilp32\libg_nano.a(lib_a-fwalk.o)
 .riscv.attributes
                0x0000000000000545       0x2b e:/vmshare/e203/nucleistudio/toolchain/gcc/bin/../lib/gcc/riscv-nuclei-elf/10.1.0/../../../../riscv-nuclei-elf/lib/rv32imac/ilp32\libg_nano.a(lib_a-impure.o)
 .riscv.attributes
                0x0000000000000570       0x2b e:/vmshare/e203/nucleistudio/toolchain/gcc/bin/../lib/gcc/riscv-nuclei-elf/10.1.0/../../../../riscv-nuclei-elf/lib/rv32imac/ilp32\libg_nano.a(lib_a-makebuf.o)
 .riscv.attributes
                0x000000000000059b       0x2b e:/vmshare/e203/nucleistudio/toolchain/gcc/bin/../lib/gcc/riscv-nuclei-elf/10.1.0/../../../../riscv-nuclei-elf/lib/rv32imac/ilp32\libg_nano.a(lib_a-malloc.o)
 .riscv.attributes
                0x00000000000005c6       0x29 e:/vmshare/e203/nucleistudio/toolchain/gcc/bin/../lib/gcc/riscv-nuclei-elf/10.1.0/../../../../riscv-nuclei-elf/lib/rv32imac/ilp32\libg_nano.a(lib_a-memset.o)
 .riscv.attributes
                0x00000000000005ef       0x2b e:/vmshare/e203/nucleistudio/toolchain/gcc/bin/../lib/gcc/riscv-nuclei-elf/10.1.0/../../../../riscv-nuclei-elf/lib/rv32imac/ilp32\libg_nano.a(lib_a-nano-freer.o)
 .riscv.attributes
                0x000000000000061a       0x2b e:/vmshare/e203/nucleistudio/toolchain/gcc/bin/../lib/gcc/riscv-nuclei-elf/10.1.0/../../../../riscv-nuclei-elf/lib/rv32imac/ilp32\libg_nano.a(lib_a-nano-mallocr.o)
 .riscv.attributes
                0x0000000000000645       0x2b e:/vmshare/e203/nucleistudio/toolchain/gcc/bin/../lib/gcc/riscv-nuclei-elf/10.1.0/../../../../riscv-nuclei-elf/lib/rv32imac/ilp32\libg_nano.a(lib_a-nano-vfprintf.o)
 .riscv.attributes
                0x0000000000000670       0x2b e:/vmshare/e203/nucleistudio/toolchain/gcc/bin/../lib/gcc/riscv-nuclei-elf/10.1.0/../../../../riscv-nuclei-elf/lib/rv32imac/ilp32\libg_nano.a(lib_a-sbrkr.o)
 .riscv.attributes
                0x000000000000069b       0x2b e:/vmshare/e203/nucleistudio/toolchain/gcc/bin/../lib/gcc/riscv-nuclei-elf/10.1.0/../../../../riscv-nuclei-elf/lib/rv32imac/ilp32\libg_nano.a(lib_a-stdio.o)
 .riscv.attributes
                0x00000000000006c6       0x2b e:/vmshare/e203/nucleistudio/toolchain/gcc/bin/../lib/gcc/riscv-nuclei-elf/10.1.0/../../../../riscv-nuclei-elf/lib/rv32imac/ilp32\libg_nano.a(lib_a-writer.o)
 .riscv.attributes
                0x00000000000006f1       0x2b e:/vmshare/e203/nucleistudio/toolchain/gcc/bin/../lib/gcc/riscv-nuclei-elf/10.1.0/../../../../riscv-nuclei-elf/lib/rv32imac/ilp32\libg_nano.a(lib_a-closer.o)
 .riscv.attributes
                0x000000000000071c       0x2b e:/vmshare/e203/nucleistudio/toolchain/gcc/bin/../lib/gcc/riscv-nuclei-elf/10.1.0/../../../../riscv-nuclei-elf/lib/rv32imac/ilp32\libg_nano.a(lib_a-fstatr.o)
 .riscv.attributes
                0x0000000000000747       0x2b e:/vmshare/e203/nucleistudio/toolchain/gcc/bin/../lib/gcc/riscv-nuclei-elf/10.1.0/../../../../riscv-nuclei-elf/lib/rv32imac/ilp32\libg_nano.a(lib_a-isattyr.o)
 .riscv.attributes
                0x0000000000000772       0x2b e:/vmshare/e203/nucleistudio/toolchain/gcc/bin/../lib/gcc/riscv-nuclei-elf/10.1.0/../../../../riscv-nuclei-elf/lib/rv32imac/ilp32\libg_nano.a(lib_a-lseekr.o)
 .riscv.attributes
                0x000000000000079d       0x2b e:/vmshare/e203/nucleistudio/toolchain/gcc/bin/../lib/gcc/riscv-nuclei-elf/10.1.0/../../../../riscv-nuclei-elf/lib/rv32imac/ilp32\libg_nano.a(lib_a-memchr.o)
 .riscv.attributes
                0x00000000000007c8       0x2b e:/vmshare/e203/nucleistudio/toolchain/gcc/bin/../lib/gcc/riscv-nuclei-elf/10.1.0/../../../../riscv-nuclei-elf/lib/rv32imac/ilp32\libg_nano.a(lib_a-mlock.o)
 .riscv.attributes
                0x00000000000007f3       0x2b e:/vmshare/e203/nucleistudio/toolchain/gcc/bin/../lib/gcc/riscv-nuclei-elf/10.1.0/../../../../riscv-nuclei-elf/lib/rv32imac/ilp32\libg_nano.a(lib_a-nano-vfprintf_i.o)
 .riscv.attributes
                0x000000000000081e       0x2b e:/vmshare/e203/nucleistudio/toolchain/gcc/bin/../lib/gcc/riscv-nuclei-elf/10.1.0/../../../../riscv-nuclei-elf/lib/rv32imac/ilp32\libg_nano.a(lib_a-readr.o)

.debug_frame    0x0000000000000000      0x4e8
 .debug_frame   0x0000000000000000       0x20 ./hbird_sdk/SoC/hbirdv2/Common/Source/Stubs/close.o
 .debug_frame   0x0000000000000020       0x20 ./hbird_sdk/SoC/hbirdv2/Common/Source/Stubs/fstat.o
 .debug_frame   0x0000000000000040       0x20 ./hbird_sdk/SoC/hbirdv2/Common/Source/Stubs/isatty.o
 .debug_frame   0x0000000000000060       0x20 ./hbird_sdk/SoC/hbirdv2/Common/Source/Stubs/lseek.o
 .debug_frame   0x0000000000000080       0x30 ./hbird_sdk/SoC/hbirdv2/Common/Source/Stubs/read.o
 .debug_frame   0x00000000000000b0       0x20 ./hbird_sdk/SoC/hbirdv2/Common/Source/Stubs/sbrk.o
 .debug_frame   0x00000000000000d0       0x40 ./hbird_sdk/SoC/hbirdv2/Common/Source/Stubs/write.o
 .debug_frame   0x0000000000000110       0xa0 ./hbird_sdk/SoC/hbirdv2/Common/Source/Drivers/hbirdv2_gpio.o
 .debug_frame   0x00000000000001b0      0x110 ./hbird_sdk/SoC/hbirdv2/Common/Source/Drivers/hbirdv2_uart.o
 .debug_frame   0x00000000000002c0       0x6c ./hbird_sdk/SoC/hbirdv2/Common/Source/hbirdv2_common.o
 .debug_frame   0x000000000000032c      0x180 ./hbird_sdk/SoC/hbirdv2/Common/Source/system_hbirdv2.o
 .debug_frame   0x00000000000004ac       0x3c ./application/main.o
