Archive member included to satisfy reference by file (symbol)

e:/vmshare/e203/nucleistudio/toolchain/gcc/bin/../lib/gcc/riscv-nuclei-elf/10.1.0/rv32im/ilp32\libgcc.a(_divdi3.o)
                              ./hbird_sdk/SoC/hbirdv2/Common/Source/Stubs/gettimeofday.o (__divdi3)
e:/vmshare/e203/nucleistudio/toolchain/gcc/bin/../lib/gcc/riscv-nuclei-elf/10.1.0/rv32im/ilp32\libgcc.a(_udivdi3.o)
                              ./hbird_sdk/SoC/hbirdv2/Common/Source/Stubs/gettimeofday.o (__udivdi3)
e:/vmshare/e203/nucleistudio/toolchain/gcc/bin/../lib/gcc/riscv-nuclei-elf/10.1.0/rv32im/ilp32\libgcc.a(_umoddi3.o)
                              ./hbird_sdk/SoC/hbirdv2/Common/Source/Stubs/gettimeofday.o (__umoddi3)
e:/vmshare/e203/nucleistudio/toolchain/gcc/bin/../lib/gcc/riscv-nuclei-elf/10.1.0/rv32im/ilp32\libgcc.a(divdf3.o)
                              ./application/core_main.o (__divdf3)
e:/vmshare/e203/nucleistudio/toolchain/gcc/bin/../lib/gcc/riscv-nuclei-elf/10.1.0/rv32im/ilp32\libgcc.a(gedf2.o)
                              ./application/core_main.o (__gtdf2)
e:/vmshare/e203/nucleistudio/toolchain/gcc/bin/../lib/gcc/riscv-nuclei-elf/10.1.0/rv32im/ilp32\libgcc.a(ledf2.o)
                              ./application/core_main.o (__ltdf2)
e:/vmshare/e203/nucleistudio/toolchain/gcc/bin/../lib/gcc/riscv-nuclei-elf/10.1.0/rv32im/ilp32\libgcc.a(fixunsdfsi.o)
                              ./application/core_main.o (__fixunsdfsi)
e:/vmshare/e203/nucleistudio/toolchain/gcc/bin/../lib/gcc/riscv-nuclei-elf/10.1.0/rv32im/ilp32\libgcc.a(floatunsidf.o)
                              ./application/core_main.o (__floatunsidf)
e:/vmshare/e203/nucleistudio/toolchain/gcc/bin/../lib/gcc/riscv-nuclei-elf/10.1.0/rv32im/ilp32\libgcc.a(floatundidf.o)
                              ./application/core_main.o (__floatundidf)
e:/vmshare/e203/nucleistudio/toolchain/gcc/bin/../lib/gcc/riscv-nuclei-elf/10.1.0/rv32im/ilp32\libgcc.a(floatundisf.o)
                              ./application/core_main.o (__floatundisf)
e:/vmshare/e203/nucleistudio/toolchain/gcc/bin/../lib/gcc/riscv-nuclei-elf/10.1.0/rv32im/ilp32\libgcc.a(extendsfdf2.o)
                              ./application/core_main.o (__extendsfdf2)
e:/vmshare/e203/nucleistudio/toolchain/gcc/bin/../lib/gcc/riscv-nuclei-elf/10.1.0/rv32im/ilp32\libgcc.a(truncdfsf2.o)
                              ./application/core_main.o (__truncdfsf2)
e:/vmshare/e203/nucleistudio/toolchain/gcc/bin/../lib/gcc/riscv-nuclei-elf/10.1.0/rv32im/ilp32\libgcc.a(_lshrdi3.o)
                              e:/vmshare/e203/nucleistudio/toolchain/gcc/bin/../lib/gcc/riscv-nuclei-elf/10.1.0/rv32im/ilp32\libgcc.a(floatundidf.o) (__lshrdi3)
e:/vmshare/e203/nucleistudio/toolchain/gcc/bin/../lib/gcc/riscv-nuclei-elf/10.1.0/rv32im/ilp32\libgcc.a(_ashldi3.o)
                              e:/vmshare/e203/nucleistudio/toolchain/gcc/bin/../lib/gcc/riscv-nuclei-elf/10.1.0/rv32im/ilp32\libgcc.a(floatundidf.o) (__ashldi3)
e:/vmshare/e203/nucleistudio/toolchain/gcc/bin/../lib/gcc/riscv-nuclei-elf/10.1.0/rv32im/ilp32\libgcc.a(_clz.o)
                              e:/vmshare/e203/nucleistudio/toolchain/gcc/bin/../lib/gcc/riscv-nuclei-elf/10.1.0/rv32im/ilp32\libgcc.a(_divdi3.o) (__clz_tab)
e:/vmshare/e203/nucleistudio/toolchain/gcc/bin/../lib/gcc/riscv-nuclei-elf/10.1.0/rv32im/ilp32\libgcc.a(_clzsi2.o)
                              e:/vmshare/e203/nucleistudio/toolchain/gcc/bin/../lib/gcc/riscv-nuclei-elf/10.1.0/rv32im/ilp32\libgcc.a(divdf3.o) (__clzsi2)
e:/vmshare/e203/nucleistudio/toolchain/gcc/bin/../lib/gcc/riscv-nuclei-elf/10.1.0/../../../../riscv-nuclei-elf/lib/rv32im/ilp32\libg_nano.a(lib_a-atexit.o)
                              ./hbird_sdk/SoC/hbirdv2/Common/Source/GCC/startup_hbirdv2.o (atexit)
e:/vmshare/e203/nucleistudio/toolchain/gcc/bin/../lib/gcc/riscv-nuclei-elf/10.1.0/../../../../riscv-nuclei-elf/lib/rv32im/ilp32\libg_nano.a(lib_a-fini.o)
                              ./hbird_sdk/SoC/hbirdv2/Common/Source/GCC/startup_hbirdv2.o (__libc_fini_array)
e:/vmshare/e203/nucleistudio/toolchain/gcc/bin/../lib/gcc/riscv-nuclei-elf/10.1.0/../../../../riscv-nuclei-elf/lib/rv32im/ilp32\libg_nano.a(lib_a-init.o)
                              ./hbird_sdk/SoC/hbirdv2/Common/Source/GCC/startup_hbirdv2.o (__libc_init_array)
e:/vmshare/e203/nucleistudio/toolchain/gcc/bin/../lib/gcc/riscv-nuclei-elf/10.1.0/../../../../riscv-nuclei-elf/lib/rv32im/ilp32\libg_nano.a(lib_a-memset.o)
                              ./application/core_matrix.o (memset)
e:/vmshare/e203/nucleistudio/toolchain/gcc/bin/../lib/gcc/riscv-nuclei-elf/10.1.0/../../../../riscv-nuclei-elf/lib/rv32im/ilp32\libg_nano.a(lib_a-nano-vfprintf_float.o)
                              (_printf_float)
e:/vmshare/e203/nucleistudio/toolchain/gcc/bin/../lib/gcc/riscv-nuclei-elf/10.1.0/../../../../riscv-nuclei-elf/lib/rv32im/ilp32\libg_nano.a(lib_a-nano-vfprintf_i.o)
[...]
Memory Configuration

Name             Origin             Length             Attributes
ilm              0x0000000080000000 0x0000000000010000 axrl !w
ram              0x0000000090000000 0x0000000000010000 axw !rl
*default*        0x0000000000000000 0xffffffffffffffff

Linker script and memory map

LOAD ./hbird_sdk/SoC/hbirdv2/Common/Source/Stubs/clock_getres.o
LOAD ./hbird_sdk/SoC/hbirdv2/Common/Source/Stubs/clock_gettime.o
LOAD ./hbird_sdk/SoC/hbirdv2/Common/Source/Stubs/clock_settime.o
LOAD ./hbird_sdk/SoC/hbirdv2/Common/Source/Stubs/close.o
LOAD ./hbird_sdk/SoC/hbirdv2/Common/Source/Stubs/execve.o
LOAD ./hbird_sdk/SoC/hbirdv2/Common/Source/Stubs/exit.o
LOAD ./hbird_sdk/SoC/hbirdv2/Common/Source/Stubs/fork.o
LOAD ./hbird_sdk/SoC/hbirdv2/Common/Source/Stubs/fstat.o
LOAD ./hbird_sdk/SoC/hbirdv2/Common/Source/Stubs/getpid.o
LOAD ./hbird_sdk/SoC/hbirdv2/Common/Source/Stubs/gettimeofday.o
LOAD ./hbird_sdk/SoC/hbirdv2/Common/Source/Stubs/isatty.o
LOAD ./hbird_sdk/SoC/hbirdv2/Common/Source/Stubs/kill.o
LOAD ./hbird_sdk/SoC/hbirdv2/Common/Source/Stubs/link.o
LOAD ./hbird_sdk/SoC/hbirdv2/Common/Source/Stubs/lseek.o
LOAD ./hbird_sdk/SoC/hbirdv2/Common/Source/Stubs/open.o
LOAD ./hbird_sdk/SoC/hbirdv2/Common/Source/Stubs/read.o
LOAD ./hbird_sdk/SoC/hbirdv2/Common/Source/Stubs/sbrk.o
LOAD ./hbird_sdk/SoC/hbirdv2/Common/Source/Stubs/stat.o
LOAD ./hbird_sdk/SoC/hbirdv2/Common/Source/Stubs/times.o
LOAD ./hbird_sdk/SoC/hbirdv2/Common/Source/Stubs/unlink.o
LOAD ./hbird_sdk/SoC/hbirdv2/Common/Source/Stubs/wait.o
LOAD ./hbird_sdk/SoC/hbirdv2/Common/Source/Stubs/write.o
LOAD ./hbird_sdk/SoC/hbirdv2/Common/Source/GCC/intexc_hbirdv2.o
LOAD ./hbird_sdk/SoC/hbirdv2/Common/Source/GCC/startup_hbirdv2.o
LOAD ./hbird_sdk/SoC/hbirdv2/Common/Source/Drivers/hbirdv2_gpio.o
LOAD ./hbird_sdk/SoC/hbirdv2/Common/Source/Drivers/hbirdv2_i2c.o
LOAD ./hbird_sdk/SoC/hbirdv2/Common/Source/Drivers/hbirdv2_pwm.o
LOAD ./hbird_sdk/SoC/hbirdv2/Common/Source/Drivers/hbirdv2_spi.o
LOAD ./hbird_sdk/SoC/hbirdv2/Common/Source/Drivers/hbirdv2_uart.o
LOAD ./hbird_sdk/SoC/hbirdv2/Common/Source/Drivers/htif.o
LOAD ./hbird_sdk/SoC/hbirdv2/Common/Source/hbirdv2_common.o
LOAD ./hbird_sdk/SoC/hbirdv2/Common/Source/system_hbirdv2.o
LOAD ./application/core_list_join.o
LOAD ./application/core_main.o
LOAD ./application/core_matrix.o
LOAD ./application/core_portme.o
LOAD ./application/core_state.o
LOAD ./application/core_util.o
LOAD ./application/insn.o
LOAD e:/vmshare/e203/nucleistudio/toolchain/gcc/bin/../lib/gcc/riscv-nuclei-elf/10.1.0/../../../../riscv-nuclei-elf/lib/rv32im/ilp32\libstdc++.a
LOAD e:/vmshare/e203/nucleistudio/toolchain/gcc/bin/../lib/gcc/riscv-nuclei-elf/10.1.0/../../../../riscv-nuclei-elf/lib/rv32im/ilp32\libstdc++.a
LOAD e:/vmshare/e203/nucleistudio/toolchain/gcc/bin/../lib/gcc/riscv-nuclei-elf/10.1.0/../../../../riscv-nuclei-elf/lib/rv32im/ilp32\libm_nano.a
LOAD e:/vmshare/e203/nucleistudio/toolchain/gcc/bin/../lib/gcc/riscv-nuclei-elf/10.1.0/rv32im/ilp32\libgcc.a
LOAD e:/vmshare/e203/nucleistudio/toolchain/gcc/bin/../lib/gcc/riscv-nuclei-elf/10.1.0/../../../../riscv-nuclei-elf/lib/rv32im/ilp32\libg_nano.a
LOAD e:/vmshare/e203/nucleistudio/toolchain/gcc/bin/../lib/gcc/riscv-nuclei-elf/10.1.0/../../../../riscv-nuclei-elf/lib/rv32im/ilp32\libc_nano.a
LOAD e:/vmshare/e203/nucleistudio/toolchain/gcc/bin/../lib/gcc/riscv-nuclei-elf/10.1.0/rv32im/ilp32\libgcc.a
START GROUP
LOAD e:/vmshare/e203/nucleistudio/toolchain/gcc/bin/../lib/gcc/riscv-nuclei-elf/10.1.0/rv32im/ilp32\libgcc.a
LOAD e:/vmshare/e203/nucleistudio/toolchain/gcc/bin/../lib/gcc/riscv-nuclei-elf/10.1.0/../../../../riscv-nuclei-elf/lib/rv32im/ilp32\libc_nano.a
LOAD e:/vmshare/e203/nucleistudio/toolchain/gcc/bin/../lib/gcc/riscv-nuclei-elf/10.1.0/../../../../riscv-nuclei-elf/lib/rv32im/ilp32\libnosys.a
END GROUP
START GROUP
LOAD e:/vmshare/e203/nucleistudio/toolchain/gcc/bin/../lib/gcc/riscv-nuclei-elf/10.1.0/rv32im/ilp32\libgcc.a
LOAD e:/vmshare/e203/nucleistudio/toolchain/gcc/bin/../lib/gcc/riscv-nuclei-elf/10.1.0/../../../../riscv-nuclei-elf/lib/rv32im/ilp32\libc_nano.a
LOAD e:/vmshare/e203/nucleistudio/toolchain/gcc/bin/../lib/gcc/riscv-nuclei-elf/10.1.0/../../../../riscv-nuclei-elf/lib/rv32im/ilp32\libnosys.a
END GROUP
                0x0000000000000800                __stack_size = DEFINED (__stack_size)?__stack_size:0x800

.init           0x0000000080000000       0xcc
 *(.vtable)
 *(SORT_NONE(.init))
 .init          0x0000000080000000       0xcc ./hbird_sdk/SoC/hbirdv2/Common/Source/GCC/startup_hbirdv2.o
                0x0000000080000000                _start

.ilalign        0x00000000800000cc        0x0
                0x00000000800000cc                . = ALIGN (0x4)
                0x00000000800000cc                PROVIDE (_ilm_lma = .)

.ialign         0x00000000800000cc        0x0
                0x00000000800000cc                PROVIDE (_ilm = .)

.text           0x00000000800000cc     0xdc04
 *(.text.unlikely .text.unlikely.*)
 *(.text.startup .text.startup.*)
 .text.startup.main
                0x00000000800000cc      0xbac ./application/core_main.o
                0x00000000800000cc                main
 *(.text .text.*)
 .text._close   0x0000000080000c78       0x10 ./hbird_sdk/SoC/hbirdv2/Common/Source/Stubs/close.o
                0x0000000080000c78                _close
 .text._exit    0x0000000080000c88       0x24 ./hbird_sdk/SoC/hbirdv2/Common/Source/Stubs/exit.o
                0x0000000080000c88                _exit
 .text._fstat   0x0000000080000cac       0x2c ./hbird_sdk/SoC/hbirdv2/Common/Source/Stubs/fstat.o
                0x0000000080000cac                _fstat
 .text._getpid  0x0000000080000cd8        0x8 ./hbird_sdk/SoC/hbirdv2/Common/Source/Stubs/getpid.o
                0x0000000080000cd8                _getpid
 .text._isatty  0x0000000080000ce0        0x8 ./hbird_sdk/SoC/hbirdv2/Common/Source/Stubs/isatty.o
                0x0000000080000ce0                _isatty
 .text._kill    0x0000000080000ce8       0x10 ./hbird_sdk/SoC/hbirdv2/Common/Source/Stubs/kill.o
                0x0000000080000ce8                _kill
 .text._lseek   0x0000000080000cf8        0x8 ./hbird_sdk/SoC/hbirdv2/Common/Source/Stubs/lseek.o
                0x0000000080000cf8                _lseek
 .text._read    0x0000000080000d00       0x40 ./hbird_sdk/SoC/hbirdv2/Common/Source/Stubs/read.o
                0x0000000080000d00                _read
 .text._sbrk    0x0000000080000d40       0x3c ./hbird_sdk/SoC/hbirdv2/Common/Source/Stubs/sbrk.o
                0x0000000080000d40                _sbrk
 .text._write   0x0000000080000d7c      0x344 ./hbird_sdk/SoC/hbirdv2/Common/Source/Stubs/write.o
                0x0000000080000d7c                _write
 .text.trap     0x00000000800010c0       0xd0 ./hbird_sdk/SoC/hbirdv2/Common/Source/GCC/intexc_hbirdv2.o
                0x00000000800010c0                trap_entry
 .text.gpio_iof_config
                0x0000000080001190       0x24 ./hbird_sdk/SoC/hbirdv2/Common/Source/Drivers/hbirdv2_gpio.o
                0x0000000080001190                gpio_iof_config
 .text.uart_init
                0x00000000800011b4       0x54 ./hbird_sdk/SoC/hbirdv2/Common/Source/Drivers/hbirdv2_uart.o
                0x00000000800011b4                uart_init
 .text.uart_write
                0x0000000080001208       0x7c ./hbird_sdk/SoC/hbirdv2/Common/Source/Drivers/hbirdv2_uart.o
                0x0000000080001208                uart_write
 .text.uart_read
                0x0000000080001284       0x78 ./hbird_sdk/SoC/hbirdv2/Common/Source/Drivers/hbirdv2_uart.o
                0x0000000080001284                uart_read
 .text.get_cpu_freq
                0x00000000800012fc      0x2dc ./hbird_sdk/SoC/hbirdv2/Common/Source/hbirdv2_common.o
                0x00000000800012fc                get_cpu_freq
 .text.system_default_exception_handler
                0x00000000800015d8       0x50 ./hbird_sdk/SoC/hbirdv2/Common/Source/system_hbirdv2.o
 .text.system_default_interrupt_handler
                0x0000000080001628       0x58 ./hbird_sdk/SoC/hbirdv2/Common/Source/system_hbirdv2.o
 .text.SystemInit
                0x0000000080001680       0x14 ./hbird_sdk/SoC/hbirdv2/Common/Source/system_hbirdv2.o
                0x0000000080001680                SystemInit
 .text.core_trap_handler
                0x0000000080001694      0x104 ./hbird_sdk/SoC/hbirdv2/Common/Source/system_hbirdv2.o
                0x0000000080001694                core_trap_handler
 .text._premain_init
                0x0000000080001798      0x364 ./hbird_sdk/SoC/hbirdv2/Common/Source/system_hbirdv2.o
                0x0000000080001798                _premain_init
 .text._postmain_fini
                0x0000000080001afc        0x4 ./hbird_sdk/SoC/hbirdv2/Common/Source/system_hbirdv2.o
                0x0000000080001afc                _postmain_fini
 .text._init    0x0000000080001b00        0x4 ./hbird_sdk/SoC/hbirdv2/Common/Source/system_hbirdv2.o
                0x0000000080001b00                _init
 .text._fini    0x0000000080001b04        0x4 ./hbird_sdk/SoC/hbirdv2/Common/Source/system_hbirdv2.o
                0x0000000080001b04                _fini
 .text.core_bench_list
                0x0000000080001b08      0xa18 ./application/core_list_join.o
                0x0000000080001b08                core_bench_list
 .text.core_list_init
                0x0000000080002520      0x574 ./application/core_list_join.o
                0x0000000080002520                core_list_init
 .text.iterate  0x0000000080002a94      0x244 ./application/core_main.o
                0x0000000080002a94                iterate
 .text.core_bench_matrix
                0x0000000080002cd8     0x15c0 ./application/core_matrix.o
                0x0000000080002cd8                core_bench_matrix
 .text.core_init_matrix
                0x0000000080004298      0x414 ./application/core_matrix.o
                0x0000000080004298                core_init_matrix
 .text.start_time
                0x00000000800046ac       0x4c ./application/core_portme.o
                0x00000000800046ac                start_time
 .text.stop_time
                0x00000000800046f8       0x4c ./application/core_portme.o
                0x00000000800046f8                stop_time
 .text.get_time
                0x0000000080004744       0x2c ./application/core_portme.o
                0x0000000080004744                get_time
 .text.time_in_secs
                0x0000000080004770       0x64 ./application/core_portme.o
                0x0000000080004770                time_in_secs
 .text.core_bench_state
                0x00000000800047d4      0x990 ./application/core_state.o
                0x00000000800047d4                core_bench_state
 .text.core_init_state
                0x0000000080005164      0x1b8 ./application/core_state.o
                0x0000000080005164                core_init_state
 .text.get_seed_32
                0x000000008000531c       0x58 ./application/core_util.o
                0x000000008000531c                get_seed_32
 .text.crcu16   0x0000000080005374      0x288 ./application/core_util.o
                0x0000000080005374                crcu16
 .text.crcu32   0x00000000800055fc      0x51c ./application/core_util.o
                0x00000000800055fc                crcu32
 .text.crc16    0x0000000080005b18      0x28c ./application/core_util.o
                0x0000000080005b18                crc16
 .text.check_data_types
                0x0000000080005da4        0x8 ./application/core_util.o
                0x0000000080005da4                check_data_types
 .text.nice_case
                0x0000000080005dac      0x414 ./application/insn.o
                0x0000000080005dac                nice_case
 .text          0x00000000800061c0      0x434 e:/vmshare/e203/nucleistudio/toolchain/gcc/bin/../lib/gcc/riscv-nuclei-elf/10.1.0/rv32im/ilp32\libgcc.a(_udivdi3.o)
                0x00000000800061c0                __udivdi3
 .text          0x00000000800065f4      0x6e4 e:/vmshare/e203/nucleistudio/toolchain/gcc/bin/../lib/gcc/riscv-nuclei-elf/10.1.0/rv32im/ilp32\libgcc.a(divdf3.o)
                0x00000000800065f4                __divdf3
 .text          0x0000000080006cd8       0xe4 e:/vmshare/e203/nucleistudio/toolchain/gcc/bin/../lib/gcc/riscv-nuclei-elf/10.1.0/rv32im/ilp32\libgcc.a(gedf2.o)
                0x0000000080006cd8                __gedf2
                0x0000000080006cd8                __gtdf2
 .text          0x0000000080006dbc       0xe4 e:/vmshare/e203/nucleistudio/toolchain/gcc/bin/../lib/gcc/riscv-nuclei-elf/10.1.0/rv32im/ilp32\libgcc.a(ledf2.o)
                0x0000000080006dbc                __ledf2
                0x0000000080006dbc                __ltdf2
 .text          0x0000000080006ea0       0x7c e:/vmshare/e203/nucleistudio/toolchain/gcc/bin/../lib/gcc/riscv-nuclei-elf/10.1.0/rv32im/ilp32\libgcc.a(fixunsdfsi.o)
                0x0000000080006ea0                __fixunsdfsi
 .text          0x0000000080006f1c       0x80 e:/vmshare/e203/nucleistudio/toolchain/gcc/bin/../lib/gcc/riscv-nuclei-elf/10.1.0/rv32im/ilp32\libgcc.a(floatunsidf.o)
                0x0000000080006f1c                __floatunsidf
 .text          0x0000000080006f9c      0x1c8 e:/vmshare/e203/nucleistudio/toolchain/gcc/bin/../lib/gcc/riscv-nuclei-elf/10.1.0/rv32im/ilp32\libgcc.a(floatundidf.o)
                0x0000000080006f9c                __floatundidf
 .text          0x0000000080007164      0x138 e:/vmshare/e203/nucleistudio/toolchain/gcc/bin/../lib/gcc/riscv-nuclei-elf/10.1.0/rv32im/ilp32\libgcc.a(floatundisf.o)
                0x0000000080007164                __floatundisf
 .text          0x000000008000729c       0xdc e:/vmshare/e203/nucleistudio/toolchain/gcc/bin/../lib/gcc/riscv-nuclei-elf/10.1.0/rv32im/ilp32\libgcc.a(extendsfdf2.o)
                0x000000008000729c                __extendsfdf2
 .text          0x0000000080007378      0x184 e:/vmshare/e203/nucleistudio/toolchain/gcc/bin/../lib/gcc/riscv-nuclei-elf/10.1.0/rv32im/ilp32\libgcc.a(truncdfsf2.o)
                0x0000000080007378                __truncdfsf2
 .text          0x00000000800074fc       0x38 e:/vmshare/e203/nucleistudio/toolchain/gcc/bin/../lib/gcc/riscv-nuclei-elf/10.1.0/rv32im/ilp32\libgcc.a(_lshrdi3.o)
                0x00000000800074fc                __lshrdi3
 .text          0x0000000080007534       0x38 e:/vmshare/e203/nucleistudio/toolchain/gcc/bin/../lib/gcc/riscv-nuclei-elf/10.1.0/rv32im/ilp32\libgcc.a(_ashldi3.o)
                0x0000000080007534                __ashldi3
 .text          0x000000008000756c       0x4c e:/vmshare/e203/nucleistudio/toolchain/gcc/bin/../lib/gcc/riscv-nuclei-elf/10.1.0/rv32im/ilp32\libgcc.a(_clzsi2.o)
                0x000000008000756c                __clzsi2
 .text.atexit   0x00000000800075b8       0x14 e:/vmshare/e203/nucleistudio/toolchain/gcc/bin/../lib/gcc/riscv-nuclei-elf/10.1.0/../../../../riscv-nuclei-elf/lib/rv32im/ilp32\libg_nano.a(lib_a-atexit.o)
                0x00000000800075b8                atexit
 .text.__libc_fini_array
                0x00000000800075cc       0x58 e:/vmshare/e203/nucleistudio/toolchain/gcc/bin/../lib/gcc/riscv-nuclei-elf/10.1.0/../../../../riscv-nuclei-elf/lib/rv32im/ilp32\libg_nano.a(lib_a-fini.o)
                0x00000000800075cc                __libc_fini_array
 .text.__libc_init_array
                0x0000000080007624       0x94 e:/vmshare/e203/nucleistudio/toolchain/gcc/bin/../lib/gcc/riscv-nuclei-elf/10.1.0/../../../../riscv-nuclei-elf/lib/rv32im/ilp32\libg_nano.a(lib_a-init.o)
                0x0000000080007624                __libc_init_array
 .text          0x00000000800076b8       0xdc e:/vmshare/e203/nucleistudio/toolchain/gcc/bin/../lib/gcc/riscv-nuclei-elf/10.1.0/../../../../riscv-nuclei-elf/lib/rv32im/ilp32\libg_nano.a(lib_a-memset.o)
                0x00000000800076b8                memset
 .text.__cvt    0x0000000080007794      0x158 e:/vmshare/e203/nucleistudio/toolchain/gcc/bin/../lib/gcc/riscv-nuclei-elf/10.1.0/../../../../riscv-nuclei-elf/lib/rv32im/ilp32\libg_nano.a(lib_a-nano-vfprintf_float.o)
                0x0000000080007794                __cvt
 .text.__exponent
                0x00000000800078ec       0xc0 e:/vmshare/e203/nucleistudio/toolchain/gcc/bin/../lib/gcc/riscv-nuclei-elf/10.1.0/../../../../riscv-nuclei-elf/lib/rv32im/ilp32\libg_nano.a(lib_a-nano-vfprintf_float.o)
                0x00000000800078ec                __exponent
 .text._printf_float
                0x00000000800079ac      0x798 e:/vmshare/e203/nucleistudio/toolchain/gcc/bin/../lib/gcc/riscv-nuclei-elf/10.1.0/../../../../riscv-nuclei-elf/lib/rv32im/ilp32\libg_nano.a(lib_a-nano-vfprintf_float.o)
                0x00000000800079ac                _printf_float
 .text._printf_common
                0x0000000080008144      0x1b0 e:/vmshare/e203/nucleistudio/toolchain/gcc/bin/../lib/gcc/riscv-nuclei-elf/10.1.0/../../../../riscv-nuclei-elf/lib/rv32im/ilp32\libg_nano.a(lib_a-nano-vfprintf_i.o)
                0x0000000080008144                _printf_common
 .text._printf_i
                0x00000000800082f4      0x3a4 e:/vmshare/e203/nucleistudio/toolchain/gcc/bin/../lib/gcc/riscv-nuclei-elf/10.1.0/../../../../riscv-nuclei-elf/lib/rv32im/ilp32\libg_nano.a(lib_a-nano-vfprintf_i.o)
                0x00000000800082f4                _printf_i
 .text.printf   0x0000000080008698       0x6c e:/vmshare/e203/nucleistudio/toolchain/gcc/bin/../lib/gcc/riscv-nuclei-elf/10.1.0/../../../../riscv-nuclei-elf/lib/rv32im/ilp32\libg_nano.a(lib_a-printf.o)
                0x0000000080008698                iprintf
                0x0000000080008698                printf
 .text.putchar  0x0000000080008704       0x48 e:/vmshare/e203/nucleistudio/toolchain/gcc/bin/../lib/gcc/riscv-nuclei-elf/10.1.0/../../../../riscv-nuclei-elf/lib/rv32im/ilp32\libg_nano.a(lib_a-putchar.o)
                0x0000000080008704                putchar
 .text._putc_r  0x000000008000874c       0xc4 e:/vmshare/e203/nucleistudio/toolchain/gcc/bin/../lib/gcc/riscv-nuclei-elf/10.1.0/../../../../riscv-nuclei-elf/lib/rv32im/ilp32\libg_nano.a(lib_a-putc.o)
                0x000000008000874c                _putc_r
 .text._puts_r  0x0000000080008810      0x160 e:/vmshare/e203/nucleistudio/toolchain/gcc/bin/../lib/gcc/riscv-nuclei-elf/10.1.0/../../../../riscv-nuclei-elf/lib/rv32im/ilp32\libg_nano.a(lib_a-puts.o)
                0x0000000080008810                _puts_r
 .text.puts     0x0000000080008970        0xc e:/vmshare/e203/nucleistudio/toolchain/gcc/bin/../lib/gcc/riscv-nuclei-elf/10.1.0/../../../../riscv-nuclei-elf/lib/rv32im/ilp32\libg_nano.a(lib_a-puts.o)
                0x0000000080008970                puts
 .text.strlen   0x000000008000897c       0x1c e:/vmshare/e203/nucleistudio/toolchain/gcc/bin/../lib/gcc/riscv-nuclei-elf/10.1.0/../../../../riscv-nuclei-elf/lib/rv32im/ilp32\libg_nano.a(lib_a-strlen.o)
                0x000000008000897c                strlen
 .text.isatty   0x0000000080008998        0x4 e:/vmshare/e203/nucleistudio/toolchain/gcc/bin/../lib/gcc/riscv-nuclei-elf/10.1.0/../../../../riscv-nuclei-elf/lib/rv32im/ilp32\libg_nano.a(lib_a-sysisatty.o)
                0x0000000080008998                isatty
 .text.__swbuf_r
                0x000000008000899c      0x138 e:/vmshare/e203/nucleistudio/toolchain/gcc/bin/../lib/gcc/riscv-nuclei-elf/10.1.0/../../../../riscv-nuclei-elf/lib/rv32im/ilp32\libg_nano.a(lib_a-wbuf.o)
                0x000000008000899c                __swbuf_r
 .text.__swsetup_r
                0x0000000080008ad4      0x174 e:/vmshare/e203/nucleistudio/toolchain/gcc/bin/../lib/gcc/riscv-nuclei-elf/10.1.0/../../../../riscv-nuclei-elf/lib/rv32im/ilp32\libg_nano.a(lib_a-wsetup.o)
                0x0000000080008ad4                __swsetup_r
 .text.__register_exitproc
                0x0000000080008c48       0xa0 e:/vmshare/e203/nucleistudio/toolchain/gcc/bin/../lib/gcc/riscv-nuclei-elf/10.1.0/../../../../riscv-nuclei-elf/lib/rv32im/ilp32\libg_nano.a(lib_a-__atexit.o)
                0x0000000080008c48                __register_exitproc
 .text.quorem   0x0000000080008ce8      0x1cc e:/vmshare/e203/nucleistudio/toolchain/gcc/bin/../lib/gcc/riscv-nuclei-elf/10.1.0/../../../../riscv-nuclei-elf/lib/rv32im/ilp32\libg_nano.a(lib_a-dtoa.o)
 .text._dtoa_r  0x0000000080008eb4     0x11f4 e:/vmshare/e203/nucleistudio/toolchain/gcc/bin/../lib/gcc/riscv-nuclei-elf/10.1.0/../../../../riscv-nuclei-elf/lib/rv32im/ilp32\libg_nano.a(lib_a-dtoa.o)
                0x0000000080008eb4                _dtoa_r
 .text.__sflush_r
                0x000000008000a0a8      0x1f4 e:/vmshare/e203/nucleistudio/toolchain/gcc/bin/../lib/gcc/riscv-nuclei-elf/10.1.0/../../../../riscv-nuclei-elf/lib/rv32im/ilp32\libg_nano.a(lib_a-fflush.o)
                0x000000008000a0a8                __sflush_r
 .text._fflush_r
                0x000000008000a29c       0xa0 e:/vmshare/e203/nucleistudio/toolchain/gcc/bin/../lib/gcc/riscv-nuclei-elf/10.1.0/../../../../riscv-nuclei-elf/lib/rv32im/ilp32\libg_nano.a(lib_a-fflush.o)
                0x000000008000a29c                _fflush_r
 .text.std      0x000000008000a33c       0x88 e:/vmshare/e203/nucleistudio/toolchain/gcc/bin/../lib/gcc/riscv-nuclei-elf/10.1.0/../../../../riscv-nuclei-elf/lib/rv32im/ilp32\libg_nano.a(lib_a-findfp.o)
 .text._cleanup_r
                0x000000008000a3c4        0xc e:/vmshare/e203/nucleistudio/toolchain/gcc/bin/../lib/gcc/riscv-nuclei-elf/10.1.0/../../../../riscv-nuclei-elf/lib/rv32im/ilp32\libg_nano.a(lib_a-findfp.o)
                0x000000008000a3c4                _cleanup_r
 .text.__sfmoreglue
                0x000000008000a3d0       0x6c e:/vmshare/e203/nucleistudio/toolchain/gcc/bin/../lib/gcc/riscv-nuclei-elf/10.1.0/../../../../riscv-nuclei-elf/lib/rv32im/ilp32\libg_nano.a(lib_a-findfp.o)
                0x000000008000a3d0                __sfmoreglue
 .text.__sinit  0x000000008000a43c       0xb0 e:/vmshare/e203/nucleistudio/toolchain/gcc/bin/../lib/gcc/riscv-nuclei-elf/10.1.0/../../../../riscv-nuclei-elf/lib/rv32im/ilp32\libg_nano.a(lib_a-findfp.o)
                0x000000008000a43c                __sinit
 .text.__sfp    0x000000008000a4ec       0xe8 e:/vmshare/e203/nucleistudio/toolchain/gcc/bin/../lib/gcc/riscv-nuclei-elf/10.1.0/../../../../riscv-nuclei-elf/lib/rv32im/ilp32\libg_nano.a(lib_a-findfp.o)
                0x000000008000a4ec                __sfp
 .text._fwalk_reent
                0x000000008000a5d4       0xb0 e:/vmshare/e203/nucleistudio/toolchain/gcc/bin/../lib/gcc/riscv-nuclei-elf/10.1.0/../../../../riscv-nuclei-elf/lib/rv32im/ilp32\libg_nano.a(lib_a-fwalk.o)
                0x000000008000a5d4                _fwalk_reent
 .text._localeconv_r
                0x000000008000a684        0xc e:/vmshare/e203/nucleistudio/toolchain/gcc/bin/../lib/gcc/riscv-nuclei-elf/10.1.0/../../../../riscv-nuclei-elf/lib/rv32im/ilp32\libg_nano.a(lib_a-localeconv.o)
                0x000000008000a684                _localeconv_r
 .text.__swhatbuf_r
                0x000000008000a690       0x90 e:/vmshare/e203/nucleistudio/toolchain/gcc/bin/../lib/gcc/riscv-nuclei-elf/10.1.0/../../../../riscv-nuclei-elf/lib/rv32im/ilp32\libg_nano.a(lib_a-makebuf.o)
                0x000000008000a690                __swhatbuf_r
 .text.__smakebuf_r
                0x000000008000a720       0xf0 e:/vmshare/e203/nucleistudio/toolchain/gcc/bin/../lib/gcc/riscv-nuclei-elf/10.1.0/../../../../riscv-nuclei-elf/lib/rv32im/ilp32\libg_nano.a(lib_a-makebuf.o)
                0x000000008000a720                __smakebuf_r
 .text.malloc   0x000000008000a810        0xc e:/vmshare/e203/nucleistudio/toolchain/gcc/bin/../lib/gcc/riscv-nuclei-elf/10.1.0/../../../../riscv-nuclei-elf/lib/rv32im/ilp32\libg_nano.a(lib_a-malloc.o)
                0x000000008000a810                malloc
 .text.__ascii_mbtowc
                0x000000008000a81c       0x5c e:/vmshare/e203/nucleistudio/toolchain/gcc/bin/../lib/gcc/riscv-nuclei-elf/10.1.0/../../../../riscv-nuclei-elf/lib/rv32im/ilp32\libg_nano.a(lib_a-mbtowc_r.o)
                0x000000008000a81c                __ascii_mbtowc
 .text.memchr   0x000000008000a878       0x24 e:/vmshare/e203/nucleistudio/toolchain/gcc/bin/../lib/gcc/riscv-nuclei-elf/10.1.0/../../../../riscv-nuclei-elf/lib/rv32im/ilp32\libg_nano.a(lib_a-memchr.o)
                0x000000008000a878                memchr
 .text.memcpy   0x000000008000a89c      0x104 e:/vmshare/e203/nucleistudio/toolchain/gcc/bin/../lib/gcc/riscv-nuclei-elf/10.1.0/../../../../riscv-nuclei-elf/lib/rv32im/ilp32\libg_nano.a(lib_a-memcpy.o)
                0x000000008000a89c                memcpy
 .text._Balloc  0x000000008000a9a0       0xe0 e:/vmshare/e203/nucleistudio/toolchain/gcc/bin/../lib/gcc/riscv-nuclei-elf/10.1.0/../../../../riscv-nuclei-elf/lib/rv32im/ilp32\libg_nano.a(lib_a-mprec.o)
                0x000000008000a9a0                _Balloc
 .text._Bfree   0x000000008000aa80       0x74 e:/vmshare/e203/nucleistudio/toolchain/gcc/bin/../lib/gcc/riscv-nuclei-elf/10.1.0/../../../../riscv-nuclei-elf/lib/rv32im/ilp32\libg_nano.a(lib_a-mprec.o)
                0x000000008000aa80                _Bfree
 .text.__multadd
                0x000000008000aaf4      0x120 e:/vmshare/e203/nucleistudio/toolchain/gcc/bin/../lib/gcc/riscv-nuclei-elf/10.1.0/../../../../riscv-nuclei-elf/lib/rv32im/ilp32\libg_nano.a(lib_a-mprec.o)
                0x000000008000aaf4                __multadd
 .text.__hi0bits
                0x000000008000ac14       0x74 e:/vmshare/e203/nucleistudio/toolchain/gcc/bin/../lib/gcc/riscv-nuclei-elf/10.1.0/../../../../riscv-nuclei-elf/lib/rv32im/ilp32\libg_nano.a(lib_a-mprec.o)
                0x000000008000ac14                __hi0bits
 .text.__lo0bits
                0x000000008000ac88       0xb0 e:/vmshare/e203/nucleistudio/toolchain/gcc/bin/../lib/gcc/riscv-nuclei-elf/10.1.0/../../../../riscv-nuclei-elf/lib/rv32im/ilp32\libg_nano.a(lib_a-mprec.o)
                0x000000008000ac88                __lo0bits
 .text.__i2b    0x000000008000ad38       0x54 e:/vmshare/e203/nucleistudio/toolchain/gcc/bin/../lib/gcc/riscv-nuclei-elf/10.1.0/../../../../riscv-nuclei-elf/lib/rv32im/ilp32\libg_nano.a(lib_a-mprec.o)
                0x000000008000ad38                __i2b
 .text.__multiply
                0x000000008000ad8c      0x208 e:/vmshare/e203/nucleistudio/toolchain/gcc/bin/../lib/gcc/riscv-nuclei-elf/10.1.0/../../../../riscv-nuclei-elf/lib/rv32im/ilp32\libg_nano.a(lib_a-mprec.o)
                0x000000008000ad8c                __multiply
 .text.__pow5mult
                0x000000008000af94      0x124 e:/vmshare/e203/nucleistudio/toolchain/gcc/bin/../lib/gcc/riscv-nuclei-elf/10.1.0/../../../../riscv-nuclei-elf/lib/rv32im/ilp32\libg_nano.a(lib_a-mprec.o)
                0x000000008000af94                __pow5mult
 .text.__lshift
                0x000000008000b0b8      0x184 e:/vmshare/e203/nucleistudio/toolchain/gcc/bin/../lib/gcc/riscv-nuclei-elf/10.1.0/../../../../riscv-nuclei-elf/lib/rv32im/ilp32\libg_nano.a(lib_a-mprec.o)
                0x000000008000b0b8                __lshift
 .text.__mcmp   0x000000008000b23c       0x54 e:/vmshare/e203/nucleistudio/toolchain/gcc/bin/../lib/gcc/riscv-nuclei-elf/10.1.0/../../../../riscv-nuclei-elf/lib/rv32im/ilp32\libg_nano.a(lib_a-mprec.o)
                0x000000008000b23c                __mcmp
 .text.__mdiff  0x000000008000b290      0x1fc e:/vmshare/e203/nucleistudio/toolchain/gcc/bin/../lib/gcc/riscv-nuclei-elf/10.1.0/../../../../riscv-nuclei-elf/lib/rv32im/ilp32\libg_nano.a(lib_a-mprec.o)
                0x000000008000b290                __mdiff
 .text.__d2b    0x000000008000b48c      0x15c e:/vmshare/e203/nucleistudio/toolchain/gcc/bin/../lib/gcc/riscv-nuclei-elf/10.1.0/../../../../riscv-nuclei-elf/lib/rv32im/ilp32\libg_nano.a(lib_a-mprec.o)
                0x000000008000b48c                __d2b
 .text._calloc_r
                0x000000008000b5e8       0x44 e:/vmshare/e203/nucleistudio/toolchain/gcc/bin/../lib/gcc/riscv-nuclei-elf/10.1.0/../../../../riscv-nuclei-elf/lib/rv32im/ilp32\libg_nano.a(lib_a-nano-callocr.o)
                0x000000008000b5e8                _calloc_r
 .text._free_r  0x000000008000b62c       0xfc e:/vmshare/e203/nucleistudio/toolchain/gcc/bin/../lib/gcc/riscv-nuclei-elf/10.1.0/../../../../riscv-nuclei-elf/lib/rv32im/ilp32\libg_nano.a(lib_a-nano-freer.o)
                0x000000008000b62c                _free_r
 .text._malloc_r
                0x000000008000b728      0x150 e:/vmshare/e203/nucleistudio/toolchain/gcc/bin/../lib/gcc/riscv-nuclei-elf/10.1.0/../../../../riscv-nuclei-elf/lib/rv32im/ilp32\libg_nano.a(lib_a-nano-mallocr.o)
                0x000000008000b728                _malloc_r
 .text.__sfputc_r
                0x000000008000b878       0x3c e:/vmshare/e203/nucleistudio/toolchain/gcc/bin/../lib/gcc/riscv-nuclei-elf/10.1.0/../../../../riscv-nuclei-elf/lib/rv32im/ilp32\libg_nano.a(lib_a-nano-vfprintf.o)
 .text.__sfputs_r
                0x000000008000b8b4       0x74 e:/vmshare/e203/nucleistudio/toolchain/gcc/bin/../lib/gcc/riscv-nuclei-elf/10.1.0/../../../../riscv-nuclei-elf/lib/rv32im/ilp32\libg_nano.a(lib_a-nano-vfprintf.o)
                0x000000008000b8b4                __sfputs_r
 .text._vfprintf_r
                0x000000008000b928      0x3c4 e:/vmshare/e203/nucleistudio/toolchain/gcc/bin/../lib/gcc/riscv-nuclei-elf/10.1.0/../../../../riscv-nuclei-elf/lib/rv32im/ilp32\libg_nano.a(lib_a-nano-vfprintf.o)
                0x000000008000b928                _vfprintf_r
                0x000000008000b928                _vfiprintf_r
 .text._sbrk_r  0x000000008000bcec       0x40 e:/vmshare/e203/nucleistudio/toolchain/gcc/bin/../lib/gcc/riscv-nuclei-elf/10.1.0/../../../../riscv-nuclei-elf/lib/rv32im/ilp32\libg_nano.a(lib_a-sbrkr.o)
                0x000000008000bcec                _sbrk_r
 .text.__sread  0x000000008000bd2c       0x50 e:/vmshare/e203/nucleistudio/toolchain/gcc/bin/../lib/gcc/riscv-nuclei-elf/10.1.0/../../../../riscv-nuclei-elf/lib/rv32im/ilp32\libg_nano.a(lib_a-stdio.o)
                0x000000008000bd2c                __sread
 .text.__swrite
                0x000000008000bd7c       0x84 e:/vmshare/e203/nucleistudio/toolchain/gcc/bin/../lib/gcc/riscv-nuclei-elf/10.1.0/../../../../riscv-nuclei-elf/lib/rv32im/ilp32\libg_nano.a(lib_a-stdio.o)
                0x000000008000bd7c                __swrite
 .text.__sseek  0x000000008000be00       0x58 e:/vmshare/e203/nucleistudio/toolchain/gcc/bin/../lib/gcc/riscv-nuclei-elf/10.1.0/../../../../riscv-nuclei-elf/lib/rv32im/ilp32\libg_nano.a(lib_a-stdio.o)
                0x000000008000be00                __sseek
 .text.__sclose
                0x000000008000be58        0x8 e:/vmshare/e203/nucleistudio/toolchain/gcc/bin/../lib/gcc/riscv-nuclei-elf/10.1.0/../../../../riscv-nuclei-elf/lib/rv32im/ilp32\libg_nano.a(lib_a-stdio.o)
                0x000000008000be58                __sclose
 .text.__ascii_wctomb
                0x000000008000be60       0x30 e:/vmshare/e203/nucleistudio/toolchain/gcc/bin/../lib/gcc/riscv-nuclei-elf/10.1.0/../../../../riscv-nuclei-elf/lib/rv32im/ilp32\libg_nano.a(lib_a-wctomb_r.o)
                0x000000008000be60                __ascii_wctomb
 .text._write_r
                0x000000008000be90       0x48 e:/vmshare/e203/nucleistudio/toolchain/gcc/bin/../lib/gcc/riscv-nuclei-elf/10.1.0/../../../../riscv-nuclei-elf/lib/rv32im/ilp32\libg_nano.a(lib_a-writer.o)
                0x000000008000be90                _write_r
 .text.__assert_func
                0x000000008000bed8       0x4c e:/vmshare/e203/nucleistudio/toolchain/gcc/bin/../lib/gcc/riscv-nuclei-elf/10.1.0/../../../../riscv-nuclei-elf/lib/rv32im/ilp32\libg_nano.a(lib_a-assert.o)
                0x000000008000bed8                __assert_func
 .text._close_r
                0x000000008000bf24       0x40 e:/vmshare/e203/nucleistudio/toolchain/gcc/bin/../lib/gcc/riscv-nuclei-elf/10.1.0/../../../../riscv-nuclei-elf/lib/rv32im/ilp32\libg_nano.a(lib_a-closer.o)
                0x000000008000bf24                _close_r
 .text.fprintf  0x000000008000bf64       0x44 e:/vmshare/e203/nucleistudio/toolchain/gcc/bin/../lib/gcc/riscv-nuclei-elf/10.1.0/../../../../riscv-nuclei-elf/lib/rv32im/ilp32\libg_nano.a(lib_a-fprintf.o)
                0x000000008000bf64                fiprintf
                0x000000008000bf64                fprintf
 .text._fstat_r
                0x000000008000bfa8       0x44 e:/vmshare/e203/nucleistudio/toolchain/gcc/bin/../lib/gcc/riscv-nuclei-elf/10.1.0/../../../../riscv-nuclei-elf/lib/rv32im/ilp32\libg_nano.a(lib_a-fstatr.o)
                0x000000008000bfa8                _fstat_r
 .text._isatty_r
                0x000000008000bfec       0x40 e:/vmshare/e203/nucleistudio/toolchain/gcc/bin/../lib/gcc/riscv-nuclei-elf/10.1.0/../../../../riscv-nuclei-elf/lib/rv32im/ilp32\libg_nano.a(lib_a-isattyr.o)
                0x000000008000bfec                _isatty_r
 .text._lseek_r
                0x000000008000c02c       0x48 e:/vmshare/e203/nucleistudio/toolchain/gcc/bin/../lib/gcc/riscv-nuclei-elf/10.1.0/../../../../riscv-nuclei-elf/lib/rv32im/ilp32\libg_nano.a(lib_a-lseekr.o)
                0x000000008000c02c                _lseek_r
 .text.__malloc_lock
                0x000000008000c074        0x4 e:/vmshare/e203/nucleistudio/toolchain/gcc/bin/../lib/gcc/riscv-nuclei-elf/10.1.0/../../../../riscv-nuclei-elf/lib/rv32im/ilp32\libg_nano.a(lib_a-mlock.o)
                0x000000008000c074                __malloc_lock
 .text.__malloc_unlock
                0x000000008000c078        0x4 e:/vmshare/e203/nucleistudio/toolchain/gcc/bin/../lib/gcc/riscv-nuclei-elf/10.1.0/../../../../riscv-nuclei-elf/lib/rv32im/ilp32\libg_nano.a(lib_a-mlock.o)
                0x000000008000c078                __malloc_unlock
 .text._read_r  0x000000008000c07c       0x48 e:/vmshare/e203/nucleistudio/toolchain/gcc/bin/../lib/gcc/riscv-nuclei-elf/10.1.0/../../../../riscv-nuclei-elf/lib/rv32im/ilp32\libg_nano.a(lib_a-readr.o)
                0x000000008000c07c                _read_r
 .text.abort    0x000000008000c0c4       0x18 e:/vmshare/e203/nucleistudio/toolchain/gcc/bin/../lib/gcc/riscv-nuclei-elf/10.1.0/../../../../riscv-nuclei-elf/lib/rv32im/ilp32\libg_nano.a(lib_a-abort.o)
                0x000000008000c0c4                abort
 .text._raise_r
                0x000000008000c0dc       0xb0 e:/vmshare/e203/nucleistudio/toolchain/gcc/bin/../lib/gcc/riscv-nuclei-elf/10.1.0/../../../../riscv-nuclei-elf/lib/rv32im/ilp32\libg_nano.a(lib_a-signal.o)
                0x000000008000c0dc                _raise_r
 .text.raise    0x000000008000c18c        0xc e:/vmshare/e203/nucleistudio/toolchain/gcc/bin/../lib/gcc/riscv-nuclei-elf/10.1.0/../../../../riscv-nuclei-elf/lib/rv32im/ilp32\libg_nano.a(lib_a-signal.o)
                0x000000008000c18c                raise
 .text._kill_r  0x000000008000c198       0x44 e:/vmshare/e203/nucleistudio/toolchain/gcc/bin/../lib/gcc/riscv-nuclei-elf/10.1.0/../../../../riscv-nuclei-elf/lib/rv32im/ilp32\libg_nano.a(lib_a-signalr.o)
                0x000000008000c198                _kill_r
 .text._getpid_r
                0x000000008000c1dc        0x4 e:/vmshare/e203/nucleistudio/toolchain/gcc/bin/../lib/gcc/riscv-nuclei-elf/10.1.0/../../../../riscv-nuclei-elf/lib/rv32im/ilp32\libg_nano.a(lib_a-signalr.o)
                0x000000008000c1dc                _getpid_r
 .text          0x000000008000c1e0      0x7d8 e:/vmshare/e203/nucleistudio/toolchain/gcc/bin/../lib/gcc/riscv-nuclei-elf/10.1.0/rv32im/ilp32\libgcc.a(adddf3.o)
                0x000000008000c1e0                __adddf3
 .text          0x000000008000c9b8       0x8c e:/vmshare/e203/nucleistudio/toolchain/gcc/bin/../lib/gcc/riscv-nuclei-elf/10.1.0/rv32im/ilp32\libgcc.a(eqdf2.o)
                0x000000008000c9b8                __nedf2
                0x000000008000c9b8                __eqdf2
 .text          0x000000008000ca44      0x5cc e:/vmshare/e203/nucleistudio/toolchain/gcc/bin/../lib/gcc/riscv-nuclei-elf/10.1.0/rv32im/ilp32\libgcc.a(muldf3.o)
                0x000000008000ca44                __muldf3
 .text          0x000000008000d010      0x7ec e:/vmshare/e203/nucleistudio/toolchain/gcc/bin/../lib/gcc/riscv-nuclei-elf/10.1.0/rv32im/ilp32\libgcc.a(subdf3.o)
                0x000000008000d010                __subdf3
 .text          0x000000008000d7fc       0x4c e:/vmshare/e203/nucleistudio/toolchain/gcc/bin/../lib/gcc/riscv-nuclei-elf/10.1.0/rv32im/ilp32\libgcc.a(unorddf2.o)
                0x000000008000d7fc                __unorddf2
 .text          0x000000008000d848       0x80 e:/vmshare/e203/nucleistudio/toolchain/gcc/bin/../lib/gcc/riscv-nuclei-elf/10.1.0/rv32im/ilp32\libgcc.a(fixdfsi.o)
                0x000000008000d848                __fixdfsi
 .text          0x000000008000d8c8       0xa8 e:/vmshare/e203/nucleistudio/toolchain/gcc/bin/../lib/gcc/riscv-nuclei-elf/10.1.0/rv32im/ilp32\libgcc.a(floatsidf.o)
                0x000000008000d8c8                __floatsidf
 .text          0x000000008000d970      0x360 e:/vmshare/e203/nucleistudio/toolchain/gcc/bin/../lib/gcc/riscv-nuclei-elf/10.1.0/rv32im/ilp32\libgcc.a(trunctfdf2.o)
                0x000000008000d970                __trunctfdf2
 *(.gnu.linkonce.t.*)

.rodata         0x000000008000dcd0      0xee0
                0x000000008000dcd0                . = ALIGN (0x4)
 *(.rdata)
 *(.rodata .rodata.*)
 .rodata.system_default_exception_handler.str1.4
                0x000000008000dcd0       0x44 ./hbird_sdk/SoC/hbirdv2/Common/Source/system_hbirdv2.o
 .rodata.system_default_interrupt_handler.str1.4
                0x000000008000dd14       0x13 ./hbird_sdk/SoC/hbirdv2/Common/Source/system_hbirdv2.o
 *fill*         0x000000008000dd27        0x1 
 .rodata.SystemBannerPrint.str1.4
                0x000000008000dd28       0x6f ./hbird_sdk/SoC/hbirdv2/Common/Source/system_hbirdv2.o
 *fill*         0x000000008000dd97        0x1 
 .rodata.main.str1.4
                0x000000008000dd98      0x66f ./application/core_main.o
 *fill*         0x000000008000e407        0x1 
 .rodata.list_known_crc
                0x000000008000e408        0xa ./application/core_main.o
 *fill*         0x000000008000e412        0x2 
 .rodata.matrix_known_crc
                0x000000008000e414        0xa ./application/core_main.o
 *fill*         0x000000008000e41e        0x2 
 .rodata.state_known_crc
                0x000000008000e420        0xa ./application/core_main.o
 *fill*         0x000000008000e42a        0x2 
 .rodata.str1.4
                0x000000008000e42c       0xad ./application/core_state.o
 *fill*         0x000000008000e4d9        0x3 
 .rodata.errpat
                0x000000008000e4dc       0x10 ./application/core_state.o
 .rodata.floatpat
                0x000000008000e4ec       0x10 ./application/core_state.o
 .rodata.intpat
                0x000000008000e4fc       0x10 ./application/core_state.o
 .rodata.scipat
                0x000000008000e50c       0x10 ./application/core_state.o
 .rodata.get_seed_32
                0x000000008000e51c       0x18 ./application/core_util.o
 .rodata.nice_case.str1.4
                0x000000008000e534       0xc7 ./application/insn.o
                                         0xf7 (size before relaxing)
 *fill*         0x000000008000e5fb        0x1 
 .rodata        0x000000008000e5fc       0x10 ./application/insn.o
 .rodata        0x000000008000e60c       0x3c e:/vmshare/e203/nucleistudio/toolchain/gcc/bin/../lib/gcc/riscv-nuclei-elf/10.1.0/rv32im/ilp32\libgcc.a(divdf3.o)
 .rodata        0x000000008000e648      0x100 e:/vmshare/e203/nucleistudio/toolchain/gcc/bin/../lib/gcc/riscv-nuclei-elf/10.1.0/rv32im/ilp32\libgcc.a(_clz.o)
                0x000000008000e648                __clz_tab
 .rodata._printf_float.str1.4
                0x000000008000e748       0x10 e:/vmshare/e203/nucleistudio/toolchain/gcc/bin/../lib/gcc/riscv-nuclei-elf/10.1.0/../../../../riscv-nuclei-elf/lib/rv32im/ilp32\libg_nano.a(lib_a-nano-vfprintf_float.o)
                                         0x12 (size before relaxing)
 .rodata._printf_i.str1.4
                0x000000008000e758       0x25 e:/vmshare/e203/nucleistudio/toolchain/gcc/bin/../lib/gcc/riscv-nuclei-elf/10.1.0/../../../../riscv-nuclei-elf/lib/rv32im/ilp32\libg_nano.a(lib_a-nano-vfprintf_i.o)
 *fill*         0x000000008000e77d        0x3 
 .rodata._printf_i
                0x000000008000e780       0x58 e:/vmshare/e203/nucleistudio/toolchain/gcc/bin/../lib/gcc/riscv-nuclei-elf/10.1.0/../../../../riscv-nuclei-elf/lib/rv32im/ilp32\libg_nano.a(lib_a-nano-vfprintf_i.o)
 .rodata._dtoa_r.str1.4
                0x000000008000e7d8       0x7f e:/vmshare/e203/nucleistudio/toolchain/gcc/bin/../lib/gcc/riscv-nuclei-elf/10.1.0/../../../../riscv-nuclei-elf/lib/rv32im/ilp32\libg_nano.a(lib_a-dtoa.o)
                                         0x83 (size before relaxing)
 *fill*         0x000000008000e857        0x1 
 .rodata.__sf_fake_stderr
                0x000000008000e858       0x20 e:/vmshare/e203/nucleistudio/toolchain/gcc/bin/../lib/gcc/riscv-nuclei-elf/10.1.0/../../../../riscv-nuclei-elf/lib/rv32im/ilp32\libg_nano.a(lib_a-findfp.o)
                0x000000008000e858                __sf_fake_stderr
 .rodata.__sf_fake_stdin
                0x000000008000e878       0x20 e:/vmshare/e203/nucleistudio/toolchain/gcc/bin/../lib/gcc/riscv-nuclei-elf/10.1.0/../../../../riscv-nuclei-elf/lib/rv32im/ilp32\libg_nano.a(lib_a-findfp.o)
                0x000000008000e878                __sf_fake_stdin
 .rodata.__sf_fake_stdout
                0x000000008000e898       0x20 e:/vmshare/e203/nucleistudio/toolchain/gcc/bin/../lib/gcc/riscv-nuclei-elf/10.1.0/../../../../riscv-nuclei-elf/lib/rv32im/ilp32\libg_nano.a(lib_a-findfp.o)
                0x000000008000e898                __sf_fake_stdout
 .rodata._setlocale_r.str1.4
                0x000000008000e8b8        0xa e:/vmshare/e203/nucleistudio/toolchain/gcc/bin/../lib/gcc/riscv-nuclei-elf/10.1.0/../../../../riscv-nuclei-elf/lib/rv32im/ilp32\libg_nano.a(lib_a-locale.o)
                                          0xd (size before relaxing)
 .rodata.str1.4
                0x000000008000e8c2        0xa e:/vmshare/e203/nucleistudio/toolchain/gcc/bin/../lib/gcc/riscv-nuclei-elf/10.1.0/../../../../riscv-nuclei-elf/lib/rv32im/ilp32\libg_nano.a(lib_a-locale.o)
                                          0x2 (size before relaxing)
 *fill*         0x000000008000e8c2        0x2 
 .rodata.__multadd.str1.4
                0x000000008000e8c4       0x5c e:/vmshare/e203/nucleistudio/toolchain/gcc/bin/../lib/gcc/riscv-nuclei-elf/10.1.0/../../../../riscv-nuclei-elf/lib/rv32im/ilp32\libg_nano.a(lib_a-mprec.o)
                                         0x70 (size before relaxing)
 .rodata.__mprec_bigtens
                0x000000008000e920       0x28 e:/vmshare/e203/nucleistudio/toolchain/gcc/bin/../lib/gcc/riscv-nuclei-elf/10.1.0/../../../../riscv-nuclei-elf/lib/rv32im/ilp32\libg_nano.a(lib_a-mprec.o)
                0x000000008000e920                __mprec_bigtens
 .rodata.__mprec_tens
                0x000000008000e948       0xc8 e:/vmshare/e203/nucleistudio/toolchain/gcc/bin/../lib/gcc/riscv-nuclei-elf/10.1.0/../../../../riscv-nuclei-elf/lib/rv32im/ilp32\libg_nano.a(lib_a-mprec.o)
                0x000000008000e948                __mprec_tens
 .rodata.p05.0  0x000000008000ea10        0xc e:/vmshare/e203/nucleistudio/toolchain/gcc/bin/../lib/gcc/riscv-nuclei-elf/10.1.0/../../../../riscv-nuclei-elf/lib/rv32im/ilp32\libg_nano.a(lib_a-mprec.o)
 .rodata._vfprintf_r.str1.4
                0x000000008000ea1c       0x13 e:/vmshare/e203/nucleistudio/toolchain/gcc/bin/../lib/gcc/riscv-nuclei-elf/10.1.0/../../../../riscv-nuclei-elf/lib/rv32im/ilp32\libg_nano.a(lib_a-nano-vfprintf.o)
 *fill*         0x000000008000ea2f        0x1 
 .rodata.__assert_func.str1.4
                0x000000008000ea30       0x3f e:/vmshare/e203/nucleistudio/toolchain/gcc/bin/../lib/gcc/riscv-nuclei-elf/10.1.0/../../../../riscv-nuclei-elf/lib/rv32im/ilp32\libg_nano.a(lib_a-assert.o)
                                         0x43 (size before relaxing)
 *fill*         0x000000008000ea6f        0x1 
 .rodata._ctype_
                0x000000008000ea70      0x101 e:/vmshare/e203/nucleistudio/toolchain/gcc/bin/../lib/gcc/riscv-nuclei-elf/10.1.0/../../../../riscv-nuclei-elf/lib/rv32im/ilp32\libg_nano.a(lib_a-ctype_.o)
                0x000000008000ea70                _ctype_
 *fill*         0x000000008000eb71        0x3 
 .rodata        0x000000008000eb74       0x3c e:/vmshare/e203/nucleistudio/toolchain/gcc/bin/../lib/gcc/riscv-nuclei-elf/10.1.0/rv32im/ilp32\libgcc.a(muldf3.o)
                0x000000008000ebb0                . = ALIGN (0x4)
                0x000000008000ebb0                __rt_init_start = .
 *(SORT_BY_NAME(.rti_fn*))
                0x000000008000ebb0                __rt_init_end = .
                0x000000008000ebb0                . = ALIGN (0x4)
                0x000000008000ebb0                __fsymtab_start = .
 *(FSymTab)
                0x000000008000ebb0                __fsymtab_end = .
                0x000000008000ebb0                . = ALIGN (0x4)
                0x000000008000ebb0                __vsymtab_start = .
 *(VSymTab)
                0x000000008000ebb0                __vsymtab_end = .
 *(.gnu.linkonce.r.*)

.rela.dyn       0x000000008000ebb0        0x0
 .rela.text._sbrk
                0x000000008000ebb0        0x0 ./hbird_sdk/SoC/hbirdv2/Common/Source/Stubs/close.o
 .rela.sdata.curbrk.0
                0x000000008000ebb0        0x0 ./hbird_sdk/SoC/hbirdv2/Common/Source/Stubs/close.o
 .rela.init     0x000000008000ebb0        0x0 ./hbird_sdk/SoC/hbirdv2/Common/Source/Stubs/close.o
 .rela.text.__libc_fini_array
                0x000000008000ebb0        0x0 ./hbird_sdk/SoC/hbirdv2/Common/Source/Stubs/close.o
 .rela.text.__libc_init_array
                0x000000008000ebb0        0x0 ./hbird_sdk/SoC/hbirdv2/Common/Source/Stubs/close.o
 .rela.text.isatty
                0x000000008000ebb0        0x0 ./hbird_sdk/SoC/hbirdv2/Common/Source/Stubs/close.o
 .rela.text.__register_exitproc
                0x000000008000ebb0        0x0 ./hbird_sdk/SoC/hbirdv2/Common/Source/Stubs/close.o
 .rela.text._vfprintf_r
                0x000000008000ebb0        0x0 ./hbird_sdk/SoC/hbirdv2/Common/Source/Stubs/close.o
 .rela.text._sbrk_r
                0x000000008000ebb0        0x0 ./hbird_sdk/SoC/hbirdv2/Common/Source/Stubs/close.o
 .rela.text._write_r
                0x000000008000ebb0        0x0 ./hbird_sdk/SoC/hbirdv2/Common/Source/Stubs/close.o
 .rela.text._close_r
                0x000000008000ebb0        0x0 ./hbird_sdk/SoC/hbirdv2/Common/Source/Stubs/close.o
 .rela.text._fstat_r
                0x000000008000ebb0        0x0 ./hbird_sdk/SoC/hbirdv2/Common/Source/Stubs/close.o
 .rela.text._isatty_r
                0x000000008000ebb0        0x0 ./hbird_sdk/SoC/hbirdv2/Common/Source/Stubs/close.o
 .rela.text._lseek_r
                0x000000008000ebb0        0x0 ./hbird_sdk/SoC/hbirdv2/Common/Source/Stubs/close.o
 .rela.text._read_r
                0x000000008000ebb0        0x0 ./hbird_sdk/SoC/hbirdv2/Common/Source/Stubs/close.o
 .rela.text.abort
                0x000000008000ebb0        0x0 ./hbird_sdk/SoC/hbirdv2/Common/Source/Stubs/close.o
 .rela.text._kill_r
                0x000000008000ebb0        0x0 ./hbird_sdk/SoC/hbirdv2/Common/Source/Stubs/close.o
 .rela.text._getpid_r
                0x000000008000ebb0        0x0 ./hbird_sdk/SoC/hbirdv2/Common/Source/Stubs/close.o

.fini
 *(SORT_NONE(.fini))
                0x000000008000ebb0                . = ALIGN (0x4)
                [!provide]                        PROVIDE (__etext = .)
                [!provide]                        PROVIDE (_etext = .)
                [!provide]                        PROVIDE (etext = .)
                0x000000008000ebb0                PROVIDE (_eilm = .)

.preinit_array  0x000000008000ebb0        0x0
                0x000000008000ebb0                PROVIDE (__preinit_array_start = .)
 *(.preinit_array)
                0x000000008000ebb0                PROVIDE (__preinit_array_end = .)

.init_array     0x000000008000ebb0        0x0
                0x000000008000ebb0                PROVIDE (__init_array_start = .)
 *(SORT_BY_INIT_PRIORITY(.init_array.*) SORT_BY_INIT_PRIORITY(.ctors.*))
 *(.init_array EXCLUDE_FILE(*crtend?.o *crtend.o *crtbegin?.o *crtbegin.o) .ctors)
                0x000000008000ebb0                PROVIDE (__init_array_end = .)

.fini_array     0x000000008000ebb0        0x0
                0x000000008000ebb0                PROVIDE (__fini_array_start = .)
 *(SORT_BY_INIT_PRIORITY(.fini_array.*) SORT_BY_INIT_PRIORITY(.dtors.*))
 *(.fini_array EXCLUDE_FILE(*crtend?.o *crtend.o *crtbegin?.o *crtbegin.o) .dtors)
                0x000000008000ebb0                PROVIDE (__fini_array_end = .)

.ctors
 *crtbegin.o(.ctors)
 *crtbegin?.o(.ctors)
 *(EXCLUDE_FILE(*crtend?.o *crtend.o) .ctors)
 *(SORT_BY_NAME(.ctors.*))
 *(.ctors)

.dtors
 *crtbegin.o(.dtors)
 *crtbegin?.o(.dtors)
 *(EXCLUDE_FILE(*crtend?.o *crtend.o) .dtors)
 *(SORT_BY_NAME(.dtors.*))
 *(.dtors)

.lalign         0x000000008000ebb0        0x0
                0x000000008000ebb0                . = ALIGN (0x4)
                0x000000008000ebb0                PROVIDE (_data_lma = .)

.dalign         0x0000000090000000        0x0 load address 0x000000008000ebb0
                0x0000000090000000                . = ALIGN (0x4)
                0x0000000090000000                PROVIDE (_data = .)

.data           0x0000000090000000      0x244 load address 0x000000008000ebb0
 *(.data .data.*)
 .data.impure_data
                0x0000000090000000       0x60 e:/vmshare/e203/nucleistudio/toolchain/gcc/bin/../lib/gcc/riscv-nuclei-elf/10.1.0/../../../../riscv-nuclei-elf/lib/rv32im/ilp32\libg_nano.a(lib_a-impure.o)
 .data.__global_locale
                0x0000000090000060      0x16c e:/vmshare/e203/nucleistudio/toolchain/gcc/bin/../lib/gcc/riscv-nuclei-elf/10.1.0/../../../../riscv-nuclei-elf/lib/rv32im/ilp32\libg_nano.a(lib_a-locale.o)
                0x0000000090000060                __global_locale
 *(.gnu.linkonce.d.*)
                0x00000000900001d0                . = ALIGN (0x8)
 *fill*         0x00000000900001cc        0x4 
                0x00000000900009d0                PROVIDE (__global_pointer$ = (. + 0x800))
 *(.sdata .sdata.* .sdata*)
 .sdata.curbrk.0
                0x00000000900001d0        0x4 ./hbird_sdk/SoC/hbirdv2/Common/Source/Stubs/sbrk.o
 .sdata.SystemCoreClock
                0x00000000900001d4        0x4 ./hbird_sdk/SoC/hbirdv2/Common/Source/system_hbirdv2.o
                0x00000000900001d4                SystemCoreClock
 .sdata.seed3_volatile
                0x00000000900001d8        0x4 ./application/core_portme.o
                0x00000000900001d8                seed3_volatile
 .sdata.seed4_volatile
                0x00000000900001dc        0x4 ./application/core_portme.o
                0x00000000900001dc                seed4_volatile
 .sdata._impure_ptr
                0x00000000900001e0        0x4 e:/vmshare/e203/nucleistudio/toolchain/gcc/bin/../lib/gcc/riscv-nuclei-elf/10.1.0/../../../../riscv-nuclei-elf/lib/rv32im/ilp32\libg_nano.a(lib_a-impure.o)
                0x00000000900001e0                _impure_ptr
 *(.gnu.linkonce.s.*)
                0x00000000900001e8                . = ALIGN (0x8)
 *fill*         0x00000000900001e4        0x4 
 *(.srodata.cst16)
 *(.srodata.cst8)
 .srodata.cst8  0x00000000900001e8       0x18 ./application/core_main.o
 .srodata.cst8  0x0000000090000200        0x8 e:/vmshare/e203/nucleistudio/toolchain/gcc/bin/../lib/gcc/riscv-nuclei-elf/10.1.0/../../../../riscv-nuclei-elf/lib/rv32im/ilp32\libg_nano.a(lib_a-nano-vfprintf_float.o)
 .srodata.cst8  0x0000000090000208       0x38 e:/vmshare/e203/nucleistudio/toolchain/gcc/bin/../lib/gcc/riscv-nuclei-elf/10.1.0/../../../../riscv-nuclei-elf/lib/rv32im/ilp32\libg_nano.a(lib_a-dtoa.o)
                                         0x48 (size before relaxing)
 *(.srodata.cst4)
 *(.srodata.cst2)
 *(.srodata .srodata.*)
 .srodata._global_impure_ptr
                0x0000000090000240        0x4 e:/vmshare/e203/nucleistudio/toolchain/gcc/bin/../lib/gcc/riscv-nuclei-elf/10.1.0/../../../../riscv-nuclei-elf/lib/rv32im/ilp32\libg_nano.a(lib_a-impure.o)
                0x0000000090000240                _global_impure_ptr
                0x0000000090000244                . = ALIGN (0x4)
                0x0000000090000244                PROVIDE (_edata = .)
                [!provide]                        PROVIDE (edata = .)
                [!provide]                        PROVIDE (_fbss = .)
                0x0000000090000244                PROVIDE (__bss_start = .)

.bss            0x0000000090000248      0x154
 *(.sbss*)
 .sbss.seed1_volatile
                0x0000000090000248        0x4 ./application/core_portme.o
                0x0000000090000248                seed1_volatile
 .sbss.seed2_volatile
                0x000000009000024c        0x4 ./application/core_portme.o
                0x000000009000024c                seed2_volatile
 .sbss.seed5_volatile
                0x0000000090000250        0x4 ./application/core_portme.o
                0x0000000090000250                seed5_volatile
 *fill*         0x0000000090000254        0x4 
 .sbss.t0       0x0000000090000258        0x8 ./application/core_portme.o
 .sbss.t1       0x0000000090000260        0x8 ./application/core_portme.o
 .sbss.errno    0x0000000090000268        0x4 e:/vmshare/e203/nucleistudio/toolchain/gcc/bin/../lib/gcc/riscv-nuclei-elf/10.1.0/../../../../riscv-nuclei-elf/lib/rv32im/ilp32\libg_nano.a(lib_a-reent.o)
                0x0000000090000268                errno
 .sbss._global_atexit
                0x000000009000026c        0x4 e:/vmshare/e203/nucleistudio/toolchain/gcc/bin/../lib/gcc/riscv-nuclei-elf/10.1.0/../../../../riscv-nuclei-elf/lib/rv32im/ilp32\libg_nano.a(lib_a-__call_atexit.o)
                0x000000009000026c                _global_atexit
 .sbss.__malloc_free_list
                0x0000000090000270        0x4 e:/vmshare/e203/nucleistudio/toolchain/gcc/bin/../lib/gcc/riscv-nuclei-elf/10.1.0/../../../../riscv-nuclei-elf/lib/rv32im/ilp32\libg_nano.a(lib_a-nano-mallocr.o)
                0x0000000090000270                __malloc_free_list
 .sbss.__malloc_sbrk_start
                0x0000000090000274        0x4 e:/vmshare/e203/nucleistudio/toolchain/gcc/bin/../lib/gcc/riscv-nuclei-elf/10.1.0/../../../../riscv-nuclei-elf/lib/rv32im/ilp32\libg_nano.a(lib_a-nano-mallocr.o)
                0x0000000090000274                __malloc_sbrk_start
 *(.gnu.linkonce.sb.*)
 *(.bss .bss.*)
 .bss.SystemCoreInterruptHandlers
                0x0000000090000278       0x28 ./hbird_sdk/SoC/hbirdv2/Common/Source/system_hbirdv2.o
 .bss.SystemExceptionHandlers
                0x00000000900002a0       0x2c ./hbird_sdk/SoC/hbirdv2/Common/Source/system_hbirdv2.o
 .bss.SystemExtInterruptHandlers
                0x00000000900002cc       0x44 ./hbird_sdk/SoC/hbirdv2/Common/Source/system_hbirdv2.o
 .bss._global_atexit0
                0x0000000090000310       0x8c e:/vmshare/e203/nucleistudio/toolchain/gcc/bin/../lib/gcc/riscv-nuclei-elf/10.1.0/../../../../riscv-nuclei-elf/lib/rv32im/ilp32\libg_nano.a(lib_a-__atexit.o)
 *(.gnu.linkonce.b.*)
 *(COMMON)
                0x000000009000039c                . = ALIGN (0x4)
                0x00000000900003a0                . = ALIGN (0x8)
                0x00000000900003a0                PROVIDE (_end = .)
                [!provide]                        PROVIDE (end = .)

.stack          0x000000009000f800      0x800 load address 0x000000009000039c
                0x000000009000f800                PROVIDE (_heap_end = .)
                0x0000000000000800                . = __stack_size
 *fill*         0x000000009000f800      0x800 
                0x0000000090010000                PROVIDE (_sp = .)
OUTPUT(mark_decenc.elf elf32-littleriscv)

.debug_info     0x0000000000000000     0xb510
 .debug_info    0x0000000000000000       0xac ./hbird_sdk/SoC/hbirdv2/Common/Source/Stubs/close.o
 .debug_info    0x00000000000000ac       0xb1 ./hbird_sdk/SoC/hbirdv2/Common/Source/Stubs/exit.o
 .debug_info    0x000000000000015d      0x2c8 ./hbird_sdk/SoC/hbirdv2/Common/Source/Stubs/fstat.o
 .debug_info    0x0000000000000425       0x90 ./hbird_sdk/SoC/hbirdv2/Common/Source/Stubs/getpid.o
 .debug_info    0x00000000000004b5       0xa0 ./hbird_sdk/SoC/hbirdv2/Common/Source/Stubs/isatty.o
 .debug_info    0x0000000000000555       0xbb ./hbird_sdk/SoC/hbirdv2/Common/Source/Stubs/kill.o
 .debug_info    0x0000000000000610       0xbd ./hbird_sdk/SoC/hbirdv2/Common/Source/Stubs/lseek.o
 .debug_info    0x00000000000006cd      0x232 ./hbird_sdk/SoC/hbirdv2/Common/Source/Stubs/read.o
 .debug_info    0x00000000000008ff       0xea ./hbird_sdk/SoC/hbirdv2/Common/Source/Stubs/sbrk.o
 .debug_info    0x00000000000009e9      0x3a9 ./hbird_sdk/SoC/hbirdv2/Common/Source/Stubs/write.o
 .debug_info    0x0000000000000d92       0x26 ./hbird_sdk/SoC/hbirdv2/Common/Source/GCC/intexc_hbirdv2.o
 .debug_info    0x0000000000000db8       0x26 ./hbird_sdk/SoC/hbirdv2/Common/Source/GCC/startup_hbirdv2.o
 .debug_info    0x0000000000000dde      0x388 ./hbird_sdk/SoC/hbirdv2/Common/Source/Drivers/hbirdv2_gpio.o
 .debug_info    0x0000000000001166      0x539 ./hbird_sdk/SoC/hbirdv2/Common/Source/Drivers/hbirdv2_uart.o
 .debug_info    0x000000000000169f      0x490 ./hbird_sdk/SoC/hbirdv2/Common/Source/hbirdv2_common.o
 .debug_info    0x0000000000001b2f      0xdef ./hbird_sdk/SoC/hbirdv2/Common/Source/system_hbirdv2.o
 .debug_info    0x000000000000291e     0x104e ./application/core_list_join.o
 .debug_info    0x000000000000396c      0xbe9 ./application/core_main.o
 .debug_info    0x0000000000004555      0xe38 ./application/core_matrix.o
 .debug_info    0x000000000000538d      0x3f3 ./application/core_portme.o
 .debug_info    0x0000000000005780      0x6aa ./application/core_state.o
 .debug_info    0x0000000000005e2a      0x50b ./application/core_util.o
 .debug_info    0x0000000000006335      0x90a ./application/insn.o
 .debug_info    0x0000000000006c3f      0x7c0 e:/vmshare/e203/nucleistudio/toolchain/gcc/bin/../lib/gcc/riscv-nuclei-elf/10.1.0/rv32im/ilp32\libgcc.a(_udivdi3.o)
 .debug_info    0x00000000000073ff      0x72a e:/vmshare/e203/nucleistudio/toolchain/gcc/bin/../lib/gcc/riscv-nuclei-elf/10.1.0/rv32im/ilp32\libgcc.a(divdf3.o)
 .debug_info    0x0000000000007b29      0x253 e:/vmshare/e203/nucleistudio/toolchain/gcc/bin/../lib/gcc/riscv-nuclei-elf/10.1.0/rv32im/ilp32\libgcc.a(gedf2.o)
 .debug_info    0x0000000000007d7c      0x253 e:/vmshare/e203/nucleistudio/toolchain/gcc/bin/../lib/gcc/riscv-nuclei-elf/10.1.0/rv32im/ilp32\libgcc.a(ledf2.o)
 .debug_info    0x0000000000007fcf      0x1d5 e:/vmshare/e203/nucleistudio/toolchain/gcc/bin/../lib/gcc/riscv-nuclei-elf/10.1.0/rv32im/ilp32\libgcc.a(fixunsdfsi.o)
 .debug_info    0x00000000000081a4      0x28e e:/vmshare/e203/nucleistudio/toolchain/gcc/bin/../lib/gcc/riscv-nuclei-elf/10.1.0/rv32im/ilp32\libgcc.a(floatunsidf.o)
 .debug_info    0x0000000000008432      0x2f8 e:/vmshare/e203/nucleistudio/toolchain/gcc/bin/../lib/gcc/riscv-nuclei-elf/10.1.0/rv32im/ilp32\libgcc.a(floatundidf.o)
 .debug_info    0x000000000000872a      0x25c e:/vmshare/e203/nucleistudio/toolchain/gcc/bin/../lib/gcc/riscv-nuclei-elf/10.1.0/rv32im/ilp32\libgcc.a(floatundisf.o)
 .debug_info    0x0000000000008986      0x28b e:/vmshare/e203/nucleistudio/toolchain/gcc/bin/../lib/gcc/riscv-nuclei-elf/10.1.0/rv32im/ilp32\libgcc.a(extendsfdf2.o)
 .debug_info    0x0000000000008c11      0x2a9 e:/vmshare/e203/nucleistudio/toolchain/gcc/bin/../lib/gcc/riscv-nuclei-elf/10.1.0/rv32im/ilp32\libgcc.a(truncdfsf2.o)
 .debug_info    0x0000000000008eba      0x1ba e:/vmshare/e203/nucleistudio/toolchain/gcc/bin/../lib/gcc/riscv-nuclei-elf/10.1.0/rv32im/ilp32\libgcc.a(_lshrdi3.o)
 .debug_info    0x0000000000009074      0x1ba e:/vmshare/e203/nucleistudio/toolchain/gcc/bin/../lib/gcc/riscv-nuclei-elf/10.1.0/rv32im/ilp32\libgcc.a(_ashldi3.o)
 .debug_info    0x000000000000922e       0xe5 e:/vmshare/e203/nucleistudio/toolchain/gcc/bin/../lib/gcc/riscv-nuclei-elf/10.1.0/rv32im/ilp32\libgcc.a(_clz.o)
 .debug_info    0x0000000000009313      0x152 e:/vmshare/e203/nucleistudio/toolchain/gcc/bin/../lib/gcc/riscv-nuclei-elf/10.1.0/rv32im/ilp32\libgcc.a(_clzsi2.o)
 .debug_info    0x0000000000009465      0x581 e:/vmshare/e203/nucleistudio/toolchain/gcc/bin/../lib/gcc/riscv-nuclei-elf/10.1.0/rv32im/ilp32\libgcc.a(adddf3.o)
 .debug_info    0x00000000000099e6      0x255 e:/vmshare/e203/nucleistudio/toolchain/gcc/bin/../lib/gcc/riscv-nuclei-elf/10.1.0/rv32im/ilp32\libgcc.a(eqdf2.o)
 .debug_info    0x0000000000009c3b      0x766 e:/vmshare/e203/nucleistudio/toolchain/gcc/bin/../lib/gcc/riscv-nuclei-elf/10.1.0/rv32im/ilp32\libgcc.a(muldf3.o)
 .debug_info    0x000000000000a3a1      0x581 e:/vmshare/e203/nucleistudio/toolchain/gcc/bin/../lib/gcc/riscv-nuclei-elf/10.1.0/rv32im/ilp32\libgcc.a(subdf3.o)
 .debug_info    0x000000000000a922      0x256 e:/vmshare/e203/nucleistudio/toolchain/gcc/bin/../lib/gcc/riscv-nuclei-elf/10.1.0/rv32im/ilp32\libgcc.a(unorddf2.o)
 .debug_info    0x000000000000ab78      0x1e7 e:/vmshare/e203/nucleistudio/toolchain/gcc/bin/../lib/gcc/riscv-nuclei-elf/10.1.0/rv32im/ilp32\libgcc.a(fixdfsi.o)
 .debug_info    0x000000000000ad5f      0x29b e:/vmshare/e203/nucleistudio/toolchain/gcc/bin/../lib/gcc/riscv-nuclei-elf/10.1.0/rv32im/ilp32\libgcc.a(floatsidf.o)
 .debug_info    0x000000000000affa      0x516 e:/vmshare/e203/nucleistudio/toolchain/gcc/bin/../lib/gcc/riscv-nuclei-elf/10.1.0/rv32im/ilp32\libgcc.a(trunctfdf2.o)

.debug_abbrev   0x0000000000000000     0x3a77
 .debug_abbrev  0x0000000000000000       0x6a ./hbird_sdk/SoC/hbirdv2/Common/Source/Stubs/close.o
 .debug_abbrev  0x000000000000006a       0x7c ./hbird_sdk/SoC/hbirdv2/Common/Source/Stubs/exit.o
 .debug_abbrev  0x00000000000000e6       0xc9 ./hbird_sdk/SoC/hbirdv2/Common/Source/Stubs/fstat.o
 .debug_abbrev  0x00000000000001af       0x46 ./hbird_sdk/SoC/hbirdv2/Common/Source/Stubs/getpid.o
 .debug_abbrev  0x00000000000001f5       0x57 ./hbird_sdk/SoC/hbirdv2/Common/Source/Stubs/isatty.o
 .debug_abbrev  0x000000000000024c       0x7b ./hbird_sdk/SoC/hbirdv2/Common/Source/Stubs/kill.o
 .debug_abbrev  0x00000000000002c7       0x68 ./hbird_sdk/SoC/hbirdv2/Common/Source/Stubs/lseek.o
 .debug_abbrev  0x000000000000032f      0x102 ./hbird_sdk/SoC/hbirdv2/Common/Source/Stubs/read.o
 .debug_abbrev  0x0000000000000431       0xa8 ./hbird_sdk/SoC/hbirdv2/Common/Source/Stubs/sbrk.o
 .debug_abbrev  0x00000000000004d9      0x11f ./hbird_sdk/SoC/hbirdv2/Common/Source/Stubs/write.o
 .debug_abbrev  0x00000000000005f8       0x14 ./hbird_sdk/SoC/hbirdv2/Common/Source/GCC/intexc_hbirdv2.o
 .debug_abbrev  0x000000000000060c       0x14 ./hbird_sdk/SoC/hbirdv2/Common/Source/GCC/startup_hbirdv2.o
 .debug_abbrev  0x0000000000000620       0xf2 ./hbird_sdk/SoC/hbirdv2/Common/Source/Drivers/hbirdv2_gpio.o
 .debug_abbrev  0x0000000000000712      0x15f ./hbird_sdk/SoC/hbirdv2/Common/Source/Drivers/hbirdv2_uart.o
 .debug_abbrev  0x0000000000000871      0x1fe ./hbird_sdk/SoC/hbirdv2/Common/Source/hbirdv2_common.o
 .debug_abbrev  0x0000000000000a6f      0x47d ./hbird_sdk/SoC/hbirdv2/Common/Source/system_hbirdv2.o
 .debug_abbrev  0x0000000000000eec      0x2ca ./application/core_list_join.o
 .debug_abbrev  0x00000000000011b6      0x232 ./application/core_main.o
 .debug_abbrev  0x00000000000013e8      0x226 ./application/core_matrix.o
 .debug_abbrev  0x000000000000160e      0x184 ./application/core_portme.o
 .debug_abbrev  0x0000000000001792      0x279 ./application/core_state.o
 .debug_abbrev  0x0000000000001a0b      0x177 ./application/core_util.o
 .debug_abbrev  0x0000000000001b82      0x1f4 ./application/insn.o
 .debug_abbrev  0x0000000000001d76      0x19d e:/vmshare/e203/nucleistudio/toolchain/gcc/bin/../lib/gcc/riscv-nuclei-elf/10.1.0/rv32im/ilp32\libgcc.a(_udivdi3.o)
 .debug_abbrev  0x0000000000001f13      0x173 e:/vmshare/e203/nucleistudio/toolchain/gcc/bin/../lib/gcc/riscv-nuclei-elf/10.1.0/rv32im/ilp32\libgcc.a(divdf3.o)
 .debug_abbrev  0x0000000000002086      0x15e e:/vmshare/e203/nucleistudio/toolchain/gcc/bin/../lib/gcc/riscv-nuclei-elf/10.1.0/rv32im/ilp32\libgcc.a(gedf2.o)
 .debug_abbrev  0x00000000000021e4      0x15e e:/vmshare/e203/nucleistudio/toolchain/gcc/bin/../lib/gcc/riscv-nuclei-elf/10.1.0/rv32im/ilp32\libgcc.a(ledf2.o)
 .debug_abbrev  0x0000000000002342      0x15e e:/vmshare/e203/nucleistudio/toolchain/gcc/bin/../lib/gcc/riscv-nuclei-elf/10.1.0/rv32im/ilp32\libgcc.a(fixunsdfsi.o)
 .debug_abbrev  0x00000000000024a0      0x164 e:/vmshare/e203/nucleistudio/toolchain/gcc/bin/../lib/gcc/riscv-nuclei-elf/10.1.0/rv32im/ilp32\libgcc.a(floatunsidf.o)
 .debug_abbrev  0x0000000000002604      0x182 e:/vmshare/e203/nucleistudio/toolchain/gcc/bin/../lib/gcc/riscv-nuclei-elf/10.1.0/rv32im/ilp32\libgcc.a(floatundidf.o)
 .debug_abbrev  0x0000000000002786      0x179 e:/vmshare/e203/nucleistudio/toolchain/gcc/bin/../lib/gcc/riscv-nuclei-elf/10.1.0/rv32im/ilp32\libgcc.a(floatundisf.o)
 .debug_abbrev  0x00000000000028ff      0x158 e:/vmshare/e203/nucleistudio/toolchain/gcc/bin/../lib/gcc/riscv-nuclei-elf/10.1.0/rv32im/ilp32\libgcc.a(extendsfdf2.o)
 .debug_abbrev  0x0000000000002a57      0x14d e:/vmshare/e203/nucleistudio/toolchain/gcc/bin/../lib/gcc/riscv-nuclei-elf/10.1.0/rv32im/ilp32\libgcc.a(truncdfsf2.o)
 .debug_abbrev  0x0000000000002ba4      0x118 e:/vmshare/e203/nucleistudio/toolchain/gcc/bin/../lib/gcc/riscv-nuclei-elf/10.1.0/rv32im/ilp32\libgcc.a(_lshrdi3.o)
 .debug_abbrev  0x0000000000002cbc      0x118 e:/vmshare/e203/nucleistudio/toolchain/gcc/bin/../lib/gcc/riscv-nuclei-elf/10.1.0/rv32im/ilp32\libgcc.a(_ashldi3.o)
 .debug_abbrev  0x0000000000002dd4       0x70 e:/vmshare/e203/nucleistudio/toolchain/gcc/bin/../lib/gcc/riscv-nuclei-elf/10.1.0/rv32im/ilp32\libgcc.a(_clz.o)
 .debug_abbrev  0x0000000000002e44       0xca e:/vmshare/e203/nucleistudio/toolchain/gcc/bin/../lib/gcc/riscv-nuclei-elf/10.1.0/rv32im/ilp32\libgcc.a(_clzsi2.o)
 .debug_abbrev  0x0000000000002f0e      0x173 e:/vmshare/e203/nucleistudio/toolchain/gcc/bin/../lib/gcc/riscv-nuclei-elf/10.1.0/rv32im/ilp32\libgcc.a(adddf3.o)
 .debug_abbrev  0x0000000000003081      0x14b e:/vmshare/e203/nucleistudio/toolchain/gcc/bin/../lib/gcc/riscv-nuclei-elf/10.1.0/rv32im/ilp32\libgcc.a(eqdf2.o)
 .debug_abbrev  0x00000000000031cc      0x185 e:/vmshare/e203/nucleistudio/toolchain/gcc/bin/../lib/gcc/riscv-nuclei-elf/10.1.0/rv32im/ilp32\libgcc.a(muldf3.o)
 .debug_abbrev  0x0000000000003351      0x173 e:/vmshare/e203/nucleistudio/toolchain/gcc/bin/../lib/gcc/riscv-nuclei-elf/10.1.0/rv32im/ilp32\libgcc.a(subdf3.o)
 .debug_abbrev  0x00000000000034c4      0x14b e:/vmshare/e203/nucleistudio/toolchain/gcc/bin/../lib/gcc/riscv-nuclei-elf/10.1.0/rv32im/ilp32\libgcc.a(unorddf2.o)
 .debug_abbrev  0x000000000000360f      0x15e e:/vmshare/e203/nucleistudio/toolchain/gcc/bin/../lib/gcc/riscv-nuclei-elf/10.1.0/rv32im/ilp32\libgcc.a(fixdfsi.o)
 .debug_abbrev  0x000000000000376d      0x164 e:/vmshare/e203/nucleistudio/toolchain/gcc/bin/../lib/gcc/riscv-nuclei-elf/10.1.0/rv32im/ilp32\libgcc.a(floatsidf.o)
 .debug_abbrev  0x00000000000038d1      0x1a6 e:/vmshare/e203/nucleistudio/toolchain/gcc/bin/../lib/gcc/riscv-nuclei-elf/10.1.0/rv32im/ilp32\libgcc.a(trunctfdf2.o)

.debug_loc      0x0000000000000000     0xc4b7
 .debug_loc     0x0000000000000000       0x13 ./hbird_sdk/SoC/hbirdv2/Common/Source/Stubs/close.o
 .debug_loc     0x0000000000000013       0x13 ./hbird_sdk/SoC/hbirdv2/Common/Source/Stubs/fstat.o
 .debug_loc     0x0000000000000026       0x13 ./hbird_sdk/SoC/hbirdv2/Common/Source/Stubs/isatty.o
 .debug_loc     0x0000000000000039       0x13 ./hbird_sdk/SoC/hbirdv2/Common/Source/Stubs/kill.o
 .debug_loc     0x000000000000004c       0x13 ./hbird_sdk/SoC/hbirdv2/Common/Source/Stubs/lseek.o
 .debug_loc     0x000000000000005f       0x44 ./hbird_sdk/SoC/hbirdv2/Common/Source/Stubs/read.o
 .debug_loc     0x00000000000000a3       0x13 ./hbird_sdk/SoC/hbirdv2/Common/Source/Stubs/sbrk.o
 .debug_loc     0x00000000000000b6       0x7b ./hbird_sdk/SoC/hbirdv2/Common/Source/Stubs/write.o
 .debug_loc     0x0000000000000131      0x306 ./hbird_sdk/SoC/hbirdv2/Common/Source/Drivers/hbirdv2_gpio.o
 .debug_loc     0x0000000000000437      0x3d3 ./hbird_sdk/SoC/hbirdv2/Common/Source/Drivers/hbirdv2_uart.o
 .debug_loc     0x000000000000080a      0x368 ./hbird_sdk/SoC/hbirdv2/Common/Source/hbirdv2_common.o
 .debug_loc     0x0000000000000b72      0x410 ./hbird_sdk/SoC/hbirdv2/Common/Source/system_hbirdv2.o
 .debug_loc     0x0000000000000f82     0x14fc ./application/core_list_join.o
 .debug_loc     0x000000000000247e      0x341 ./application/core_main.o
 .debug_loc     0x00000000000027bf     0x2a07 ./application/core_matrix.o
 .debug_loc     0x00000000000051c6       0x18 ./application/core_portme.o
 .debug_loc     0x00000000000051de      0x3f3 ./application/core_state.o
 .debug_loc     0x00000000000055d1      0x28f ./application/core_util.o
 .debug_loc     0x0000000000005860      0x1de ./application/insn.o
 .debug_loc     0x0000000000005a3e      0xbdd e:/vmshare/e203/nucleistudio/toolchain/gcc/bin/../lib/gcc/riscv-nuclei-elf/10.1.0/rv32im/ilp32\libgcc.a(_udivdi3.o)
 .debug_loc     0x000000000000661b     0x1494 e:/vmshare/e203/nucleistudio/toolchain/gcc/bin/../lib/gcc/riscv-nuclei-elf/10.1.0/rv32im/ilp32\libgcc.a(divdf3.o)
 .debug_loc     0x0000000000007aaf      0x135 e:/vmshare/e203/nucleistudio/toolchain/gcc/bin/../lib/gcc/riscv-nuclei-elf/10.1.0/rv32im/ilp32\libgcc.a(gedf2.o)
 .debug_loc     0x0000000000007be4      0x135 e:/vmshare/e203/nucleistudio/toolchain/gcc/bin/../lib/gcc/riscv-nuclei-elf/10.1.0/rv32im/ilp32\libgcc.a(ledf2.o)
 .debug_loc     0x0000000000007d19       0xe7 e:/vmshare/e203/nucleistudio/toolchain/gcc/bin/../lib/gcc/riscv-nuclei-elf/10.1.0/rv32im/ilp32\libgcc.a(fixunsdfsi.o)
 .debug_loc     0x0000000000007e00      0x14f e:/vmshare/e203/nucleistudio/toolchain/gcc/bin/../lib/gcc/riscv-nuclei-elf/10.1.0/rv32im/ilp32\libgcc.a(floatunsidf.o)
 .debug_loc     0x0000000000007f4f      0x322 e:/vmshare/e203/nucleistudio/toolchain/gcc/bin/../lib/gcc/riscv-nuclei-elf/10.1.0/rv32im/ilp32\libgcc.a(floatundidf.o)
 .debug_loc     0x0000000000008271      0x1c8 e:/vmshare/e203/nucleistudio/toolchain/gcc/bin/../lib/gcc/riscv-nuclei-elf/10.1.0/rv32im/ilp32\libgcc.a(floatundisf.o)
 .debug_loc     0x0000000000008439      0x202 e:/vmshare/e203/nucleistudio/toolchain/gcc/bin/../lib/gcc/riscv-nuclei-elf/10.1.0/rv32im/ilp32\libgcc.a(extendsfdf2.o)
 .debug_loc     0x000000000000863b      0x33a e:/vmshare/e203/nucleistudio/toolchain/gcc/bin/../lib/gcc/riscv-nuclei-elf/10.1.0/rv32im/ilp32\libgcc.a(truncdfsf2.o)
 .debug_loc     0x0000000000008975       0x7e e:/vmshare/e203/nucleistudio/toolchain/gcc/bin/../lib/gcc/riscv-nuclei-elf/10.1.0/rv32im/ilp32\libgcc.a(_lshrdi3.o)
 .debug_loc     0x00000000000089f3       0x7e e:/vmshare/e203/nucleistudio/toolchain/gcc/bin/../lib/gcc/riscv-nuclei-elf/10.1.0/rv32im/ilp32\libgcc.a(_ashldi3.o)
 .debug_loc     0x0000000000008a71       0x6b e:/vmshare/e203/nucleistudio/toolchain/gcc/bin/../lib/gcc/riscv-nuclei-elf/10.1.0/rv32im/ilp32\libgcc.a(_clzsi2.o)
 .debug_loc     0x0000000000008adc     0x11ec e:/vmshare/e203/nucleistudio/toolchain/gcc/bin/../lib/gcc/riscv-nuclei-elf/10.1.0/rv32im/ilp32\libgcc.a(adddf3.o)
 .debug_loc     0x0000000000009cc8       0xa4 e:/vmshare/e203/nucleistudio/toolchain/gcc/bin/../lib/gcc/riscv-nuclei-elf/10.1.0/rv32im/ilp32\libgcc.a(eqdf2.o)
 .debug_loc     0x0000000000009d6c      0xd56 e:/vmshare/e203/nucleistudio/toolchain/gcc/bin/../lib/gcc/riscv-nuclei-elf/10.1.0/rv32im/ilp32\libgcc.a(muldf3.o)
 .debug_loc     0x000000000000aac2     0x114d e:/vmshare/e203/nucleistudio/toolchain/gcc/bin/../lib/gcc/riscv-nuclei-elf/10.1.0/rv32im/ilp32\libgcc.a(subdf3.o)
 .debug_loc     0x000000000000bc0f       0x61 e:/vmshare/e203/nucleistudio/toolchain/gcc/bin/../lib/gcc/riscv-nuclei-elf/10.1.0/rv32im/ilp32\libgcc.a(unorddf2.o)
 .debug_loc     0x000000000000bc70      0x181 e:/vmshare/e203/nucleistudio/toolchain/gcc/bin/../lib/gcc/riscv-nuclei-elf/10.1.0/rv32im/ilp32\libgcc.a(fixdfsi.o)
 .debug_loc     0x000000000000bdf1      0x159 e:/vmshare/e203/nucleistudio/toolchain/gcc/bin/../lib/gcc/riscv-nuclei-elf/10.1.0/rv32im/ilp32\libgcc.a(floatsidf.o)
 .debug_loc     0x000000000000bf4a      0x56d e:/vmshare/e203/nucleistudio/toolchain/gcc/bin/../lib/gcc/riscv-nuclei-elf/10.1.0/rv32im/ilp32\libgcc.a(trunctfdf2.o)

.debug_aranges  0x0000000000000000      0x7d0
 .debug_aranges
                0x0000000000000000       0x20 ./hbird_sdk/SoC/hbirdv2/Common/Source/Stubs/close.o
 .debug_aranges
                0x0000000000000020       0x20 ./hbird_sdk/SoC/hbirdv2/Common/Source/Stubs/exit.o
 .debug_aranges
                0x0000000000000040       0x20 ./hbird_sdk/SoC/hbirdv2/Common/Source/Stubs/fstat.o
 .debug_aranges
                0x0000000000000060       0x20 ./hbird_sdk/SoC/hbirdv2/Common/Source/Stubs/getpid.o
 .debug_aranges
                0x0000000000000080       0x20 ./hbird_sdk/SoC/hbirdv2/Common/Source/Stubs/isatty.o
 .debug_aranges
                0x00000000000000a0       0x20 ./hbird_sdk/SoC/hbirdv2/Common/Source/Stubs/kill.o
 .debug_aranges
                0x00000000000000c0       0x20 ./hbird_sdk/SoC/hbirdv2/Common/Source/Stubs/lseek.o
 .debug_aranges
                0x00000000000000e0       0x20 ./hbird_sdk/SoC/hbirdv2/Common/Source/Stubs/read.o
 .debug_aranges
                0x0000000000000100       0x20 ./hbird_sdk/SoC/hbirdv2/Common/Source/Stubs/sbrk.o
 .debug_aranges
                0x0000000000000120       0x20 ./hbird_sdk/SoC/hbirdv2/Common/Source/Stubs/write.o
 .debug_aranges
                0x0000000000000140       0x20 ./hbird_sdk/SoC/hbirdv2/Common/Source/GCC/intexc_hbirdv2.o
 .debug_aranges
                0x0000000000000160       0x20 ./hbird_sdk/SoC/hbirdv2/Common/Source/GCC/startup_hbirdv2.o
 .debug_aranges
                0x0000000000000180       0x60 ./hbird_sdk/SoC/hbirdv2/Common/Source/Drivers/hbirdv2_gpio.o
 .debug_aranges
                0x00000000000001e0       0x98 ./hbird_sdk/SoC/hbirdv2/Common/Source/Drivers/hbirdv2_uart.o
 .debug_aranges
                0x0000000000000278       0x30 ./hbird_sdk/SoC/hbirdv2/Common/Source/hbirdv2_common.o
 .debug_aranges
                0x00000000000002a8       0x98 ./hbird_sdk/SoC/hbirdv2/Common/Source/system_hbirdv2.o
 .debug_aranges
                0x0000000000000340       0x78 ./application/core_list_join.o
 .debug_aranges
                0x00000000000003b8       0x28 ./application/core_main.o
 .debug_aranges
                0x00000000000003e0       0x60 ./application/core_matrix.o
 .debug_aranges
                0x0000000000000440       0x38 ./application/core_portme.o
 .debug_aranges
                0x0000000000000478       0x30 ./application/core_state.o
 .debug_aranges
                0x00000000000004a8       0x48 ./application/core_util.o
 .debug_aranges
                0x00000000000004f0       0x28 ./application/insn.o
 .debug_aranges
                0x0000000000000518       0x20 e:/vmshare/e203/nucleistudio/toolchain/gcc/bin/../lib/gcc/riscv-nuclei-elf/10.1.0/rv32im/ilp32\libgcc.a(_udivdi3.o)
 .debug_aranges
                0x0000000000000538       0x20 e:/vmshare/e203/nucleistudio/toolchain/gcc/bin/../lib/gcc/riscv-nuclei-elf/10.1.0/rv32im/ilp32\libgcc.a(divdf3.o)
 .debug_aranges
                0x0000000000000558       0x20 e:/vmshare/e203/nucleistudio/toolchain/gcc/bin/../lib/gcc/riscv-nuclei-elf/10.1.0/rv32im/ilp32\libgcc.a(gedf2.o)
 .debug_aranges
                0x0000000000000578       0x20 e:/vmshare/e203/nucleistudio/toolchain/gcc/bin/../lib/gcc/riscv-nuclei-elf/10.1.0/rv32im/ilp32\libgcc.a(ledf2.o)
 .debug_aranges
                0x0000000000000598       0x20 e:/vmshare/e203/nucleistudio/toolchain/gcc/bin/../lib/gcc/riscv-nuclei-elf/10.1.0/rv32im/ilp32\libgcc.a(fixunsdfsi.o)
 .debug_aranges
                0x00000000000005b8       0x20 e:/vmshare/e203/nucleistudio/toolchain/gcc/bin/../lib/gcc/riscv-nuclei-elf/10.1.0/rv32im/ilp32\libgcc.a(floatunsidf.o)
 .debug_aranges
                0x00000000000005d8       0x20 e:/vmshare/e203/nucleistudio/toolchain/gcc/bin/../lib/gcc/riscv-nuclei-elf/10.1.0/rv32im/ilp32\libgcc.a(floatundidf.o)
 .debug_aranges
                0x00000000000005f8       0x20 e:/vmshare/e203/nucleistudio/toolchain/gcc/bin/../lib/gcc/riscv-nuclei-elf/10.1.0/rv32im/ilp32\libgcc.a(floatundisf.o)
 .debug_aranges
                0x0000000000000618       0x20 e:/vmshare/e203/nucleistudio/toolchain/gcc/bin/../lib/gcc/riscv-nuclei-elf/10.1.0/rv32im/ilp32\libgcc.a(extendsfdf2.o)
 .debug_aranges
                0x0000000000000638       0x20 e:/vmshare/e203/nucleistudio/toolchain/gcc/bin/../lib/gcc/riscv-nuclei-elf/10.1.0/rv32im/ilp32\libgcc.a(truncdfsf2.o)
 .debug_aranges
                0x0000000000000658       0x20 e:/vmshare/e203/nucleistudio/toolchain/gcc/bin/../lib/gcc/riscv-nuclei-elf/10.1.0/rv32im/ilp32\libgcc.a(_lshrdi3.o)
 .debug_aranges
                0x0000000000000678       0x20 e:/vmshare/e203/nucleistudio/toolchain/gcc/bin/../lib/gcc/riscv-nuclei-elf/10.1.0/rv32im/ilp32\libgcc.a(_ashldi3.o)
 .debug_aranges
                0x0000000000000698       0x18 e:/vmshare/e203/nucleistudio/toolchain/gcc/bin/../lib/gcc/riscv-nuclei-elf/10.1.0/rv32im/ilp32\libgcc.a(_clz.o)
 .debug_aranges
                0x00000000000006b0       0x20 e:/vmshare/e203/nucleistudio/toolchain/gcc/bin/../lib/gcc/riscv-nuclei-elf/10.1.0/rv32im/ilp32\libgcc.a(_clzsi2.o)
 .debug_aranges
                0x00000000000006d0       0x20 e:/vmshare/e203/nucleistudio/toolchain/gcc/bin/../lib/gcc/riscv-nuclei-elf/10.1.0/rv32im/ilp32\libgcc.a(adddf3.o)
 .debug_aranges
                0x00000000000006f0       0x20 e:/vmshare/e203/nucleistudio/toolchain/gcc/bin/../lib/gcc/riscv-nuclei-elf/10.1.0/rv32im/ilp32\libgcc.a(eqdf2.o)
 .debug_aranges
                0x0000000000000710       0x20 e:/vmshare/e203/nucleistudio/toolchain/gcc/bin/../lib/gcc/riscv-nuclei-elf/10.1.0/rv32im/ilp32\libgcc.a(muldf3.o)
 .debug_aranges
                0x0000000000000730       0x20 e:/vmshare/e203/nucleistudio/toolchain/gcc/bin/../lib/gcc/riscv-nuclei-elf/10.1.0/rv32im/ilp32\libgcc.a(subdf3.o)
 .debug_aranges
                0x0000000000000750       0x20 e:/vmshare/e203/nucleistudio/toolchain/gcc/bin/../lib/gcc/riscv-nuclei-elf/10.1.0/rv32im/ilp32\libgcc.a(unorddf2.o)
 .debug_aranges
                0x0000000000000770       0x20 e:/vmshare/e203/nucleistudio/toolchain/gcc/bin/../lib/gcc/riscv-nuclei-elf/10.1.0/rv32im/ilp32\libgcc.a(fixdfsi.o)
 .debug_aranges
                0x0000000000000790       0x20 e:/vmshare/e203/nucleistudio/toolchain/gcc/bin/../lib/gcc/riscv-nuclei-elf/10.1.0/rv32im/ilp32\libgcc.a(floatsidf.o)
 .debug_aranges
                0x00000000000007b0       0x20 e:/vmshare/e203/nucleistudio/toolchain/gcc/bin/../lib/gcc/riscv-nuclei-elf/10.1.0/rv32im/ilp32\libgcc.a(trunctfdf2.o)

.debug_ranges   0x0000000000000000     0x24a8
 .debug_ranges  0x0000000000000000       0x10 ./hbird_sdk/SoC/hbirdv2/Common/Source/Stubs/close.o
 .debug_ranges  0x0000000000000010       0x10 ./hbird_sdk/SoC/hbirdv2/Common/Source/Stubs/exit.o
 .debug_ranges  0x0000000000000020       0x10 ./hbird_sdk/SoC/hbirdv2/Common/Source/Stubs/fstat.o
 .debug_ranges  0x0000000000000030       0x10 ./hbird_sdk/SoC/hbirdv2/Common/Source/Stubs/getpid.o
 .debug_ranges  0x0000000000000040       0x10 ./hbird_sdk/SoC/hbirdv2/Common/Source/Stubs/isatty.o
 .debug_ranges  0x0000000000000050       0x10 ./hbird_sdk/SoC/hbirdv2/Common/Source/Stubs/kill.o
 .debug_ranges  0x0000000000000060       0x10 ./hbird_sdk/SoC/hbirdv2/Common/Source/Stubs/lseek.o
 .debug_ranges  0x0000000000000070       0x10 ./hbird_sdk/SoC/hbirdv2/Common/Source/Stubs/read.o
 .debug_ranges  0x0000000000000080       0x10 ./hbird_sdk/SoC/hbirdv2/Common/Source/Stubs/sbrk.o
 .debug_ranges  0x0000000000000090       0x28 ./hbird_sdk/SoC/hbirdv2/Common/Source/Stubs/write.o
 .debug_ranges  0x00000000000000b8       0x50 ./hbird_sdk/SoC/hbirdv2/Common/Source/Drivers/hbirdv2_gpio.o
 .debug_ranges  0x0000000000000108       0x88 ./hbird_sdk/SoC/hbirdv2/Common/Source/Drivers/hbirdv2_uart.o
 .debug_ranges  0x0000000000000190      0x3e0 ./hbird_sdk/SoC/hbirdv2/Common/Source/hbirdv2_common.o
 .debug_ranges  0x0000000000000570      0x348 ./hbird_sdk/SoC/hbirdv2/Common/Source/system_hbirdv2.o
 .debug_ranges  0x00000000000008b8      0x458 ./application/core_list_join.o
 .debug_ranges  0x0000000000000d10       0x90 ./application/core_main.o
 .debug_ranges  0x0000000000000da0      0x408 ./application/core_matrix.o
 .debug_ranges  0x00000000000011a8       0x58 ./application/core_portme.o
 .debug_ranges  0x0000000000001200      0x2f0 ./application/core_state.o
 .debug_ranges  0x00000000000014f0      0x1d0 ./application/core_util.o
 .debug_ranges  0x00000000000016c0       0x30 ./application/insn.o
 .debug_ranges  0x00000000000016f0       0xf8 e:/vmshare/e203/nucleistudio/toolchain/gcc/bin/../lib/gcc/riscv-nuclei-elf/10.1.0/rv32im/ilp32\libgcc.a(_udivdi3.o)
 .debug_ranges  0x00000000000017e8      0x198 e:/vmshare/e203/nucleistudio/toolchain/gcc/bin/../lib/gcc/riscv-nuclei-elf/10.1.0/rv32im/ilp32\libgcc.a(divdf3.o)
 .debug_ranges  0x0000000000001980       0x50 e:/vmshare/e203/nucleistudio/toolchain/gcc/bin/../lib/gcc/riscv-nuclei-elf/10.1.0/rv32im/ilp32\libgcc.a(gedf2.o)
 .debug_ranges  0x00000000000019d0       0x50 e:/vmshare/e203/nucleistudio/toolchain/gcc/bin/../lib/gcc/riscv-nuclei-elf/10.1.0/rv32im/ilp32\libgcc.a(ledf2.o)
 .debug_ranges  0x0000000000001a20       0x20 e:/vmshare/e203/nucleistudio/toolchain/gcc/bin/../lib/gcc/riscv-nuclei-elf/10.1.0/rv32im/ilp32\libgcc.a(fixunsdfsi.o)
 .debug_ranges  0x0000000000001a40       0x70 e:/vmshare/e203/nucleistudio/toolchain/gcc/bin/../lib/gcc/riscv-nuclei-elf/10.1.0/rv32im/ilp32\libgcc.a(floatunsidf.o)
 .debug_ranges  0x0000000000001ab0       0x68 e:/vmshare/e203/nucleistudio/toolchain/gcc/bin/../lib/gcc/riscv-nuclei-elf/10.1.0/rv32im/ilp32\libgcc.a(floatundidf.o)
 .debug_ranges  0x0000000000001b18       0x68 e:/vmshare/e203/nucleistudio/toolchain/gcc/bin/../lib/gcc/riscv-nuclei-elf/10.1.0/rv32im/ilp32\libgcc.a(floatundisf.o)
 .debug_ranges  0x0000000000001b80       0x38 e:/vmshare/e203/nucleistudio/toolchain/gcc/bin/../lib/gcc/riscv-nuclei-elf/10.1.0/rv32im/ilp32\libgcc.a(extendsfdf2.o)
 .debug_ranges  0x0000000000001bb8       0x38 e:/vmshare/e203/nucleistudio/toolchain/gcc/bin/../lib/gcc/riscv-nuclei-elf/10.1.0/rv32im/ilp32\libgcc.a(truncdfsf2.o)
 .debug_ranges  0x0000000000001bf0       0x20 e:/vmshare/e203/nucleistudio/toolchain/gcc/bin/../lib/gcc/riscv-nuclei-elf/10.1.0/rv32im/ilp32\libgcc.a(_clzsi2.o)
 .debug_ranges  0x0000000000001c10      0x248 e:/vmshare/e203/nucleistudio/toolchain/gcc/bin/../lib/gcc/riscv-nuclei-elf/10.1.0/rv32im/ilp32\libgcc.a(adddf3.o)
 .debug_ranges  0x0000000000001e58       0x48 e:/vmshare/e203/nucleistudio/toolchain/gcc/bin/../lib/gcc/riscv-nuclei-elf/10.1.0/rv32im/ilp32\libgcc.a(eqdf2.o)
 .debug_ranges  0x0000000000001ea0      0x1e0 e:/vmshare/e203/nucleistudio/toolchain/gcc/bin/../lib/gcc/riscv-nuclei-elf/10.1.0/rv32im/ilp32\libgcc.a(muldf3.o)
 .debug_ranges  0x0000000000002080      0x250 e:/vmshare/e203/nucleistudio/toolchain/gcc/bin/../lib/gcc/riscv-nuclei-elf/10.1.0/rv32im/ilp32\libgcc.a(subdf3.o)
 .debug_ranges  0x00000000000022d0       0x38 e:/vmshare/e203/nucleistudio/toolchain/gcc/bin/../lib/gcc/riscv-nuclei-elf/10.1.0/rv32im/ilp32\libgcc.a(unorddf2.o)
 .debug_ranges  0x0000000000002308       0x18 e:/vmshare/e203/nucleistudio/toolchain/gcc/bin/../lib/gcc/riscv-nuclei-elf/10.1.0/rv32im/ilp32\libgcc.a(fixdfsi.o)
 .debug_ranges  0x0000000000002320       0x68 e:/vmshare/e203/nucleistudio/toolchain/gcc/bin/../lib/gcc/riscv-nuclei-elf/10.1.0/rv32im/ilp32\libgcc.a(floatsidf.o)
 .debug_ranges  0x0000000000002388      0x120 e:/vmshare/e203/nucleistudio/toolchain/gcc/bin/../lib/gcc/riscv-nuclei-elf/10.1.0/rv32im/ilp32\libgcc.a(trunctfdf2.o)

.debug_line     0x0000000000000000    0x152fb
 .debug_line    0x0000000000000000       0x75 ./hbird_sdk/SoC/hbirdv2/Common/Source/Stubs/close.o
 .debug_line    0x0000000000000075       0xd6 ./hbird_sdk/SoC/hbirdv2/Common/Source/Stubs/exit.o
 .debug_line    0x000000000000014b      0x19d ./hbird_sdk/SoC/hbirdv2/Common/Source/Stubs/fstat.o
 .debug_line    0x00000000000002e8       0x6c ./hbird_sdk/SoC/hbirdv2/Common/Source/Stubs/getpid.o
 .debug_line    0x0000000000000354       0x6c ./hbird_sdk/SoC/hbirdv2/Common/Source/Stubs/isatty.o
 .debug_line    0x00000000000003c0       0x74 ./hbird_sdk/SoC/hbirdv2/Common/Source/Stubs/kill.o
 .debug_line    0x0000000000000434       0x6b ./hbird_sdk/SoC/hbirdv2/Common/Source/Stubs/lseek.o
 .debug_line    0x000000000000049f      0x25a ./hbird_sdk/SoC/hbirdv2/Common/Source/Stubs/read.o
 .debug_line    0x00000000000006f9      0x10f ./hbird_sdk/SoC/hbirdv2/Common/Source/Stubs/sbrk.o
 .debug_line    0x0000000000000808      0x57d ./hbird_sdk/SoC/hbirdv2/Common/Source/Stubs/write.o
 .debug_line    0x0000000000000d85       0x97 ./hbird_sdk/SoC/hbirdv2/Common/Source/GCC/intexc_hbirdv2.o
 .debug_line    0x0000000000000e1c      0x163 ./hbird_sdk/SoC/hbirdv2/Common/Source/GCC/startup_hbirdv2.o
 .debug_line    0x0000000000000f7f      0x521 ./hbird_sdk/SoC/hbirdv2/Common/Source/Drivers/hbirdv2_gpio.o
 .debug_line    0x00000000000014a0      0x88f ./hbird_sdk/SoC/hbirdv2/Common/Source/Drivers/hbirdv2_uart.o
 .debug_line    0x0000000000001d2f      0xa0e ./hbird_sdk/SoC/hbirdv2/Common/Source/hbirdv2_common.o
 .debug_line    0x000000000000273d      0xc10 ./hbird_sdk/SoC/hbirdv2/Common/Source/system_hbirdv2.o
 .debug_line    0x000000000000334d     0x20af ./application/core_list_join.o
 .debug_line    0x00000000000053fc      0xee0 ./application/core_main.o
 .debug_line    0x00000000000062dc     0x49c5 ./application/core_matrix.o
 .debug_line    0x000000000000aca1      0x387 ./application/core_portme.o
 .debug_line    0x000000000000b028     0x1247 ./application/core_state.o
 .debug_line    0x000000000000c26f      0xded ./application/core_util.o
 .debug_line    0x000000000000d05c      0xe17 ./application/insn.o
 .debug_line    0x000000000000de73      0x772 e:/vmshare/e203/nucleistudio/toolchain/gcc/bin/../lib/gcc/riscv-nuclei-elf/10.1.0/rv32im/ilp32\libgcc.a(_udivdi3.o)
 .debug_line    0x000000000000e5e5      0xf8d e:/vmshare/e203/nucleistudio/toolchain/gcc/bin/../lib/gcc/riscv-nuclei-elf/10.1.0/rv32im/ilp32\libgcc.a(divdf3.o)
 .debug_line    0x000000000000f572      0x308 e:/vmshare/e203/nucleistudio/toolchain/gcc/bin/../lib/gcc/riscv-nuclei-elf/10.1.0/rv32im/ilp32\libgcc.a(gedf2.o)
 .debug_line    0x000000000000f87a      0x308 e:/vmshare/e203/nucleistudio/toolchain/gcc/bin/../lib/gcc/riscv-nuclei-elf/10.1.0/rv32im/ilp32\libgcc.a(ledf2.o)
 .debug_line    0x000000000000fb82      0x1c8 e:/vmshare/e203/nucleistudio/toolchain/gcc/bin/../lib/gcc/riscv-nuclei-elf/10.1.0/rv32im/ilp32\libgcc.a(fixunsdfsi.o)
 .debug_line    0x000000000000fd4a      0x291 e:/vmshare/e203/nucleistudio/toolchain/gcc/bin/../lib/gcc/riscv-nuclei-elf/10.1.0/rv32im/ilp32\libgcc.a(floatunsidf.o)
 .debug_line    0x000000000000ffdb      0x48a e:/vmshare/e203/nucleistudio/toolchain/gcc/bin/../lib/gcc/riscv-nuclei-elf/10.1.0/rv32im/ilp32\libgcc.a(floatundidf.o)
 .debug_line    0x0000000000010465      0x39f e:/vmshare/e203/nucleistudio/toolchain/gcc/bin/../lib/gcc/riscv-nuclei-elf/10.1.0/rv32im/ilp32\libgcc.a(floatundisf.o)
 .debug_line    0x0000000000010804      0x3c8 e:/vmshare/e203/nucleistudio/toolchain/gcc/bin/../lib/gcc/riscv-nuclei-elf/10.1.0/rv32im/ilp32\libgcc.a(extendsfdf2.o)
 .debug_line    0x0000000000010bcc      0x47c e:/vmshare/e203/nucleistudio/toolchain/gcc/bin/../lib/gcc/riscv-nuclei-elf/10.1.0/rv32im/ilp32\libgcc.a(truncdfsf2.o)
 .debug_line    0x0000000000011048      0x150 e:/vmshare/e203/nucleistudio/toolchain/gcc/bin/../lib/gcc/riscv-nuclei-elf/10.1.0/rv32im/ilp32\libgcc.a(_lshrdi3.o)
 .debug_line    0x0000000000011198      0x150 e:/vmshare/e203/nucleistudio/toolchain/gcc/bin/../lib/gcc/riscv-nuclei-elf/10.1.0/rv32im/ilp32\libgcc.a(_ashldi3.o)
 .debug_line    0x00000000000112e8       0x7c e:/vmshare/e203/nucleistudio/toolchain/gcc/bin/../lib/gcc/riscv-nuclei-elf/10.1.0/rv32im/ilp32\libgcc.a(_clz.o)
 .debug_line    0x0000000000011364      0x108 e:/vmshare/e203/nucleistudio/toolchain/gcc/bin/../lib/gcc/riscv-nuclei-elf/10.1.0/rv32im/ilp32\libgcc.a(_clzsi2.o)
 .debug_line    0x000000000001146c     0x1036 e:/vmshare/e203/nucleistudio/toolchain/gcc/bin/../lib/gcc/riscv-nuclei-elf/10.1.0/rv32im/ilp32\libgcc.a(adddf3.o)
 .debug_line    0x00000000000124a2      0x273 e:/vmshare/e203/nucleistudio/toolchain/gcc/bin/../lib/gcc/riscv-nuclei-elf/10.1.0/rv32im/ilp32\libgcc.a(eqdf2.o)
 .debug_line    0x0000000000012715      0xdc8 e:/vmshare/e203/nucleistudio/toolchain/gcc/bin/../lib/gcc/riscv-nuclei-elf/10.1.0/rv32im/ilp32\libgcc.a(muldf3.o)
 .debug_line    0x00000000000134dd     0x109b e:/vmshare/e203/nucleistudio/toolchain/gcc/bin/../lib/gcc/riscv-nuclei-elf/10.1.0/rv32im/ilp32\libgcc.a(subdf3.o)
 .debug_line    0x0000000000014578      0x1be e:/vmshare/e203/nucleistudio/toolchain/gcc/bin/../lib/gcc/riscv-nuclei-elf/10.1.0/rv32im/ilp32\libgcc.a(unorddf2.o)
 .debug_line    0x0000000000014736      0x237 e:/vmshare/e203/nucleistudio/toolchain/gcc/bin/../lib/gcc/riscv-nuclei-elf/10.1.0/rv32im/ilp32\libgcc.a(fixdfsi.o)
 .debug_line    0x000000000001496d      0x271 e:/vmshare/e203/nucleistudio/toolchain/gcc/bin/../lib/gcc/riscv-nuclei-elf/10.1.0/rv32im/ilp32\libgcc.a(floatsidf.o)
 .debug_line    0x0000000000014bde      0x71d e:/vmshare/e203/nucleistudio/toolchain/gcc/bin/../lib/gcc/riscv-nuclei-elf/10.1.0/rv32im/ilp32\libgcc.a(trunctfdf2.o)

.debug_str      0x0000000000000000     0x284f
 .debug_str     0x0000000000000000      0x240 ./hbird_sdk/SoC/hbirdv2/Common/Source/Stubs/close.o
                                        0x285 (size before relaxing)
 .debug_str     0x0000000000000240       0x40 ./hbird_sdk/SoC/hbirdv2/Common/Source/Stubs/exit.o
                                        0x27e (size before relaxing)
 .debug_str     0x0000000000000280      0x141 ./hbird_sdk/SoC/hbirdv2/Common/Source/Stubs/fstat.o
                                        0x3d6 (size before relaxing)
 .debug_str     0x00000000000003c1       0x3e ./hbird_sdk/SoC/hbirdv2/Common/Source/Stubs/getpid.o
                                        0x281 (size before relaxing)
 .debug_str     0x00000000000003ff       0x3e ./hbird_sdk/SoC/hbirdv2/Common/Source/Stubs/isatty.o
                                        0x281 (size before relaxing)
 .debug_str     0x000000000000043d       0x3a ./hbird_sdk/SoC/hbirdv2/Common/Source/Stubs/kill.o
                                        0x283 (size before relaxing)
 .debug_str     0x0000000000000477       0x4a ./hbird_sdk/SoC/hbirdv2/Common/Source/Stubs/lseek.o
                                        0x292 (size before relaxing)
 .debug_str     0x00000000000004c1       0x66 ./hbird_sdk/SoC/hbirdv2/Common/Source/Stubs/read.o
                                        0x2da (size before relaxing)
 .debug_str     0x0000000000000527       0x5a ./hbird_sdk/SoC/hbirdv2/Common/Source/Stubs/sbrk.o
                                        0x2a2 (size before relaxing)
 .debug_str     0x0000000000000581       0x49 ./hbird_sdk/SoC/hbirdv2/Common/Source/Stubs/write.o
                                        0x2e5 (size before relaxing)
 .debug_str     0x00000000000005ca       0x48 ./hbird_sdk/SoC/hbirdv2/Common/Source/GCC/intexc_hbirdv2.o
                                         0x7d (size before relaxing)
 .debug_str     0x0000000000000612       0x3d ./hbird_sdk/SoC/hbirdv2/Common/Source/GCC/startup_hbirdv2.o
                                         0x7e (size before relaxing)
 .debug_str     0x000000000000064f      0x18d ./hbird_sdk/SoC/hbirdv2/Common/Source/Drivers/hbirdv2_gpio.o
                                        0x3ec (size before relaxing)
 .debug_str     0x00000000000007dc      0x204 ./hbird_sdk/SoC/hbirdv2/Common/Source/Drivers/hbirdv2_uart.o
                                        0x4ae (size before relaxing)
 .debug_str     0x00000000000009e0      0x122 ./hbird_sdk/SoC/hbirdv2/Common/Source/hbirdv2_common.o
                                        0x38c (size before relaxing)
 .debug_str     0x0000000000000b02      0x596 ./hbird_sdk/SoC/hbirdv2/Common/Source/system_hbirdv2.o
                                        0x8cd (size before relaxing)
 .debug_str     0x0000000000001098      0x2de ./application/core_list_join.o
                                        0x59b (size before relaxing)
 .debug_str     0x0000000000001376      0x1f5 ./application/core_main.o
                                        0x5d8 (size before relaxing)
 .debug_str     0x000000000000156b       0xcc ./application/core_matrix.o
                                        0x3cf (size before relaxing)
 .debug_str     0x0000000000001637       0x93 ./application/core_portme.o
                                        0x394 (size before relaxing)
 .debug_str     0x00000000000016ca      0x126 ./application/core_state.o
                                        0x42e (size before relaxing)
 .debug_str     0x00000000000017f0       0x2e ./application/core_util.o
                                        0x35e (size before relaxing)
 .debug_str     0x000000000000181e      0x106 ./application/insn.o
                                        0x3de (size before relaxing)
 .debug_str     0x0000000000001924      0x277 e:/vmshare/e203/nucleistudio/toolchain/gcc/bin/../lib/gcc/riscv-nuclei-elf/10.1.0/rv32im/ilp32\libgcc.a(_udivdi3.o)
                                        0x33f (size before relaxing)
 .debug_str     0x0000000000001b9b      0x2e9 e:/vmshare/e203/nucleistudio/toolchain/gcc/bin/../lib/gcc/riscv-nuclei-elf/10.1.0/rv32im/ilp32\libgcc.a(divdf3.o)
                                        0x442 (size before relaxing)
 .debug_str     0x0000000000001e84       0xa0 e:/vmshare/e203/nucleistudio/toolchain/gcc/bin/../lib/gcc/riscv-nuclei-elf/10.1.0/rv32im/ilp32\libgcc.a(gedf2.o)
                                        0x2b5 (size before relaxing)
 .debug_str     0x0000000000001f24       0x5d e:/vmshare/e203/nucleistudio/toolchain/gcc/bin/../lib/gcc/riscv-nuclei-elf/10.1.0/rv32im/ilp32\libgcc.a(ledf2.o)
                                        0x2b5 (size before relaxing)
 .debug_str     0x0000000000001f81       0x6d e:/vmshare/e203/nucleistudio/toolchain/gcc/bin/../lib/gcc/riscv-nuclei-elf/10.1.0/rv32im/ilp32\libgcc.a(fixunsdfsi.o)
                                        0x28d (size before relaxing)
 .debug_str     0x0000000000001fee      0x10c e:/vmshare/e203/nucleistudio/toolchain/gcc/bin/../lib/gcc/riscv-nuclei-elf/10.1.0/rv32im/ilp32\libgcc.a(floatunsidf.o)
                                        0x32a (size before relaxing)
 .debug_str     0x00000000000020fa       0x6f e:/vmshare/e203/nucleistudio/toolchain/gcc/bin/../lib/gcc/riscv-nuclei-elf/10.1.0/rv32im/ilp32\libgcc.a(floatundidf.o)
                                        0x348 (size before relaxing)