06:20:33 **** Clean-only build of configuration Debug for project index ****
make clean 
rm -rf  ./hbird_sdk/SoC/hbirdv2/Common/Source/Stubs/clock_getres.o ./hbird_sdk/SoC/hbirdv2/Common/Source/Stubs/clock_gettime.o ./hbird_sdk/SoC/hbirdv2/Common/Source/Stubs/clock_settime.o ./hbird_sdk/SoC/hbirdv2/Common/Source/Stubs/close.o ./hbird_sdk/SoC/hbirdv2/Common/Source/Stubs/execve.o ./hbird_sdk/SoC/hbirdv2/Common/Source/Stubs/exit.o ./hbird_sdk/SoC/hbirdv2/Common/Source/Stubs/fork.o ./hbird_sdk/SoC/hbirdv2/Common/Source/Stubs/fstat.o ./hbird_sdk/SoC/hbirdv2/Common/Source/Stubs/getpid.o ./hbird_sdk/SoC/hbirdv2/Common/Source/Stubs/gettimeofday.o ./hbird_sdk/SoC/hbirdv2/Common/Source/Stubs/isatty.o ./hbird_sdk/SoC/hbirdv2/Common/Source/Stubs/kill.o ./hbird_sdk/SoC/hbirdv2/Common/Source/Stubs/link.o ./hbird_sdk/SoC/hbirdv2/Common/Source/Stubs/lseek.o ./hbird_sdk/SoC/hbirdv2/Common/Source/Stubs/open.o ./hbird_sdk/SoC/hbirdv2/Common/Source/Stubs/read.o ./hbird_sdk/SoC/hbirdv2/Common/Source/Stubs/sbrk.o ./hbird_sdk/SoC/hbirdv2/Common/Source/Stubs/stat.o ./hbird_sdk/SoC/hbirdv2/Common/Source/Stubs/times.o ./hbird_sdk/SoC/hbirdv2/Common/Source/Stubs/unlink.o ./hbird_sdk/SoC/hbirdv2/Common/Source/Stubs/wait.o ./hbird_sdk/SoC/hbirdv2/Common/Source/Stubs/write.o  ./hbird_sdk/SoC/hbirdv2/Common/Source/GCC/intexc_hbirdv2.o ./hbird_sdk/SoC/hbirdv2/Common/Source/GCC/startup_hbirdv2.o  ./hbird_sdk/SoC/hbirdv2/Common/Source/Drivers/hbirdv2_gpio.o ./hbird_sdk/SoC/hbirdv2/Common/Source/Drivers/hbirdv2_i2c.o ./hbird_sdk/SoC/hbirdv2/Common/Source/Drivers/hbirdv2_pwm.o ./hbird_sdk/SoC/hbirdv2/Common/Source/Drivers/hbirdv2_spi.o ./hbird_sdk/SoC/hbirdv2/Common/Source/Drivers/hbirdv2_uart.o ./hbird_sdk/SoC/hbirdv2/Common/Source/Drivers/htif.o  ./hbird_sdk/SoC/hbirdv2/Common/Source/hbirdv2_common.o ./hbird_sdk/SoC/hbirdv2/Common/Source/system_hbirdv2.o  ./application/main.o  index.hex  index.lst  index.siz  ./hbird_sdk/SoC/hbirdv2/Common/Source/GCC/intexc_hbirdv2.d ./hbird_sdk/SoC/hbirdv2/Common/Source/GCC/startup_hbirdv2.d  ./hbird_sdk/SoC/hbirdv2/Common/Source/Stubs/clock_getres.d ./hbird_sdk/SoC/hbirdv2/Common/Source/Stubs/clock_gettime.d ./hbird_sdk/SoC/hbirdv2/Common/Source/Stubs/clock_settime.d ./hbird_sdk/SoC/hbirdv2/Common/Source/Stubs/close.d ./hbird_sdk/SoC/hbirdv2/Common/Source/Stubs/execve.d ./hbird_sdk/SoC/hbirdv2/Common/Source/Stubs/exit.d ./hbird_sdk/SoC/hbirdv2/Common/Source/Stubs/fork.d ./hbird_sdk/SoC/hbirdv2/Common/Source/Stubs/fstat.d ./hbird_sdk/SoC/hbirdv2/Common/Source/Stubs/getpid.d ./hbird_sdk/SoC/hbirdv2/Common/Source/Stubs/gettimeofday.d ./hbird_sdk/SoC/hbirdv2/Common/Source/Stubs/isatty.d ./hbird_sdk/SoC/hbirdv2/Common/Source/Stubs/kill.d ./hbird_sdk/SoC/hbirdv2/Common/Source/Stubs/link.d ./hbird_sdk/SoC/hbirdv2/Common/Source/Stubs/lseek.d ./hbird_sdk/SoC/hbirdv2/Common/Source/Stubs/open.d ./hbird_sdk/SoC/hbirdv2/Common/Source/Stubs/read.d ./hbird_sdk/SoC/hbirdv2/Common/Source/Stubs/sbrk.d ./hbird_sdk/SoC/hbirdv2/Common/Source/Stubs/stat.d ./hbird_sdk/SoC/hbirdv2/Common/Source/Stubs/times.d ./hbird_sdk/SoC/hbirdv2/Common/Source/Stubs/unlink.d ./hbird_sdk/SoC/hbirdv2/Common/Source/Stubs/wait.d ./hbird_sdk/SoC/hbirdv2/Common/Source/Stubs/write.d  ./hbird_sdk/SoC/hbirdv2/Common/Source/Drivers/hbirdv2_gpio.d ./hbird_sdk/SoC/hbirdv2/Common/Source/Drivers/hbirdv2_i2c.d ./hbird_sdk/SoC/hbirdv2/Common/Source/Drivers/hbirdv2_pwm.d ./hbird_sdk/SoC/hbirdv2/Common/Source/Drivers/hbirdv2_spi.d ./hbird_sdk/SoC/hbirdv2/Common/Source/Drivers/hbirdv2_uart.d ./hbird_sdk/SoC/hbirdv2/Common/Source/Drivers/htif.d  ./hbird_sdk/SoC/hbirdv2/Common/Source/hbirdv2_common.d ./hbird_sdk/SoC/hbirdv2/Common/Source/system_hbirdv2.d  ./application/main.d  index.elf
 

06:20:34 Build Finished. 0 errors, 0 warnings. (took 223ms)

06:20:36 **** Build of configuration Debug for project index ****
make all 
Building file: ../hbird_sdk/SoC/hbirdv2/Common/Source/Stubs/clock_getres.c
Invoking: GNU RISC-V Cross C Compiler
riscv-nuclei-elf-gcc -march=rv32ima -mabi=ilp32 -mcmodel=medany -mno-save-restore -funroll-all-loops -finline-limit=600 -ftree-dominator-opts -fno-if-conversion2 -fselective-scheduling -fno-code-hoisting -funroll-loops -finline-functions -falign-functions=4 -falign-jumps=4 -falign-loops=4 -O2 -ffunction-sections -fdata-sections -fno-common  -g -D__IDE_RV_CORE=null -DSOC_HBIRDV2 -DDOWNLOAD_MODE=DOWNLOAD_MODE_ILM -DDOWNLOAD_MODE_STRING=\"ILM\" -DBOARD_DDR200T -I"E:\VMshare\e203\zhengdian_E203\sdk\index\hbird_sdk\NMSIS\Core\Include" -I"E:\VMshare\e203\zhengdian_E203\sdk\index\hbird_sdk\SoC\hbirdv2\Common\Include" -I"E:\VMshare\e203\zhengdian_E203\sdk\index\hbird_sdk\SoC\hbirdv2\Board\ddr200t\Include" -I"E:\VMshare\e203\zhengdian_E203\sdk\index\application" -std=gnu11 -MMD -MP -MF"hbird_sdk/SoC/hbirdv2/Common/Source/Stubs/clock_getres.d" -MT"hbird_sdk/SoC/hbirdv2/Common/Source/Stubs/clock_getres.o" -c -o "hbird_sdk/SoC/hbirdv2/Common/Source/Stubs/clock_getres.o" "../hbird_sdk/SoC/hbirdv2/Common/Source/Stubs/clock_getres.c"
Finished building: ../hbird_sdk/SoC/hbirdv2/Common/Source/Stubs/clock_getres.c
 
Building file: ../hbird_sdk/SoC/hbirdv2/Common/Source/Stubs/clock_gettime.c
Invoking: GNU RISC-V Cross C Compiler
riscv-nuclei-elf-gcc -march=rv32ima -mabi=ilp32 -mcmodel=medany -mno-save-restore -funroll-all-loops -finline-limit=600 -ftree-dominator-opts -fno-if-conversion2 -fselective-scheduling -fno-code-hoisting -funroll-loops -finline-functions -falign-functions=4 -falign-jumps=4 -falign-loops=4 -O2 -ffunction-sections -fdata-sections -fno-common  -g -D__IDE_RV_CORE=null -DSOC_HBIRDV2 -DDOWNLOAD_MODE=DOWNLOAD_MODE_ILM -DDOWNLOAD_MODE_STRING=\"ILM\" -DBOARD_DDR200T -I"E:\VMshare\e203\zhengdian_E203\sdk\index\hbird_sdk\NMSIS\Core\Include" -I"E:\VMshare\e203\zhengdian_E203\sdk\index\hbird_sdk\SoC\hbirdv2\Common\Include" -I"E:\VMshare\e203\zhengdian_E203\sdk\index\hbird_sdk\SoC\hbirdv2\Board\ddr200t\Include" -I"E:\VMshare\e203\zhengdian_E203\sdk\index\application" -std=gnu11 -MMD -MP -MF"hbird_sdk/SoC/hbirdv2/Common/Source/Stubs/clock_gettime.d" -MT"hbird_sdk/SoC/hbirdv2/Common/Source/Stubs/clock_gettime.o" -c -o "hbird_sdk/SoC/hbirdv2/Common/Source/Stubs/clock_gettime.o" "../hbird_sdk/SoC/hbirdv2/Common/Source/Stubs/clock_gettime.c"
Finished building: ../hbird_sdk/SoC/hbirdv2/Common/Source/Stubs/clock_gettime.c
 
Building file: ../hbird_sdk/SoC/hbirdv2/Common/Source/Stubs/clock_settime.c
Invoking: GNU RISC-V Cross C Compiler
riscv-nuclei-elf-gcc -march=rv32ima -mabi=ilp32 -mcmodel=medany -mno-save-restore -funroll-all-loops -finline-limit=600 -ftree-dominator-opts -fno-if-conversion2 -fselective-scheduling -fno-code-hoisting -funroll-loops -finline-functions -falign-functions=4 -falign-jumps=4 -falign-loops=4 -O2 -ffunction-sections -fdata-sections -fno-common  -g -D__IDE_RV_CORE=null -DSOC_HBIRDV2 -DDOWNLOAD_MODE=DOWNLOAD_MODE_ILM -DDOWNLOAD_MODE_STRING=\"ILM\" -DBOARD_DDR200T -I"E:\VMshare\e203\zhengdian_E203\sdk\index\hbird_sdk\NMSIS\Core\Include" -I"E:\VMshare\e203\zhengdian_E203\sdk\index\hbird_sdk\SoC\hbirdv2\Common\Include" -I"E:\VMshare\e203\zhengdian_E203\sdk\index\hbird_sdk\SoC\hbirdv2\Board\ddr200t\Include" -I"E:\VMshare\e203\zhengdian_E203\sdk\index\application" -std=gnu11 -MMD -MP -MF"hbird_sdk/SoC/hbirdv2/Common/Source/Stubs/clock_settime.d" -MT"hbird_sdk/SoC/hbirdv2/Common/Source/Stubs/clock_settime.o" -c -o "hbird_sdk/SoC/hbirdv2/Common/Source/Stubs/clock_settime.o" "../hbird_sdk/SoC/hbirdv2/Common/Source/Stubs/clock_settime.c"
Finished building: ../hbird_sdk/SoC/hbirdv2/Common/Source/Stubs/clock_settime.c
 
Building file: ../hbird_sdk/SoC/hbirdv2/Common/Source/Stubs/close.c
Invoking: GNU RISC-V Cross C Compiler
riscv-nuclei-elf-gcc -march=rv32ima -mabi=ilp32 -mcmodel=medany -mno-save-restore -funroll-all-loops -finline-limit=600 -ftree-dominator-opts -fno-if-conversion2 -fselective-scheduling -fno-code-hoisting -funroll-loops -finline-functions -falign-functions=4 -falign-jumps=4 -falign-loops=4 -O2 -ffunction-sections -fdata-sections -fno-common  -g -D__IDE_RV_CORE=null -DSOC_HBIRDV2 -DDOWNLOAD_MODE=DOWNLOAD_MODE_ILM -DDOWNLOAD_MODE_STRING=\"ILM\" -DBOARD_DDR200T -I"E:\VMshare\e203\zhengdian_E203\sdk\index\hbird_sdk\NMSIS\Core\Include" -I"E:\VMshare\e203\zhengdian_E203\sdk\index\hbird_sdk\SoC\hbirdv2\Common\Include" -I"E:\VMshare\e203\zhengdian_E203\sdk\index\hbird_sdk\SoC\hbirdv2\Board\ddr200t\Include" -I"E:\VMshare\e203\zhengdian_E203\sdk\index\application" -std=gnu11 -MMD -MP -MF"hbird_sdk/SoC/hbirdv2/Common/Source/Stubs/close.d" -MT"hbird_sdk/SoC/hbirdv2/Common/Source/Stubs/close.o" -c -o "hbird_sdk/SoC/hbirdv2/Common/Source/Stubs/close.o" "../hbird_sdk/SoC/hbirdv2/Common/Source/Stubs/close.c"
Finished building: ../hbird_sdk/SoC/hbirdv2/Common/Source/Stubs/close.c
 
Building file: ../hbird_sdk/SoC/hbirdv2/Common/Source/Stubs/execve.c
Invoking: GNU RISC-V Cross C Compiler
riscv-nuclei-elf-gcc -march=rv32ima -mabi=ilp32 -mcmodel=medany -mno-save-restore -funroll-all-loops -finline-limit=600 -ftree-dominator-opts -fno-if-conversion2 -fselective-scheduling -fno-code-hoisting -funroll-loops -finline-functions -falign-functions=4 -falign-jumps=4 -falign-loops=4 -O2 -ffunction-sections -fdata-sections -fno-common  -g -D__IDE_RV_CORE=null -DSOC_HBIRDV2 -DDOWNLOAD_MODE=DOWNLOAD_MODE_ILM -DDOWNLOAD_MODE_STRING=\"ILM\" -DBOARD_DDR200T -I"E:\VMshare\e203\zhengdian_E203\sdk\index\hbird_sdk\NMSIS\Core\Include" -I"E:\VMshare\e203\zhengdian_E203\sdk\index\hbird_sdk\SoC\hbirdv2\Common\Include" -I"E:\VMshare\e203\zhengdian_E203\sdk\index\hbird_sdk\SoC\hbirdv2\Board\ddr200t\Include" -I"E:\VMshare\e203\zhengdian_E203\sdk\index\application" -std=gnu11 -MMD -MP -MF"hbird_sdk/SoC/hbirdv2/Common/Source/Stubs/execve.d" -MT"hbird_sdk/SoC/hbirdv2/Common/Source/Stubs/execve.o" -c -o "hbird_sdk/SoC/hbirdv2/Common/Source/Stubs/execve.o" "../hbird_sdk/SoC/hbirdv2/Common/Source/Stubs/execve.c"
Finished building: ../hbird_sdk/SoC/hbirdv2/Common/Source/Stubs/execve.c
 
Building file: ../hbird_sdk/SoC/hbirdv2/Common/Source/Stubs/exit.c
Invoking: GNU RISC-V Cross C Compiler
riscv-nuclei-elf-gcc -march=rv32ima -mabi=ilp32 -mcmodel=medany -mno-save-restore -funroll-all-loops -finline-limit=600 -ftree-dominator-opts -fno-if-conversion2 -fselective-scheduling -fno-code-hoisting -funroll-loops -finline-functions -falign-functions=4 -falign-jumps=4 -falign-loops=4 -O2 -ffunction-sections -fdata-sections -fno-common  -g -D__IDE_RV_CORE=null -DSOC_HBIRDV2 -DDOWNLOAD_MODE=DOWNLOAD_MODE_ILM -DDOWNLOAD_MODE_STRING=\"ILM\" -DBOARD_DDR200T -I"E:\VMshare\e203\zhengdian_E203\sdk\index\hbird_sdk\NMSIS\Core\Include" -I"E:\VMshare\e203\zhengdian_E203\sdk\index\hbird_sdk\SoC\hbirdv2\Common\Include" -I"E:\VMshare\e203\zhengdian_E203\sdk\index\hbird_sdk\SoC\hbirdv2\Board\ddr200t\Include" -I"E:\VMshare\e203\zhengdian_E203\sdk\index\application" -std=gnu11 -MMD -MP -MF"hbird_sdk/SoC/hbirdv2/Common/Source/Stubs/exit.d" -MT"hbird_sdk/SoC/hbirdv2/Common/Source/Stubs/exit.o" -c -o "hbird_sdk/SoC/hbirdv2/Common/Source/Stubs/exit.o" "../hbird_sdk/SoC/hbirdv2/Common/Source/Stubs/exit.c"
Finished building: ../hbird_sdk/SoC/hbirdv2/Common/Source/Stubs/exit.c
 
Building file: ../hbird_sdk/SoC/hbirdv2/Common/Source/Stubs/fork.c
Invoking: GNU RISC-V Cross C Compiler
riscv-nuclei-elf-gcc -march=rv32ima -mabi=ilp32 -mcmodel=medany -mno-save-restore -funroll-all-loops -finline-limit=600 -ftree-dominator-opts -fno-if-conversion2 -fselective-scheduling -fno-code-hoisting -funroll-loops -finline-functions -falign-functions=4 -falign-jumps=4 -falign-loops=4 -O2 -ffunction-sections -fdata-sections -fno-common  -g -D__IDE_RV_CORE=null -DSOC_HBIRDV2 -DDOWNLOAD_MODE=DOWNLOAD_MODE_ILM -DDOWNLOAD_MODE_STRING=\"ILM\" -DBOARD_DDR200T -I"E:\VMshare\e203\zhengdian_E203\sdk\index\hbird_sdk\NMSIS\Core\Include" -I"E:\VMshare\e203\zhengdian_E203\sdk\index\hbird_sdk\SoC\hbirdv2\Common\Include" -I"E:\VMshare\e203\zhengdian_E203\sdk\index\hbird_sdk\SoC\hbirdv2\Board\ddr200t\Include" -I"E:\VMshare\e203\zhengdian_E203\sdk\index\application" -std=gnu11 -MMD -MP -MF"hbird_sdk/SoC/hbirdv2/Common/Source/Stubs/fork.d" -MT"hbird_sdk/SoC/hbirdv2/Common/Source/Stubs/fork.o" -c -o "hbird_sdk/SoC/hbirdv2/Common/Source/Stubs/fork.o" "../hbird_sdk/SoC/hbirdv2/Common/Source/Stubs/fork.c"
Finished building: ../hbird_sdk/SoC/hbirdv2/Common/Source/Stubs/fork.c
 
Building file: ../hbird_sdk/SoC/hbirdv2/Common/Source/Stubs/fstat.c
Invoking: GNU RISC-V Cross C Compiler
riscv-nuclei-elf-gcc -march=rv32ima -mabi=ilp32 -mcmodel=medany -mno-save-restore -funroll-all-loops -finline-limit=600 -ftree-dominator-opts -fno-if-conversion2 -fselective-scheduling -fno-code-hoisting -funroll-loops -finline-functions -falign-functions=4 -falign-jumps=4 -falign-loops=4 -O2 -ffunction-sections -fdata-sections -fno-common  -g -D__IDE_RV_CORE=null -DSOC_HBIRDV2 -DDOWNLOAD_MODE=DOWNLOAD_MODE_ILM -DDOWNLOAD_MODE_STRING=\"ILM\" -DBOARD_DDR200T -I"E:\VMshare\e203\zhengdian_E203\sdk\index\hbird_sdk\NMSIS\Core\Include" -I"E:\VMshare\e203\zhengdian_E203\sdk\index\hbird_sdk\SoC\hbirdv2\Common\Include" -I"E:\VMshare\e203\zhengdian_E203\sdk\index\hbird_sdk\SoC\hbirdv2\Board\ddr200t\Include" -I"E:\VMshare\e203\zhengdian_E203\sdk\index\application" -std=gnu11 -MMD -MP -MF"hbird_sdk/SoC/hbirdv2/Common/Source/Stubs/fstat.d" -MT"hbird_sdk/SoC/hbirdv2/Common/Source/Stubs/fstat.o" -c -o "hbird_sdk/SoC/hbirdv2/Common/Source/Stubs/fstat.o" "../hbird_sdk/SoC/hbirdv2/Common/Source/Stubs/fstat.c"
Finished building: ../hbird_sdk/SoC/hbirdv2/Common/Source/Stubs/fstat.c
 
Building file: ../hbird_sdk/SoC/hbirdv2/Common/Source/Stubs/getpid.c
Invoking: GNU RISC-V Cross C Compiler
riscv-nuclei-elf-gcc -march=rv32ima -mabi=ilp32 -mcmodel=medany -mno-save-restore -funroll-all-loops -finline-limit=600 -ftree-dominator-opts -fno-if-conversion2 -fselective-scheduling -fno-code-hoisting -funroll-loops -finline-functions -falign-functions=4 -falign-jumps=4 -falign-loops=4 -O2 -ffunction-sections -fdata-sections -fno-common  -g -D__IDE_RV_CORE=null -DSOC_HBIRDV2 -DDOWNLOAD_MODE=DOWNLOAD_MODE_ILM -DDOWNLOAD_MODE_STRING=\"ILM\" -DBOARD_DDR200T -I"E:\VMshare\e203\zhengdian_E203\sdk\index\hbird_sdk\NMSIS\Core\Include" -I"E:\VMshare\e203\zhengdian_E203\sdk\index\hbird_sdk\SoC\hbirdv2\Common\Include" -I"E:\VMshare\e203\zhengdian_E203\sdk\index\hbird_sdk\SoC\hbirdv2\Board\ddr200t\Include" -I"E:\VMshare\e203\zhengdian_E203\sdk\index\application" -std=gnu11 -MMD -MP -MF"hbird_sdk/SoC/hbirdv2/Common/Source/Stubs/getpid.d" -MT"hbird_sdk/SoC/hbirdv2/Common/Source/Stubs/getpid.o" -c -o "hbird_sdk/SoC/hbirdv2/Common/Source/Stubs/getpid.o" "../hbird_sdk/SoC/hbirdv2/Common/Source/Stubs/getpid.c"
Finished building: ../hbird_sdk/SoC/hbirdv2/Common/Source/Stubs/getpid.c
 
Building file: ../hbird_sdk/SoC/hbirdv2/Common/Source/Stubs/gettimeofday.c
Invoking: GNU RISC-V Cross C Compiler
riscv-nuclei-elf-gcc -march=rv32ima -mabi=ilp32 -mcmodel=medany -mno-save-restore -funroll-all-loops -finline-limit=600 -ftree-dominator-opts -fno-if-conversion2 -fselective-scheduling -fno-code-hoisting -funroll-loops -finline-functions -falign-functions=4 -falign-jumps=4 -falign-loops=4 -O2 -ffunction-sections -fdata-sections -fno-common  -g -D__IDE_RV_CORE=null -DSOC_HBIRDV2 -DDOWNLOAD_MODE=DOWNLOAD_MODE_ILM -DDOWNLOAD_MODE_STRING=\"ILM\" -DBOARD_DDR200T -I"E:\VMshare\e203\zhengdian_E203\sdk\index\hbird_sdk\NMSIS\Core\Include" -I"E:\VMshare\e203\zhengdian_E203\sdk\index\hbird_sdk\SoC\hbirdv2\Common\Include" -I"E:\VMshare\e203\zhengdian_E203\sdk\index\hbird_sdk\SoC\hbirdv2\Board\ddr200t\Include" -I"E:\VMshare\e203\zhengdian_E203\sdk\index\application" -std=gnu11 -MMD -MP -MF"hbird_sdk/SoC/hbirdv2/Common/Source/Stubs/gettimeofday.d" -MT"hbird_sdk/SoC/hbirdv2/Common/Source/Stubs/gettimeofday.o" -c -o "hbird_sdk/SoC/hbirdv2/Common/Source/Stubs/gettimeofday.o" "../hbird_sdk/SoC/hbirdv2/Common/Source/Stubs/gettimeofday.c"
Finished building: ../hbird_sdk/SoC/hbirdv2/Common/Source/Stubs/gettimeofday.c
 
Building file: ../hbird_sdk/SoC/hbirdv2/Common/Source/Stubs/isatty.c
Invoking: GNU RISC-V Cross C Compiler
riscv-nuclei-elf-gcc -march=rv32ima -mabi=ilp32 -mcmodel=medany -mno-save-restore -funroll-all-loops -finline-limit=600 -ftree-dominator-opts -fno-if-conversion2 -fselective-scheduling -fno-code-hoisting -funroll-loops -finline-functions -falign-functions=4 -falign-jumps=4 -falign-loops=4 -O2 -ffunction-sections -fdata-sections -fno-common  -g -D__IDE_RV_CORE=null -DSOC_HBIRDV2 -DDOWNLOAD_MODE=DOWNLOAD_MODE_ILM -DDOWNLOAD_MODE_STRING=\"ILM\" -DBOARD_DDR200T -I"E:\VMshare\e203\zhengdian_E203\sdk\index\hbird_sdk\NMSIS\Core\Include" -I"E:\VMshare\e203\zhengdian_E203\sdk\index\hbird_sdk\SoC\hbirdv2\Common\Include" -I"E:\VMshare\e203\zhengdian_E203\sdk\index\hbird_sdk\SoC\hbirdv2\Board\ddr200t\Include" -I"E:\VMshare\e203\zhengdian_E203\sdk\index\application" -std=gnu11 -MMD -MP -MF"hbird_sdk/SoC/hbirdv2/Common/Source/Stubs/isatty.d" -MT"hbird_sdk/SoC/hbirdv2/Common/Source/Stubs/isatty.o" -c -o "hbird_sdk/SoC/hbirdv2/Common/Source/Stubs/isatty.o" "../hbird_sdk/SoC/hbirdv2/Common/Source/Stubs/isatty.c"
Finished building: ../hbird_sdk/SoC/hbirdv2/Common/Source/Stubs/isatty.c
 
Building file: ../hbird_sdk/SoC/hbirdv2/Common/Source/Stubs/kill.c
Invoking: GNU RISC-V Cross C Compiler
riscv-nuclei-elf-gcc -march=rv32ima -mabi=ilp32 -mcmodel=medany -mno-save-restore -funroll-all-loops -finline-limit=600 -ftree-dominator-opts -fno-if-conversion2 -fselective-scheduling -fno-code-hoisting -funroll-loops -finline-functions -falign-functions=4 -falign-jumps=4 -falign-loops=4 -O2 -ffunction-sections -fdata-sections -fno-common  -g -D__IDE_RV_CORE=null -DSOC_HBIRDV2 -DDOWNLOAD_MODE=DOWNLOAD_MODE_ILM -DDOWNLOAD_MODE_STRING=\"ILM\" -DBOARD_DDR200T -I"E:\VMshare\e203\zhengdian_E203\sdk\index\hbird_sdk\NMSIS\Core\Include" -I"E:\VMshare\e203\zhengdian_E203\sdk\index\hbird_sdk\SoC\hbirdv2\Common\Include" -I"E:\VMshare\e203\zhengdian_E203\sdk\index\hbird_sdk\SoC\hbirdv2\Board\ddr200t\Include" -I"E:\VMshare\e203\zhengdian_E203\sdk\index\application" -std=gnu11 -MMD -MP -MF"hbird_sdk/SoC/hbirdv2/Common/Source/Stubs/kill.d" -MT"hbird_sdk/SoC/hbirdv2/Common/Source/Stubs/kill.o" -c -o "hbird_sdk/SoC/hbirdv2/Common/Source/Stubs/kill.o" "../hbird_sdk/SoC/hbirdv2/Common/Source/Stubs/kill.c"
Finished building: ../hbird_sdk/SoC/hbirdv2/Common/Source/Stubs/kill.c
 
Building file: ../hbird_sdk/SoC/hbirdv2/Common/Source/Stubs/link.c
Invoking: GNU RISC-V Cross C Compiler
riscv-nuclei-elf-gcc -march=rv32ima -mabi=ilp32 -mcmodel=medany -mno-save-restore -funroll-all-loops -finline-limit=600 -ftree-dominator-opts -fno-if-conversion2 -fselective-scheduling -fno-code-hoisting -funroll-loops -finline-functions -falign-functions=4 -falign-jumps=4 -falign-loops=4 -O2 -ffunction-sections -fdata-sections -fno-common  -g -D__IDE_RV_CORE=null -DSOC_HBIRDV2 -DDOWNLOAD_MODE=DOWNLOAD_MODE_ILM -DDOWNLOAD_MODE_STRING=\"ILM\" -DBOARD_DDR200T -I"E:\VMshare\e203\zhengdian_E203\sdk\index\hbird_sdk\NMSIS\Core\Include" -I"E:\VMshare\e203\zhengdian_E203\sdk\index\hbird_sdk\SoC\hbirdv2\Common\Include" -I"E:\VMshare\e203\zhengdian_E203\sdk\index\hbird_sdk\SoC\hbirdv2\Board\ddr200t\Include" -I"E:\VMshare\e203\zhengdian_E203\sdk\index\application" -std=gnu11 -MMD -MP -MF"hbird_sdk/SoC/hbirdv2/Common/Source/Stubs/link.d" -MT"hbird_sdk/SoC/hbirdv2/Common/Source/Stubs/link.o" -c -o "hbird_sdk/SoC/hbirdv2/Common/Source/Stubs/link.o" "../hbird_sdk/SoC/hbirdv2/Common/Source/Stubs/link.c"
Finished building: ../hbird_sdk/SoC/hbirdv2/Common/Source/Stubs/link.c
 
Building file: ../hbird_sdk/SoC/hbirdv2/Common/Source/Stubs/lseek.c
Invoking: GNU RISC-V Cross C Compiler
riscv-nuclei-elf-gcc -march=rv32ima -mabi=ilp32 -mcmodel=medany -mno-save-restore -funroll-all-loops -finline-limit=600 -ftree-dominator-opts -fno-if-conversion2 -fselective-scheduling -fno-code-hoisting -funroll-loops -finline-functions -falign-functions=4 -falign-jumps=4 -falign-loops=4 -O2 -ffunction-sections -fdata-sections -fno-common  -g -D__IDE_RV_CORE=null -DSOC_HBIRDV2 -DDOWNLOAD_MODE=DOWNLOAD_MODE_ILM -DDOWNLOAD_MODE_STRING=\"ILM\" -DBOARD_DDR200T -I"E:\VMshare\e203\zhengdian_E203\sdk\index\hbird_sdk\NMSIS\Core\Include" -I"E:\VMshare\e203\zhengdian_E203\sdk\index\hbird_sdk\SoC\hbirdv2\Common\Include" -I"E:\VMshare\e203\zhengdian_E203\sdk\index\hbird_sdk\SoC\hbirdv2\Board\ddr200t\Include" -I"E:\VMshare\e203\zhengdian_E203\sdk\index\application" -std=gnu11 -MMD -MP -MF"hbird_sdk/SoC/hbirdv2/Common/Source/Stubs/lseek.d" -MT"hbird_sdk/SoC/hbirdv2/Common/Source/Stubs/lseek.o" -c -o "hbird_sdk/SoC/hbirdv2/Common/Source/Stubs/lseek.o" "../hbird_sdk/SoC/hbirdv2/Common/Source/Stubs/lseek.c"
Finished building: ../hbird_sdk/SoC/hbirdv2/Common/Source/Stubs/lseek.c
 
Building file: ../hbird_sdk/SoC/hbirdv2/Common/Source/Stubs/open.c
Invoking: GNU RISC-V Cross C Compiler
riscv-nuclei-elf-gcc -march=rv32ima -mabi=ilp32 -mcmodel=medany -mno-save-restore -funroll-all-loops -finline-limit=600 -ftree-dominator-opts -fno-if-conversion2 -fselective-scheduling -fno-code-hoisting -funroll-loops -finline-functions -falign-functions=4 -falign-jumps=4 -falign-loops=4 -O2 -ffunction-sections -fdata-sections -fno-common  -g -D__IDE_RV_CORE=null -DSOC_HBIRDV2 -DDOWNLOAD_MODE=DOWNLOAD_MODE_ILM -DDOWNLOAD_MODE_STRING=\"ILM\" -DBOARD_DDR200T -I"E:\VMshare\e203\zhengdian_E203\sdk\index\hbird_sdk\NMSIS\Core\Include" -I"E:\VMshare\e203\zhengdian_E203\sdk\index\hbird_sdk\SoC\hbirdv2\Common\Include" -I"E:\VMshare\e203\zhengdian_E203\sdk\index\hbird_sdk\SoC\hbirdv2\Board\ddr200t\Include" -I"E:\VMshare\e203\zhengdian_E203\sdk\index\application" -std=gnu11 -MMD -MP -MF"hbird_sdk/SoC/hbirdv2/Common/Source/Stubs/open.d" -MT"hbird_sdk/SoC/hbirdv2/Common/Source/Stubs/open.o" -c -o "hbird_sdk/SoC/hbirdv2/Common/Source/Stubs/open.o" "../hbird_sdk/SoC/hbirdv2/Common/Source/Stubs/open.c"
Finished building: ../hbird_sdk/SoC/hbirdv2/Common/Source/Stubs/open.c
 
Building file: ../hbird_sdk/SoC/hbirdv2/Common/Source/Stubs/read.c
Invoking: GNU RISC-V Cross C Compiler
riscv-nuclei-elf-gcc -march=rv32ima -mabi=ilp32 -mcmodel=medany -mno-save-restore -funroll-all-loops -finline-limit=600 -ftree-dominator-opts -fno-if-conversion2 -fselective-scheduling -fno-code-hoisting -funroll-loops -finline-functions -falign-functions=4 -falign-jumps=4 -falign-loops=4 -O2 -ffunction-sections -fdata-sections -fno-common  -g -D__IDE_RV_CORE=null -DSOC_HBIRDV2 -DDOWNLOAD_MODE=DOWNLOAD_MODE_ILM -DDOWNLOAD_MODE_STRING=\"ILM\" -DBOARD_DDR200T -I"E:\VMshare\e203\zhengdian_E203\sdk\index\hbird_sdk\NMSIS\Core\Include" -I"E:\VMshare\e203\zhengdian_E203\sdk\index\hbird_sdk\SoC\hbirdv2\Common\Include" -I"E:\VMshare\e203\zhengdian_E203\sdk\index\hbird_sdk\SoC\hbirdv2\Board\ddr200t\Include" -I"E:\VMshare\e203\zhengdian_E203\sdk\index\application" -std=gnu11 -MMD -MP -MF"hbird_sdk/SoC/hbirdv2/Common/Source/Stubs/read.d" -MT"hbird_sdk/SoC/hbirdv2/Common/Source/Stubs/read.o" -c -o "hbird_sdk/SoC/hbirdv2/Common/Source/Stubs/read.o" "../hbird_sdk/SoC/hbirdv2/Common/Source/Stubs/read.c"
Finished building: ../hbird_sdk/SoC/hbirdv2/Common/Source/Stubs/read.c
 
Building file: ../hbird_sdk/SoC/hbirdv2/Common/Source/Stubs/sbrk.c
Invoking: GNU RISC-V Cross C Compiler
riscv-nuclei-elf-gcc -march=rv32ima -mabi=ilp32 -mcmodel=medany -mno-save-restore -funroll-all-loops -finline-limit=600 -ftree-dominator-opts -fno-if-conversion2 -fselective-scheduling -fno-code-hoisting -funroll-loops -finline-functions -falign-functions=4 -falign-jumps=4 -falign-loops=4 -O2 -ffunction-sections -fdata-sections -fno-common  -g -D__IDE_RV_CORE=null -DSOC_HBIRDV2 -DDOWNLOAD_MODE=DOWNLOAD_MODE_ILM -DDOWNLOAD_MODE_STRING=\"ILM\" -DBOARD_DDR200T -I"E:\VMshare\e203\zhengdian_E203\sdk\index\hbird_sdk\NMSIS\Core\Include" -I"E:\VMshare\e203\zhengdian_E203\sdk\index\hbird_sdk\SoC\hbirdv2\Common\Include" -I"E:\VMshare\e203\zhengdian_E203\sdk\index\hbird_sdk\SoC\hbirdv2\Board\ddr200t\Include" -I"E:\VMshare\e203\zhengdian_E203\sdk\index\application" -std=gnu11 -MMD -MP -MF"hbird_sdk/SoC/hbirdv2/Common/Source/Stubs/sbrk.d" -MT"hbird_sdk/SoC/hbirdv2/Common/Source/Stubs/sbrk.o" -c -o "hbird_sdk/SoC/hbirdv2/Common/Source/Stubs/sbrk.o" "../hbird_sdk/SoC/hbirdv2/Common/Source/Stubs/sbrk.c"
Finished building: ../hbird_sdk/SoC/hbirdv2/Common/Source/Stubs/sbrk.c
 
Building file: ../hbird_sdk/SoC/hbirdv2/Common/Source/Stubs/stat.c
Invoking: GNU RISC-V Cross C Compiler
riscv-nuclei-elf-gcc -march=rv32ima -mabi=ilp32 -mcmodel=medany -mno-save-restore -funroll-all-loops -finline-limit=600 -ftree-dominator-opts -fno-if-conversion2 -fselective-scheduling -fno-code-hoisting -funroll-loops -finline-functions -falign-functions=4 -falign-jumps=4 -falign-loops=4 -O2 -ffunction-sections -fdata-sections -fno-common  -g -D__IDE_RV_CORE=null -DSOC_HBIRDV2 -DDOWNLOAD_MODE=DOWNLOAD_MODE_ILM -DDOWNLOAD_MODE_STRING=\"ILM\" -DBOARD_DDR200T -I"E:\VMshare\e203\zhengdian_E203\sdk\index\hbird_sdk\NMSIS\Core\Include" -I"E:\VMshare\e203\zhengdian_E203\sdk\index\hbird_sdk\SoC\hbirdv2\Common\Include" -I"E:\VMshare\e203\zhengdian_E203\sdk\index\hbird_sdk\SoC\hbirdv2\Board\ddr200t\Include" -I"E:\VMshare\e203\zhengdian_E203\sdk\index\application" -std=gnu11 -MMD -MP -MF"hbird_sdk/SoC/hbirdv2/Common/Source/Stubs/stat.d" -MT"hbird_sdk/SoC/hbirdv2/Common/Source/Stubs/stat.o" -c -o "hbird_sdk/SoC/hbirdv2/Common/Source/Stubs/stat.o" "../hbird_sdk/SoC/hbirdv2/Common/Source/Stubs/stat.c"
Finished building: ../hbird_sdk/SoC/hbirdv2/Common/Source/Stubs/stat.c
 
Building file: ../hbird_sdk/SoC/hbirdv2/Common/Source/Stubs/times.c
Invoking: GNU RISC-V Cross C Compiler
riscv-nuclei-elf-gcc -march=rv32ima -mabi=ilp32 -mcmodel=medany -mno-save-restore -funroll-all-loops -finline-limit=600 -ftree-dominator-opts -fno-if-conversion2 -fselective-scheduling -fno-code-hoisting -funroll-loops -finline-functions -falign-functions=4 -falign-jumps=4 -falign-loops=4 -O2 -ffunction-sections -fdata-sections -fno-common  -g -D__IDE_RV_CORE=null -DSOC_HBIRDV2 -DDOWNLOAD_MODE=DOWNLOAD_MODE_ILM -DDOWNLOAD_MODE_STRING=\"ILM\" -DBOARD_DDR200T -I"E:\VMshare\e203\zhengdian_E203\sdk\index\hbird_sdk\NMSIS\Core\Include" -I"E:\VMshare\e203\zhengdian_E203\sdk\index\hbird_sdk\SoC\hbirdv2\Common\Include" -I"E:\VMshare\e203\zhengdian_E203\sdk\index\hbird_sdk\SoC\hbirdv2\Board\ddr200t\Include" -I"E:\VMshare\e203\zhengdian_E203\sdk\index\application" -std=gnu11 -MMD -MP -MF"hbird_sdk/SoC/hbirdv2/Common/Source/Stubs/times.d" -MT"hbird_sdk/SoC/hbirdv2/Common/Source/Stubs/times.o" -c -o "hbird_sdk/SoC/hbirdv2/Common/Source/Stubs/times.o" "../hbird_sdk/SoC/hbirdv2/Common/Source/Stubs/times.c"
Finished building: ../hbird_sdk/SoC/hbirdv2/Common/Source/Stubs/times.c
 
Building file: ../hbird_sdk/SoC/hbirdv2/Common/Source/Stubs/unlink.c
Invoking: GNU RISC-V Cross C Compiler
riscv-nuclei-elf-gcc -march=rv32ima -mabi=ilp32 -mcmodel=medany -mno-save-restore -funroll-all-loops -finline-limit=600 -ftree-dominator-opts -fno-if-conversion2 -fselective-scheduling -fno-code-hoisting -funroll-loops -finline-functions -falign-functions=4 -falign-jumps=4 -falign-loops=4 -O2 -ffunction-sections -fdata-sections -fno-common  -g -D__IDE_RV_CORE=null -DSOC_HBIRDV2 -DDOWNLOAD_MODE=DOWNLOAD_MODE_ILM -DDOWNLOAD_MODE_STRING=\"ILM\" -DBOARD_DDR200T -I"E:\VMshare\e203\zhengdian_E203\sdk\index\hbird_sdk\NMSIS\Core\Include" -I"E:\VMshare\e203\zhengdian_E203\sdk\index\hbird_sdk\SoC\hbirdv2\Common\Include" -I"E:\VMshare\e203\zhengdian_E203\sdk\index\hbird_sdk\SoC\hbirdv2\Board\ddr200t\Include" -I"E:\VMshare\e203\zhengdian_E203\sdk\index\application" -std=gnu11 -MMD -MP -MF"hbird_sdk/SoC/hbirdv2/Common/Source/Stubs/unlink.d" -MT"hbird_sdk/SoC/hbirdv2/Common/Source/Stubs/unlink.o" -c -o "hbird_sdk/SoC/hbirdv2/Common/Source/Stubs/unlink.o" "../hbird_sdk/SoC/hbirdv2/Common/Source/Stubs/unlink.c"
Finished building: ../hbird_sdk/SoC/hbirdv2/Common/Source/Stubs/unlink.c
 
Building file: ../hbird_sdk/SoC/hbirdv2/Common/Source/Stubs/wait.c
Invoking: GNU RISC-V Cross C Compiler
riscv-nuclei-elf-gcc -march=rv32ima -mabi=ilp32 -mcmodel=medany -mno-save-restore -funroll-all-loops -finline-limit=600 -ftree-dominator-opts -fno-if-conversion2 -fselective-scheduling -fno-code-hoisting -funroll-loops -finline-functions -falign-functions=4 -falign-jumps=4 -falign-loops=4 -O2 -ffunction-sections -fdata-sections -fno-common  -g -D__IDE_RV_CORE=null -DSOC_HBIRDV2 -DDOWNLOAD_MODE=DOWNLOAD_MODE_ILM -DDOWNLOAD_MODE_STRING=\"ILM\" -DBOARD_DDR200T -I"E:\VMshare\e203\zhengdian_E203\sdk\index\hbird_sdk\NMSIS\Core\Include" -I"E:\VMshare\e203\zhengdian_E203\sdk\index\hbird_sdk\SoC\hbirdv2\Common\Include" -I"E:\VMshare\e203\zhengdian_E203\sdk\index\hbird_sdk\SoC\hbirdv2\Board\ddr200t\Include" -I"E:\VMshare\e203\zhengdian_E203\sdk\index\application" -std=gnu11 -MMD -MP -MF"hbird_sdk/SoC/hbirdv2/Common/Source/Stubs/wait.d" -MT"hbird_sdk/SoC/hbirdv2/Common/Source/Stubs/wait.o" -c -o "hbird_sdk/SoC/hbirdv2/Common/Source/Stubs/wait.o" "../hbird_sdk/SoC/hbirdv2/Common/Source/Stubs/wait.c"
Finished building: ../hbird_sdk/SoC/hbirdv2/Common/Source/Stubs/wait.c
 
Building file: ../hbird_sdk/SoC/hbirdv2/Common/Source/Stubs/write.c
Invoking: GNU RISC-V Cross C Compiler
riscv-nuclei-elf-gcc -march=rv32ima -mabi=ilp32 -mcmodel=medany -mno-save-restore -funroll-all-loops -finline-limit=600 -ftree-dominator-opts -fno-if-conversion2 -fselective-scheduling -fno-code-hoisting -funroll-loops -finline-functions -falign-functions=4 -falign-jumps=4 -falign-loops=4 -O2 -ffunction-sections -fdata-sections -fno-common  -g -D__IDE_RV_CORE=null -DSOC_HBIRDV2 -DDOWNLOAD_MODE=DOWNLOAD_MODE_ILM -DDOWNLOAD_MODE_STRING=\"ILM\" -DBOARD_DDR200T -I"E:\VMshare\e203\zhengdian_E203\sdk\index\hbird_sdk\NMSIS\Core\Include" -I"E:\VMshare\e203\zhengdian_E203\sdk\index\hbird_sdk\SoC\hbirdv2\Common\Include" -I"E:\VMshare\e203\zhengdian_E203\sdk\index\hbird_sdk\SoC\hbirdv2\Board\ddr200t\Include" -I"E:\VMshare\e203\zhengdian_E203\sdk\index\application" -std=gnu11 -MMD -MP -MF"hbird_sdk/SoC/hbirdv2/Common/Source/Stubs/write.d" -MT"hbird_sdk/SoC/hbirdv2/Common/Source/Stubs/write.o" -c -o "hbird_sdk/SoC/hbirdv2/Common/Source/Stubs/write.o" "../hbird_sdk/SoC/hbirdv2/Common/Source/Stubs/write.c"
Finished building: ../hbird_sdk/SoC/hbirdv2/Common/Source/Stubs/write.c
 
Building file: ../hbird_sdk/SoC/hbirdv2/Common/Source/GCC/intexc_hbirdv2.S
Invoking: GNU RISC-V Cross Assembler
riscv-nuclei-elf-gcc -march=rv32ima -mabi=ilp32 -mcmodel=medany -mno-save-restore -funroll-all-loops -finline-limit=600 -ftree-dominator-opts -fno-if-conversion2 -fselective-scheduling -fno-code-hoisting -funroll-loops -finline-functions -falign-functions=4 -falign-jumps=4 -falign-loops=4 -O2 -ffunction-sections -fdata-sections -fno-common  -g -x assembler-with-cpp -D__IDE_RV_CORE=null -DSOC_HBIRDV2 -DDOWNLOAD_MODE=DOWNLOAD_MODE_ILM -DDOWNLOAD_MODE_STRING=\"ILM\" -DBOARD_DDR200T -I"E:\VMshare\e203\zhengdian_E203\sdk\index\hbird_sdk\NMSIS\Core\Include" -I"E:\VMshare\e203\zhengdian_E203\sdk\index\hbird_sdk\SoC\hbirdv2\Common\Include" -I"E:\VMshare\e203\zhengdian_E203\sdk\index\hbird_sdk\SoC\hbirdv2\Board\ddr200t\Include" -I"E:\VMshare\e203\zhengdian_E203\sdk\index\application" -MMD -MP -MF"hbird_sdk/SoC/hbirdv2/Common/Source/GCC/intexc_hbirdv2.d" -MT"hbird_sdk/SoC/hbirdv2/Common/Source/GCC/intexc_hbirdv2.o" -c -o "hbird_sdk/SoC/hbirdv2/Common/Source/GCC/intexc_hbirdv2.o" "../hbird_sdk/SoC/hbirdv2/Common/Source/GCC/intexc_hbirdv2.S"
Finished building: ../hbird_sdk/SoC/hbirdv2/Common/Source/GCC/intexc_hbirdv2.S
 
Building file: ../hbird_sdk/SoC/hbirdv2/Common/Source/GCC/startup_hbirdv2.S
Invoking: GNU RISC-V Cross Assembler
riscv-nuclei-elf-gcc -march=rv32ima -mabi=ilp32 -mcmodel=medany -mno-save-restore -funroll-all-loops -finline-limit=600 -ftree-dominator-opts -fno-if-conversion2 -fselective-scheduling -fno-code-hoisting -funroll-loops -finline-functions -falign-functions=4 -falign-jumps=4 -falign-loops=4 -O2 -ffunction-sections -fdata-sections -fno-common  -g -x assembler-with-cpp -D__IDE_RV_CORE=null -DSOC_HBIRDV2 -DDOWNLOAD_MODE=DOWNLOAD_MODE_ILM -DDOWNLOAD_MODE_STRING=\"ILM\" -DBOARD_DDR200T -I"E:\VMshare\e203\zhengdian_E203\sdk\index\hbird_sdk\NMSIS\Core\Include" -I"E:\VMshare\e203\zhengdian_E203\sdk\index\hbird_sdk\SoC\hbirdv2\Common\Include" -I"E:\VMshare\e203\zhengdian_E203\sdk\index\hbird_sdk\SoC\hbirdv2\Board\ddr200t\Include" -I"E:\VMshare\e203\zhengdian_E203\sdk\index\application" -MMD -MP -MF"hbird_sdk/SoC/hbirdv2/Common/Source/GCC/startup_hbirdv2.d" -MT"hbird_sdk/SoC/hbirdv2/Common/Source/GCC/startup_hbirdv2.o" -c -o "hbird_sdk/SoC/hbirdv2/Common/Source/GCC/startup_hbirdv2.o" "../hbird_sdk/SoC/hbirdv2/Common/Source/GCC/startup_hbirdv2.S"
Finished building: ../hbird_sdk/SoC/hbirdv2/Common/Source/GCC/startup_hbirdv2.S
 
Building file: ../hbird_sdk/SoC/hbirdv2/Common/Source/Drivers/hbirdv2_gpio.c
Invoking: GNU RISC-V Cross C Compiler
riscv-nuclei-elf-gcc -march=rv32ima -mabi=ilp32 -mcmodel=medany -mno-save-restore -funroll-all-loops -finline-limit=600 -ftree-dominator-opts -fno-if-conversion2 -fselective-scheduling -fno-code-hoisting -funroll-loops -finline-functions -falign-functions=4 -falign-jumps=4 -falign-loops=4 -O2 -ffunction-sections -fdata-sections -fno-common  -g -D__IDE_RV_CORE=null -DSOC_HBIRDV2 -DDOWNLOAD_MODE=DOWNLOAD_MODE_ILM -DDOWNLOAD_MODE_STRING=\"ILM\" -DBOARD_DDR200T -I"E:\VMshare\e203\zhengdian_E203\sdk\index\hbird_sdk\NMSIS\Core\Include" -I"E:\VMshare\e203\zhengdian_E203\sdk\index\hbird_sdk\SoC\hbirdv2\Common\Include" -I"E:\VMshare\e203\zhengdian_E203\sdk\index\hbird_sdk\SoC\hbirdv2\Board\ddr200t\Include" -I"E:\VMshare\e203\zhengdian_E203\sdk\index\application" -std=gnu11 -MMD -MP -MF"hbird_sdk/SoC/hbirdv2/Common/Source/Drivers/hbirdv2_gpio.d" -MT"hbird_sdk/SoC/hbirdv2/Common/Source/Drivers/hbirdv2_gpio.o" -c -o "hbird_sdk/SoC/hbirdv2/Common/Source/Drivers/hbirdv2_gpio.o" "../hbird_sdk/SoC/hbirdv2/Common/Source/Drivers/hbirdv2_gpio.c"
Finished building: ../hbird_sdk/SoC/hbirdv2/Common/Source/Drivers/hbirdv2_gpio.c
 
Building file: ../hbird_sdk/SoC/hbirdv2/Common/Source/Drivers/hbirdv2_i2c.c
Invoking: GNU RISC-V Cross C Compiler
riscv-nuclei-elf-gcc -march=rv32ima -mabi=ilp32 -mcmodel=medany -mno-save-restore -funroll-all-loops -finline-limit=600 -ftree-dominator-opts -fno-if-conversion2 -fselective-scheduling -fno-code-hoisting -funroll-loops -finline-functions -falign-functions=4 -falign-jumps=4 -falign-loops=4 -O2 -ffunction-sections -fdata-sections -fno-common  -g -D__IDE_RV_CORE=null -DSOC_HBIRDV2 -DDOWNLOAD_MODE=DOWNLOAD_MODE_ILM -DDOWNLOAD_MODE_STRING=\"ILM\" -DBOARD_DDR200T -I"E:\VMshare\e203\zhengdian_E203\sdk\index\hbird_sdk\NMSIS\Core\Include" -I"E:\VMshare\e203\zhengdian_E203\sdk\index\hbird_sdk\SoC\hbirdv2\Common\Include" -I"E:\VMshare\e203\zhengdian_E203\sdk\index\hbird_sdk\SoC\hbirdv2\Board\ddr200t\Include" -I"E:\VMshare\e203\zhengdian_E203\sdk\index\application" -std=gnu11 -MMD -MP -MF"hbird_sdk/SoC/hbirdv2/Common/Source/Drivers/hbirdv2_i2c.d" -MT"hbird_sdk/SoC/hbirdv2/Common/Source/Drivers/hbirdv2_i2c.o" -c -o "hbird_sdk/SoC/hbirdv2/Common/Source/Drivers/hbirdv2_i2c.o" "../hbird_sdk/SoC/hbirdv2/Common/Source/Drivers/hbirdv2_i2c.c"
Finished building: ../hbird_sdk/SoC/hbirdv2/Common/Source/Drivers/hbirdv2_i2c.c
 
Building file: ../hbird_sdk/SoC/hbirdv2/Common/Source/Drivers/hbirdv2_pwm.c
Invoking: GNU RISC-V Cross C Compiler
riscv-nuclei-elf-gcc -march=rv32ima -mabi=ilp32 -mcmodel=medany -mno-save-restore -funroll-all-loops -finline-limit=600 -ftree-dominator-opts -fno-if-conversion2 -fselective-scheduling -fno-code-hoisting -funroll-loops -finline-functions -falign-functions=4 -falign-jumps=4 -falign-loops=4 -O2 -ffunction-sections -fdata-sections -fno-common  -g -D__IDE_RV_CORE=null -DSOC_HBIRDV2 -DDOWNLOAD_MODE=DOWNLOAD_MODE_ILM -DDOWNLOAD_MODE_STRING=\"ILM\" -DBOARD_DDR200T -I"E:\VMshare\e203\zhengdian_E203\sdk\index\hbird_sdk\NMSIS\Core\Include" -I"E:\VMshare\e203\zhengdian_E203\sdk\index\hbird_sdk\SoC\hbirdv2\Common\Include" -I"E:\VMshare\e203\zhengdian_E203\sdk\index\hbird_sdk\SoC\hbirdv2\Board\ddr200t\Include" -I"E:\VMshare\e203\zhengdian_E203\sdk\index\application" -std=gnu11 -MMD -MP -MF"hbird_sdk/SoC/hbirdv2/Common/Source/Drivers/hbirdv2_pwm.d" -MT"hbird_sdk/SoC/hbirdv2/Common/Source/Drivers/hbirdv2_pwm.o" -c -o "hbird_sdk/SoC/hbirdv2/Common/Source/Drivers/hbirdv2_pwm.o" "../hbird_sdk/SoC/hbirdv2/Common/Source/Drivers/hbirdv2_pwm.c"
Finished building: ../hbird_sdk/SoC/hbirdv2/Common/Source/Drivers/hbirdv2_pwm.c
 
Building file: ../hbird_sdk/SoC/hbirdv2/Common/Source/Drivers/hbirdv2_spi.c
Invoking: GNU RISC-V Cross C Compiler
riscv-nuclei-elf-gcc -march=rv32ima -mabi=ilp32 -mcmodel=medany -mno-save-restore -funroll-all-loops -finline-limit=600 -ftree-dominator-opts -fno-if-conversion2 -fselective-scheduling -fno-code-hoisting -funroll-loops -finline-functions -falign-functions=4 -falign-jumps=4 -falign-loops=4 -O2 -ffunction-sections -fdata-sections -fno-common  -g -D__IDE_RV_CORE=null -DSOC_HBIRDV2 -DDOWNLOAD_MODE=DOWNLOAD_MODE_ILM -DDOWNLOAD_MODE_STRING=\"ILM\" -DBOARD_DDR200T -I"E:\VMshare\e203\zhengdian_E203\sdk\index\hbird_sdk\NMSIS\Core\Include" -I"E:\VMshare\e203\zhengdian_E203\sdk\index\hbird_sdk\SoC\hbirdv2\Common\Include" -I"E:\VMshare\e203\zhengdian_E203\sdk\index\hbird_sdk\SoC\hbirdv2\Board\ddr200t\Include" -I"E:\VMshare\e203\zhengdian_E203\sdk\index\application" -std=gnu11 -MMD -MP -MF"hbird_sdk/SoC/hbirdv2/Common/Source/Drivers/hbirdv2_spi.d" -MT"hbird_sdk/SoC/hbirdv2/Common/Source/Drivers/hbirdv2_spi.o" -c -o "hbird_sdk/SoC/hbirdv2/Common/Source/Drivers/hbirdv2_spi.o" "../hbird_sdk/SoC/hbirdv2/Common/Source/Drivers/hbirdv2_spi.c"
Finished building: ../hbird_sdk/SoC/hbirdv2/Common/Source/Drivers/hbirdv2_spi.c
 
Building file: ../hbird_sdk/SoC/hbirdv2/Common/Source/Drivers/hbirdv2_uart.c
Invoking: GNU RISC-V Cross C Compiler
riscv-nuclei-elf-gcc -march=rv32ima -mabi=ilp32 -mcmodel=medany -mno-save-restore -funroll-all-loops -finline-limit=600 -ftree-dominator-opts -fno-if-conversion2 -fselective-scheduling -fno-code-hoisting -funroll-loops -finline-functions -falign-functions=4 -falign-jumps=4 -falign-loops=4 -O2 -ffunction-sections -fdata-sections -fno-common  -g -D__IDE_RV_CORE=null -DSOC_HBIRDV2 -DDOWNLOAD_MODE=DOWNLOAD_MODE_ILM -DDOWNLOAD_MODE_STRING=\"ILM\" -DBOARD_DDR200T -I"E:\VMshare\e203\zhengdian_E203\sdk\index\hbird_sdk\NMSIS\Core\Include" -I"E:\VMshare\e203\zhengdian_E203\sdk\index\hbird_sdk\SoC\hbirdv2\Common\Include" -I"E:\VMshare\e203\zhengdian_E203\sdk\index\hbird_sdk\SoC\hbirdv2\Board\ddr200t\Include" -I"E:\VMshare\e203\zhengdian_E203\sdk\index\application" -std=gnu11 -MMD -MP -MF"hbird_sdk/SoC/hbirdv2/Common/Source/Drivers/hbirdv2_uart.d" -MT"hbird_sdk/SoC/hbirdv2/Common/Source/Drivers/hbirdv2_uart.o" -c -o "hbird_sdk/SoC/hbirdv2/Common/Source/Drivers/hbirdv2_uart.o" "../hbird_sdk/SoC/hbirdv2/Common/Source/Drivers/hbirdv2_uart.c"
Finished building: ../hbird_sdk/SoC/hbirdv2/Common/Source/Drivers/hbirdv2_uart.c
 
Building file: ../hbird_sdk/SoC/hbirdv2/Common/Source/Drivers/htif.c
Invoking: GNU RISC-V Cross C Compiler
riscv-nuclei-elf-gcc -march=rv32ima -mabi=ilp32 -mcmodel=medany -mno-save-restore -funroll-all-loops -finline-limit=600 -ftree-dominator-opts -fno-if-conversion2 -fselective-scheduling -fno-code-hoisting -funroll-loops -finline-functions -falign-functions=4 -falign-jumps=4 -falign-loops=4 -O2 -ffunction-sections -fdata-sections -fno-common  -g -D__IDE_RV_CORE=null -DSOC_HBIRDV2 -DDOWNLOAD_MODE=DOWNLOAD_MODE_ILM -DDOWNLOAD_MODE_STRING=\"ILM\" -DBOARD_DDR200T -I"E:\VMshare\e203\zhengdian_E203\sdk\index\hbird_sdk\NMSIS\Core\Include" -I"E:\VMshare\e203\zhengdian_E203\sdk\index\hbird_sdk\SoC\hbirdv2\Common\Include" -I"E:\VMshare\e203\zhengdian_E203\sdk\index\hbird_sdk\SoC\hbirdv2\Board\ddr200t\Include" -I"E:\VMshare\e203\zhengdian_E203\sdk\index\application" -std=gnu11 -MMD -MP -MF"hbird_sdk/SoC/hbirdv2/Common/Source/Drivers/htif.d" -MT"hbird_sdk/SoC/hbirdv2/Common/Source/Drivers/htif.o" -c -o "hbird_sdk/SoC/hbirdv2/Common/Source/Drivers/htif.o" "../hbird_sdk/SoC/hbirdv2/Common/Source/Drivers/htif.c"
Finished building: ../hbird_sdk/SoC/hbirdv2/Common/Source/Drivers/htif.c
 
Building file: ../hbird_sdk/SoC/hbirdv2/Common/Source/hbirdv2_common.c
Invoking: GNU RISC-V Cross C Compiler
riscv-nuclei-elf-gcc -march=rv32ima -mabi=ilp32 -mcmodel=medany -mno-save-restore -funroll-all-loops -finline-limit=600 -ftree-dominator-opts -fno-if-conversion2 -fselective-scheduling -fno-code-hoisting -funroll-loops -finline-functions -falign-functions=4 -falign-jumps=4 -falign-loops=4 -O2 -ffunction-sections -fdata-sections -fno-common  -g -D__IDE_RV_CORE=null -DSOC_HBIRDV2 -DDOWNLOAD_MODE=DOWNLOAD_MODE_ILM -DDOWNLOAD_MODE_STRING=\"ILM\" -DBOARD_DDR200T -I"E:\VMshare\e203\zhengdian_E203\sdk\index\hbird_sdk\NMSIS\Core\Include" -I"E:\VMshare\e203\zhengdian_E203\sdk\index\hbird_sdk\SoC\hbirdv2\Common\Include" -I"E:\VMshare\e203\zhengdian_E203\sdk\index\hbird_sdk\SoC\hbirdv2\Board\ddr200t\Include" -I"E:\VMshare\e203\zhengdian_E203\sdk\index\application" -std=gnu11 -MMD -MP -MF"hbird_sdk/SoC/hbirdv2/Common/Source/hbirdv2_common.d" -MT"hbird_sdk/SoC/hbirdv2/Common/Source/hbirdv2_common.o" -c -o "hbird_sdk/SoC/hbirdv2/Common/Source/hbirdv2_common.o" "../hbird_sdk/SoC/hbirdv2/Common/Source/hbirdv2_common.c"
Finished building: ../hbird_sdk/SoC/hbirdv2/Common/Source/hbirdv2_common.c
 
Building file: ../hbird_sdk/SoC/hbirdv2/Common/Source/system_hbirdv2.c
Invoking: GNU RISC-V Cross C Compiler
riscv-nuclei-elf-gcc -march=rv32ima -mabi=ilp32 -mcmodel=medany -mno-save-restore -funroll-all-loops -finline-limit=600 -ftree-dominator-opts -fno-if-conversion2 -fselective-scheduling -fno-code-hoisting -funroll-loops -finline-functions -falign-functions=4 -falign-jumps=4 -falign-loops=4 -O2 -ffunction-sections -fdata-sections -fno-common  -g -D__IDE_RV_CORE=null -DSOC_HBIRDV2 -DDOWNLOAD_MODE=DOWNLOAD_MODE_ILM -DDOWNLOAD_MODE_STRING=\"ILM\" -DBOARD_DDR200T -I"E:\VMshare\e203\zhengdian_E203\sdk\index\hbird_sdk\NMSIS\Core\Include" -I"E:\VMshare\e203\zhengdian_E203\sdk\index\hbird_sdk\SoC\hbirdv2\Common\Include" -I"E:\VMshare\e203\zhengdian_E203\sdk\index\hbird_sdk\SoC\hbirdv2\Board\ddr200t\Include" -I"E:\VMshare\e203\zhengdian_E203\sdk\index\application" -std=gnu11 -MMD -MP -MF"hbird_sdk/SoC/hbirdv2/Common/Source/system_hbirdv2.d" -MT"hbird_sdk/SoC/hbirdv2/Common/Source/system_hbirdv2.o" -c -o "hbird_sdk/SoC/hbirdv2/Common/Source/system_hbirdv2.o" "../hbird_sdk/SoC/hbirdv2/Common/Source/system_hbirdv2.c"
Finished building: ../hbird_sdk/SoC/hbirdv2/Common/Source/system_hbirdv2.c
 
Building file: ../application/main.c
Invoking: GNU RISC-V Cross C Compiler
riscv-nuclei-elf-gcc -march=rv32ima -mabi=ilp32 -mcmodel=medany -mno-save-restore -funroll-all-loops -finline-limit=600 -ftree-dominator-opts -fno-if-conversion2 -fselective-scheduling -fno-code-hoisting -funroll-loops -finline-functions -falign-functions=4 -falign-jumps=4 -falign-loops=4 -O2 -ffunction-sections -fdata-sections -fno-common  -g -D__IDE_RV_CORE=null -DSOC_HBIRDV2 -DDOWNLOAD_MODE=DOWNLOAD_MODE_ILM -DDOWNLOAD_MODE_STRING=\"ILM\" -DBOARD_DDR200T -I"E:\VMshare\e203\zhengdian_E203\sdk\index\hbird_sdk\NMSIS\Core\Include" -I"E:\VMshare\e203\zhengdian_E203\sdk\index\hbird_sdk\SoC\hbirdv2\Common\Include" -I"E:\VMshare\e203\zhengdian_E203\sdk\index\hbird_sdk\SoC\hbirdv2\Board\ddr200t\Include" -I"E:\VMshare\e203\zhengdian_E203\sdk\index\application" -std=gnu11 -MMD -MP -MF"application/main.d" -MT"application/main.o" -c -o "application/main.o" "../application/main.c"
Finished building: ../application/main.c
 
Building target: index.elf
Invoking: GNU RISC-V Cross C++ Linker
riscv-nuclei-elf-g++ -march=rv32ima -mabi=ilp32 -mcmodel=medany -mno-save-restore -funroll-all-loops -finline-limit=600 -ftree-dominator-opts -fno-if-conversion2 -fselective-scheduling -fno-code-hoisting -funroll-loops -finline-functions -falign-functions=4 -falign-jumps=4 -falign-loops=4 -O2 -ffunction-sections -fdata-sections -fno-common  -g -T "E:\VMshare\e203\zhengdian_E203\sdk\index\hbird_sdk\SoC\hbirdv2\Board\ddr200t\Source\GCC\gcc_hbirdv2_ilm.ld" -nostartfiles -Xlinker --gc-sections -Wl,-Map,"index.map" --specs=nano.specs --specs=nosys.specs -u _isatty -u _write -u _sbrk -u _read -u _close -u _fstat -u _lseek -o "index.elf"  ./hbird_sdk/SoC/hbirdv2/Common/Source/Stubs/clock_getres.o ./hbird_sdk/SoC/hbirdv2/Common/Source/Stubs/clock_gettime.o ./hbird_sdk/SoC/hbirdv2/Common/Source/Stubs/clock_settime.o ./hbird_sdk/SoC/hbirdv2/Common/Source/Stubs/close.o ./hbird_sdk/SoC/hbirdv2/Common/Source/Stubs/execve.o ./hbird_sdk/SoC/hbirdv2/Common/Source/Stubs/exit.o ./hbird_sdk/SoC/hbirdv2/Common/Source/Stubs/fork.o ./hbird_sdk/SoC/hbirdv2/Common/Source/Stubs/fstat.o ./hbird_sdk/SoC/hbirdv2/Common/Source/Stubs/getpid.o ./hbird_sdk/SoC/hbirdv2/Common/Source/Stubs/gettimeofday.o ./hbird_sdk/SoC/hbirdv2/Common/Source/Stubs/isatty.o ./hbird_sdk/SoC/hbirdv2/Common/Source/Stubs/kill.o ./hbird_sdk/SoC/hbirdv2/Common/Source/Stubs/link.o ./hbird_sdk/SoC/hbirdv2/Common/Source/Stubs/lseek.o ./hbird_sdk/SoC/hbirdv2/Common/Source/Stubs/open.o ./hbird_sdk/SoC/hbirdv2/Common/Source/Stubs/read.o ./hbird_sdk/SoC/hbirdv2/Common/Source/Stubs/sbrk.o ./hbird_sdk/SoC/hbirdv2/Common/Source/Stubs/stat.o ./hbird_sdk/SoC/hbirdv2/Common/Source/Stubs/times.o ./hbird_sdk/SoC/hbirdv2/Common/Source/Stubs/unlink.o ./hbird_sdk/SoC/hbirdv2/Common/Source/Stubs/wait.o ./hbird_sdk/SoC/hbirdv2/Common/Source/Stubs/write.o  ./hbird_sdk/SoC/hbirdv2/Common/Source/GCC/intexc_hbirdv2.o ./hbird_sdk/SoC/hbirdv2/Common/Source/GCC/startup_hbirdv2.o  ./hbird_sdk/SoC/hbirdv2/Common/Source/Drivers/hbirdv2_gpio.o ./hbird_sdk/SoC/hbirdv2/Common/Source/Drivers/hbirdv2_i2c.o ./hbird_sdk/SoC/hbirdv2/Common/Source/Drivers/hbirdv2_pwm.o ./hbird_sdk/SoC/hbirdv2/Common/Source/Drivers/hbirdv2_spi.o ./hbird_sdk/SoC/hbirdv2/Common/Source/Drivers/hbirdv2_uart.o ./hbird_sdk/SoC/hbirdv2/Common/Source/Drivers/htif.o  ./hbird_sdk/SoC/hbirdv2/Common/Source/hbirdv2_common.o ./hbird_sdk/SoC/hbirdv2/Common/Source/system_hbirdv2.o  ./application/main.o   -lstdc++
e:/vmshare/e203/nucleistudio/toolchain/gcc/bin/../lib/gcc/riscv-nuclei-elf/10.1.0/../../../../riscv-nuclei-elf/bin/ld.exe: cannot find -lstdc++
e:/vmshare/e203/nucleistudio/toolchain/gcc/bin/../lib/gcc/riscv-nuclei-elf/10.1.0/../../../../riscv-nuclei-elf/bin/ld.exe: cannot find -lstdc++
collect2.exe: error: ld returned 1 exit status
make: *** [makefile:66: index.elf] Error 1
"make all" terminated with exit code 2. Build might be incomplete.
06:23:54 **** Build of configuration Debug for project decmec ****
make all 
Building file: ../application/main.c
Invoking: GNU RISC-V Cross C Compiler
riscv-nuclei-elf-gcc -march=rv32im -mabi=ilp32 -mcmodel=medany -mno-save-restore -funroll-all-loops -finline-limit=600 -ftree-dominator-opts -fno-if-conversion2 -fselective-scheduling -fno-code-hoisting -funroll-loops -finline-functions -falign-functions=4 -falign-jumps=4 -falign-loops=4 -O2 -ffunction-sections -fdata-sections -fno-common  -g -D__IDE_RV_CORE=null -DSOC_HBIRDV2 -DDOWNLOAD_MODE=DOWNLOAD_MODE_ILM -DDOWNLOAD_MODE_STRING=\"ILM\" -DBOARD_DDR200T -I"E:\VMshare\e203\zhengdian_E203\sdk\decmec\hbird_sdk\NMSIS\Core\Include" -I"E:\VMshare\e203\zhengdian_E203\sdk\decmec\hbird_sdk\SoC\hbirdv2\Common\Include" -I"E:\VMshare\e203\zhengdian_E203\sdk\decmec\hbird_sdk\SoC\hbirdv2\Board\ddr200t\Include" -I"E:\VMshare\e203\zhengdian_E203\sdk\decmec\application" -std=gnu11 -MMD -MP -MF"application/main.d" -MT"application/main.o" -c -o "application/main.o" "../application/main.c"
Finished building: ../application/main.c
 
Building target: decmec.elf
Invoking: GNU RISC-V Cross C++ Linker
riscv-nuclei-elf-g++ -march=rv32im -mabi=ilp32 -mcmodel=medany -mno-save-restore -funroll-all-loops -finline-limit=600 -ftree-dominator-opts -fno-if-conversion2 -fselective-scheduling -fno-code-hoisting -funroll-loops -finline-functions -falign-functions=4 -falign-jumps=4 -falign-loops=4 -O2 -ffunction-sections -fdata-sections -fno-common  -g -T "E:\VMshare\e203\zhengdian_E203\sdk\decmec\hbird_sdk\SoC\hbirdv2\Board\ddr200t\Source\GCC\gcc_hbirdv2_ilm.ld" -nostartfiles -Xlinker --gc-sections -Wl,-Map,"decmec.map" --specs=nano.specs --specs=nosys.specs -u _isatty -u _write -u _sbrk -u _read -u _close -u _fstat -u _lseek -o "decmec.elf"  ./hbird_sdk/SoC/hbirdv2/Common/Source/Stubs/clock_getres.o ./hbird_sdk/SoC/hbirdv2/Common/Source/Stubs/clock_gettime.o ./hbird_sdk/SoC/hbirdv2/Common/Source/Stubs/clock_settime.o ./hbird_sdk/SoC/hbirdv2/Common/Source/Stubs/close.o ./hbird_sdk/SoC/hbirdv2/Common/Source/Stubs/execve.o ./hbird_sdk/SoC/hbirdv2/Common/Source/Stubs/exit.o ./hbird_sdk/SoC/hbirdv2/Common/Source/Stubs/fork.o ./hbird_sdk/SoC/hbirdv2/Common/Source/Stubs/fstat.o ./hbird_sdk/SoC/hbirdv2/Common/Source/Stubs/getpid.o ./hbird_sdk/SoC/hbirdv2/Common/Source/Stubs/gettimeofday.o ./hbird_sdk/SoC/hbirdv2/Common/Source/Stubs/isatty.o ./hbird_sdk/SoC/hbirdv2/Common/Source/Stubs/kill.o ./hbird_sdk/SoC/hbirdv2/Common/Source/Stubs/link.o ./hbird_sdk/SoC/hbirdv2/Common/Source/Stubs/lseek.o ./hbird_sdk/SoC/hbirdv2/Common/Source/Stubs/open.o ./hbird_sdk/SoC/hbirdv2/Common/Source/Stubs/read.o ./hbird_sdk/SoC/hbirdv2/Common/Source/Stubs/sbrk.o ./hbird_sdk/SoC/hbirdv2/Common/Source/Stubs/stat.o ./hbird_sdk/SoC/hbirdv2/Common/Source/Stubs/times.o ./hbird_sdk/SoC/hbirdv2/Common/Source/Stubs/unlink.o ./hbird_sdk/SoC/hbirdv2/Common/Source/Stubs/wait.o ./hbird_sdk/SoC/hbirdv2/Common/Source/Stubs/write.o  ./hbird_sdk/SoC/hbirdv2/Common/Source/GCC/intexc_hbirdv2.o ./hbird_sdk/SoC/hbirdv2/Common/Source/GCC/startup_hbirdv2.o  ./hbird_sdk/SoC/hbirdv2/Common/Source/Drivers/hbirdv2_gpio.o ./hbird_sdk/SoC/hbirdv2/Common/Source/Drivers/hbirdv2_i2c.o ./hbird_sdk/SoC/hbirdv2/Common/Source/Drivers/hbirdv2_pwm.o ./hbird_sdk/SoC/hbirdv2/Common/Source/Drivers/hbirdv2_spi.o ./hbird_sdk/SoC/hbirdv2/Common/Source/Drivers/hbirdv2_uart.o ./hbird_sdk/SoC/hbirdv2/Common/Source/Drivers/htif.o  ./hbird_sdk/SoC/hbirdv2/Common/Source/hbirdv2_common.o ./hbird_sdk/SoC/hbirdv2/Common/Source/system_hbirdv2.o  ./application/insn.o ./application/main.o   -lstdc++
Finished building target: decmec.elf
 
make --no-print-directory post-build
riscv-nuclei-elf-objcopy -O verilog "decmec.elf" "decmec.verilog"
 
Invoking: GNU RISC-V Cross Create Flash Image
riscv-nuclei-elf-objcopy -O ihex "decmec.elf"  "decmec.hex"
Finished building: decmec.hex
 
Invoking: GNU RISC-V Cross Create Listing
riscv-nuclei-elf-objdump --source --all-headers --demangle --line-numbers --wide "decmec.elf" > "decmec.lst"
Finished building: decmec.lst
 
Invoking: GNU RISC-V Cross Print Size
riscv-nuclei-elf-size --format=berkeley "decmec.elf"
   text	   data	    bss	    dec	    hex	filename
  22772	    116	   2356	  25244	   629c	decmec.elf
Finished building: decmec.siz
 
06:24:02 **** Incremental Build of configuration Debug for project decmec ****
make all 
Invoking: GNU RISC-V Cross Print Size
riscv-nuclei-elf-size --format=berkeley "decmec.elf"
   text	   data	    bss	    dec	    hex	filename
  22772	    116	   2356	  25244	   629c	decmec.elf
Finished building: decmec.siz
 
06:24:13 **** Incremental Build of configuration Debug for project decmec ****
make all 
Invoking: GNU RISC-V Cross Print Size
riscv-nuclei-elf-size --format=berkeley "decmec.elf"
   text	   data	    bss	    dec	    hex	filename
  22772	    116	   2356	  25244	   629c	decmec.elf
Finished building: decmec.siz
 
06:25:33 **** Incremental Build of configuration Debug for project decmec ****
make all 
Invoking: GNU RISC-V Cross Print Size
riscv-nuclei-elf-size --format=berkeley "decmec.elf"
   text	   data	    bss	    dec	    hex	filename
  22772	    116	   2356	  25244	   629c	decmec.elf
Finished building: decmec.siz
 
06:26:25 **** Incremental Build of configuration Debug for project decmec ****
make all 
Invoking: GNU RISC-V Cross Print Size
riscv-nuclei-elf-size --format=berkeley "decmec.elf"
   text	   data	    bss	    dec	    hex	filename
  22772	    116	   2356	  25244	   629c	decmec.elf
Finished building: decmec.siz
 
06:28:00 **** Incremental Build of configuration Debug for project decmec ****
make all 
Invoking: GNU RISC-V Cross Print Size
riscv-nuclei-elf-size --format=berkeley "decmec.elf"
   text	   data	    bss	    dec	    hex	filename
  22772	    116	   2356	  25244	   629c	decmec.elf
Finished building: decmec.siz
 
06:31:16 **** Incremental Build of configuration Debug for project decmec ****
make all 
Building file: ../application/main.c
Invoking: GNU RISC-V Cross C Compiler
riscv-nuclei-elf-gcc -march=rv32im -mabi=ilp32 -mcmodel=medany -mno-save-restore -funroll-all-loops -finline-limit=600 -ftree-dominator-opts -fno-if-conversion2 -fselective-scheduling -fno-code-hoisting -funroll-loops -finline-functions -falign-functions=4 -falign-jumps=4 -falign-loops=4 -O2 -ffunction-sections -fdata-sections -fno-common  -g -D__IDE_RV_CORE=null -DSOC_HBIRDV2 -DDOWNLOAD_MODE=DOWNLOAD_MODE_ILM -DDOWNLOAD_MODE_STRING=\"ILM\" -DBOARD_DDR200T -I"E:\VMshare\e203\zhengdian_E203\sdk\decmec\hbird_sdk\NMSIS\Core\Include" -I"E:\VMshare\e203\zhengdian_E203\sdk\decmec\hbird_sdk\SoC\hbirdv2\Common\Include" -I"E:\VMshare\e203\zhengdian_E203\sdk\decmec\hbird_sdk\SoC\hbirdv2\Board\ddr200t\Include" -I"E:\VMshare\e203\zhengdian_E203\sdk\decmec\application" -std=gnu11 -MMD -MP -MF"application/main.d" -MT"application/main.o" -c -o "application/main.o" "../application/main.c"
Finished building: ../application/main.c
 
Building target: decmec.elf
Invoking: GNU RISC-V Cross C++ Linker
riscv-nuclei-elf-g++ -march=rv32im -mabi=ilp32 -mcmodel=medany -mno-save-restore -funroll-all-loops -finline-limit=600 -ftree-dominator-opts -fno-if-conversion2 -fselective-scheduling -fno-code-hoisting -funroll-loops -finline-functions -falign-functions=4 -falign-jumps=4 -falign-loops=4 -O2 -ffunction-sections -fdata-sections -fno-common  -g -T "E:\VMshare\e203\zhengdian_E203\sdk\decmec\hbird_sdk\SoC\hbirdv2\Board\ddr200t\Source\GCC\gcc_hbirdv2_ilm.ld" -nostartfiles -Xlinker --gc-sections -Wl,-Map,"decmec.map" --specs=nano.specs --specs=nosys.specs -u _isatty -u _write -u _sbrk -u _read -u _close -u _fstat -u _lseek -o "decmec.elf"  ./hbird_sdk/SoC/hbirdv2/Common/Source/Stubs/clock_getres.o ./hbird_sdk/SoC/hbirdv2/Common/Source/Stubs/clock_gettime.o ./hbird_sdk/SoC/hbirdv2/Common/Source/Stubs/clock_settime.o ./hbird_sdk/SoC/hbirdv2/Common/Source/Stubs/close.o ./hbird_sdk/SoC/hbirdv2/Common/Source/Stubs/execve.o ./hbird_sdk/SoC/hbirdv2/Common/Source/Stubs/exit.o ./hbird_sdk/SoC/hbirdv2/Common/Source/Stubs/fork.o ./hbird_sdk/SoC/hbirdv2/Common/Source/Stubs/fstat.o ./hbird_sdk/SoC/hbirdv2/Common/Source/Stubs/getpid.o ./hbird_sdk/SoC/hbirdv2/Common/Source/Stubs/gettimeofday.o ./hbird_sdk/SoC/hbirdv2/Common/Source/Stubs/isatty.o ./hbird_sdk/SoC/hbirdv2/Common/Source/Stubs/kill.o ./hbird_sdk/SoC/hbirdv2/Common/Source/Stubs/link.o ./hbird_sdk/SoC/hbirdv2/Common/Source/Stubs/lseek.o ./hbird_sdk/SoC/hbirdv2/Common/Source/Stubs/open.o ./hbird_sdk/SoC/hbirdv2/Common/Source/Stubs/read.o ./hbird_sdk/SoC/hbirdv2/Common/Source/Stubs/sbrk.o ./hbird_sdk/SoC/hbirdv2/Common/Source/Stubs/stat.o ./hbird_sdk/SoC/hbirdv2/Common/Source/Stubs/times.o ./hbird_sdk/SoC/hbirdv2/Common/Source/Stubs/unlink.o ./hbird_sdk/SoC/hbirdv2/Common/Source/Stubs/wait.o ./hbird_sdk/SoC/hbirdv2/Common/Source/Stubs/write.o  ./hbird_sdk/SoC/hbirdv2/Common/Source/GCC/intexc_hbirdv2.o ./hbird_sdk/SoC/hbirdv2/Common/Source/GCC/startup_hbirdv2.o  ./hbird_sdk/SoC/hbirdv2/Common/Source/Drivers/hbirdv2_gpio.o ./hbird_sdk/SoC/hbirdv2/Common/Source/Drivers/hbirdv2_i2c.o ./hbird_sdk/SoC/hbirdv2/Common/Source/Drivers/hbirdv2_pwm.o ./hbird_sdk/SoC/hbirdv2/Common/Source/Drivers/hbirdv2_spi.o ./hbird_sdk/SoC/hbirdv2/Common/Source/Drivers/hbirdv2_uart.o ./hbird_sdk/SoC/hbirdv2/Common/Source/Drivers/htif.o  ./hbird_sdk/SoC/hbirdv2/Common/Source/hbirdv2_common.o ./hbird_sdk/SoC/hbirdv2/Common/Source/system_hbirdv2.o  ./application/insn.o ./application/main.o   -lstdc++
Finished building target: decmec.elf
 
make --no-print-directory post-build
riscv-nuclei-elf-objcopy -O verilog "decmec.elf" "decmec.verilog"
 
Invoking: GNU RISC-V Cross Create Flash Image
riscv-nuclei-elf-objcopy -O ihex "decmec.elf"  "decmec.hex"
Finished building: decmec.hex
 
Invoking: GNU RISC-V Cross Create Listing
riscv-nuclei-elf-objdump --source --all-headers --demangle --line-numbers --wide "decmec.elf" > "decmec.lst"
Finished building: decmec.lst
 
Invoking: GNU RISC-V Cross Print Size
riscv-nuclei-elf-size --format=berkeley "decmec.elf"
   text	   data	    bss	    dec	    hex	filename
  14900	    116	   2388	  17404	   43fc	decmec.elf
Finished building: decmec.siz
 
06:33:03 **** Incremental Build of configuration Debug for project decmec ****
make all 
Invoking: GNU RISC-V Cross Print Size
riscv-nuclei-elf-size --format=berkeley "decmec.elf"
   text	   data	    bss	    dec	    hex	filename
  14900	    116	   2388	  17404	   43fc	decmec.elf
Finished building: decmec.siz
 
06:33:21 **** Incremental Build of configuration Debug for project hellow_test ****
make all 
Building file: ../application/demo_nice.c
Invoking: GNU RISC-V Cross C Compiler
riscv-nuclei-elf-gcc -march=rv32im -mabi=ilp32 -mcmodel=medany -mno-save-restore -funroll-all-loops -finline-limit=600 -ftree-dominator-opts -fno-if-conversion2 -fselective-scheduling -fno-code-hoisting -funroll-loops -finline-functions -falign-functions=4 -falign-jumps=4 -falign-loops=4 -O2 -ffunction-sections -fdata-sections -fno-common  -g -D__IDE_RV_CORE=null -DSOC_HBIRDV2 -DDOWNLOAD_MODE=DOWNLOAD_MODE_ILM -DDOWNLOAD_MODE_STRING=\"ILM\" -DBOARD_DDR200T -I"E:\VMshare\e203\zhengdian_E203\sdk\hellow_test\hbird_sdk\NMSIS\Core\Include" -I"E:\VMshare\e203\zhengdian_E203\sdk\hellow_test\hbird_sdk\SoC\hbirdv2\Common\Include" -I"E:\VMshare\e203\zhengdian_E203\sdk\hellow_test\hbird_sdk\SoC\hbirdv2\Board\ddr200t\Include" -I"E:\VMshare\e203\zhengdian_E203\sdk\hellow_test\application" -std=gnu11 -MMD -MP -MF"application/demo_nice.d" -MT"application/demo_nice.o" -c -o "application/demo_nice.o" "../application/demo_nice.c"
In file included from ../application/demo_nice.c:15:
../application/insn.h:23: warning: "_REG32" redefined
   23 | #define _REG32(p, i)  (*(volatile uint32_t *) ((p) + (i)))
      | 
In file included from E:\VMshare\e203\zhengdian_E203\sdk\hellow_test\hbird_sdk\SoC\hbirdv2\Common\Include/hbird_sdk_soc.h:9,
                 from ../application/demo_nice.c:13:
E:\VMshare\e203\zhengdian_E203\sdk\hellow_test\hbird_sdk\SoC\hbirdv2\Common\Include/hbirdv2.h:458: note: this is the location of the previous definition
  458 | #define _REG32(p, i)                        (*(_REG32P(p, i)))
      | 
../application/demo_nice.c: In function 'main':
../application/demo_nice.c:29:14: warning: passing argument 1 of 'nice_case' discards 'volatile' qualifier from pointer target type [-Wdiscarded-qualifiers]
   29 |    nice_case(key_buf, data_buf);
      |              ^~~~~~~
In file included from ../application/demo_nice.c:15:
../application/insn.h:116:28: note: expected 'unsigned int *' but argument is of type 'volatile unsigned int *'
  116 | int nice_case(unsigned int key_buf[], unsigned int data_buf[]);
      |               ~~~~~~~~~~~~~^~~~~~~~~
../application/demo_nice.c:29:23: warning: passing argument 2 of 'nice_case' discards 'volatile' qualifier from pointer target type [-Wdiscarded-qualifiers]
   29 |    nice_case(key_buf, data_buf);
      |                       ^~~~~~~~
In file included from ../application/demo_nice.c:15:
../application/insn.h:116:52: note: expected 'unsigned int *' but argument is of type 'volatile unsigned int *'
  116 | int nice_case(unsigned int key_buf[], unsigned int data_buf[]);
      |                                       ~~~~~~~~~~~~~^~~~~~~~~~
../application/demo_nice.c:43:15: warning: passing argument 1 of 'normal_case' discards 'volatile' qualifier from pointer target type [-Wdiscarded-qualifiers]
   43 |   normal_case(key_buf, data_buf);
      |               ^~~~~~~
In file included from ../application/demo_nice.c:15:
../application/insn.h:113:30: note: expected 'unsigned int *' but argument is of type 'volatile unsigned int *'
  113 | int normal_case(unsigned int key_buf[], unsigned int data_buf[]);
      |                 ~~~~~~~~~~~~~^~~~~~~~~
../application/demo_nice.c:43:24: warning: passing argument 2 of 'normal_case' discards 'volatile' qualifier from pointer target type [-Wdiscarded-qualifiers]
   43 |   normal_case(key_buf, data_buf);
      |                        ^~~~~~~~
In file included from ../application/demo_nice.c:15:
../application/insn.h:113:54: note: expected 'unsigned int *' but argument is of type 'volatile unsigned int *'
  113 | int normal_case(unsigned int key_buf[], unsigned int data_buf[]);
      |                                         ~~~~~~~~~~~~~^~~~~~~~~~
Finished building: ../application/demo_nice.c
 
Building file: ../application/insn.c
Invoking: GNU RISC-V Cross C Compiler
riscv-nuclei-elf-gcc -march=rv32im -mabi=ilp32 -mcmodel=medany -mno-save-restore -funroll-all-loops -finline-limit=600 -ftree-dominator-opts -fno-if-conversion2 -fselective-scheduling -fno-code-hoisting -funroll-loops -finline-functions -falign-functions=4 -falign-jumps=4 -falign-loops=4 -O2 -ffunction-sections -fdata-sections -fno-common  -g -D__IDE_RV_CORE=null -DSOC_HBIRDV2 -DDOWNLOAD_MODE=DOWNLOAD_MODE_ILM -DDOWNLOAD_MODE_STRING=\"ILM\" -DBOARD_DDR200T -I"E:\VMshare\e203\zhengdian_E203\sdk\hellow_test\hbird_sdk\NMSIS\Core\Include" -I"E:\VMshare\e203\zhengdian_E203\sdk\hellow_test\hbird_sdk\SoC\hbirdv2\Common\Include" -I"E:\VMshare\e203\zhengdian_E203\sdk\hellow_test\hbird_sdk\SoC\hbirdv2\Board\ddr200t\Include" -I"E:\VMshare\e203\zhengdian_E203\sdk\hellow_test\application" -std=gnu11 -MMD -MP -MF"application/insn.d" -MT"application/insn.o" -c -o "application/insn.o" "../application/insn.c"
In file included from ../application/insn.c:7:
../application/insn.h:23: warning: "_REG32" redefined
   23 | #define _REG32(p, i)  (*(volatile uint32_t *) ((p) + (i)))
      | 
In file included from E:\VMshare\e203\zhengdian_E203\sdk\hellow_test\hbird_sdk\SoC\hbirdv2\Common\Include/hbird_sdk_soc.h:9,
                 from ../application/insn.h:14,
                 from ../application/insn.c:7:
E:\VMshare\e203\zhengdian_E203\sdk\hellow_test\hbird_sdk\SoC\hbirdv2\Common\Include/hbirdv2.h:458: note: this is the location of the previous definition
  458 | #define _REG32(p, i)                        (*(_REG32P(p, i)))
      | 
Finished building: ../application/insn.c
 
Building target: hellow_test.elf
Invoking: GNU RISC-V Cross C++ Linker
riscv-nuclei-elf-g++ -march=rv32im -mabi=ilp32 -mcmodel=medany -mno-save-restore -funroll-all-loops -finline-limit=600 -ftree-dominator-opts -fno-if-conversion2 -fselective-scheduling -fno-code-hoisting -funroll-loops -finline-functions -falign-functions=4 -falign-jumps=4 -falign-loops=4 -O2 -ffunction-sections -fdata-sections -fno-common  -g -T "E:\VMshare\e203\zhengdian_E203\sdk\hellow_test\hbird_sdk\SoC\hbirdv2\Board\ddr200t\Source\GCC\gcc_hbirdv2_ilm.ld" -nostartfiles -Xlinker --gc-sections -Wl,-Map,"hellow_test.map" --specs=nano.specs --specs=nosys.specs -u _isatty -u _write -u _sbrk -u _read -u _close -u _fstat -u _lseek -o "hellow_test.elf"  ./hbird_sdk/SoC/hbirdv2/Common/Source/Stubs/clock_getres.o ./hbird_sdk/SoC/hbirdv2/Common/Source/Stubs/clock_gettime.o ./hbird_sdk/SoC/hbirdv2/Common/Source/Stubs/clock_settime.o ./hbird_sdk/SoC/hbirdv2/Common/Source/Stubs/close.o ./hbird_sdk/SoC/hbirdv2/Common/Source/Stubs/execve.o ./hbird_sdk/SoC/hbirdv2/Common/Source/Stubs/exit.o ./hbird_sdk/SoC/hbirdv2/Common/Source/Stubs/fork.o ./hbird_sdk/SoC/hbirdv2/Common/Source/Stubs/fstat.o ./hbird_sdk/SoC/hbirdv2/Common/Source/Stubs/getpid.o ./hbird_sdk/SoC/hbirdv2/Common/Source/Stubs/gettimeofday.o ./hbird_sdk/SoC/hbirdv2/Common/Source/Stubs/isatty.o ./hbird_sdk/SoC/hbirdv2/Common/Source/Stubs/kill.o ./hbird_sdk/SoC/hbirdv2/Common/Source/Stubs/link.o ./hbird_sdk/SoC/hbirdv2/Common/Source/Stubs/lseek.o ./hbird_sdk/SoC/hbirdv2/Common/Source/Stubs/open.o ./hbird_sdk/SoC/hbirdv2/Common/Source/Stubs/read.o ./hbird_sdk/SoC/hbirdv2/Common/Source/Stubs/sbrk.o ./hbird_sdk/SoC/hbirdv2/Common/Source/Stubs/stat.o ./hbird_sdk/SoC/hbirdv2/Common/Source/Stubs/times.o ./hbird_sdk/SoC/hbirdv2/Common/Source/Stubs/unlink.o ./hbird_sdk/SoC/hbirdv2/Common/Source/Stubs/wait.o ./hbird_sdk/SoC/hbirdv2/Common/Source/Stubs/write.o  ./hbird_sdk/SoC/hbirdv2/Common/Source/GCC/intexc_hbirdv2.o ./hbird_sdk/SoC/hbirdv2/Common/Source/GCC/startup_hbirdv2.o  ./hbird_sdk/SoC/hbirdv2/Common/Source/Drivers/hbirdv2_gpio.o ./hbird_sdk/SoC/hbirdv2/Common/Source/Drivers/hbirdv2_i2c.o ./hbird_sdk/SoC/hbirdv2/Common/Source/Drivers/hbirdv2_pwm.o ./hbird_sdk/SoC/hbirdv2/Common/Source/Drivers/hbirdv2_spi.o ./hbird_sdk/SoC/hbirdv2/Common/Source/Drivers/hbirdv2_uart.o ./hbird_sdk/SoC/hbirdv2/Common/Source/Drivers/htif.o  ./hbird_sdk/SoC/hbirdv2/Common/Source/hbirdv2_common.o ./hbird_sdk/SoC/hbirdv2/Common/Source/system_hbirdv2.o  ./application/demo_nice.o ./application/insn.o   -lstdc++
Finished building target: hellow_test.elf
 
make --no-print-directory post-build
riscv-nuclei-elf-objcopy -O verilog "hellow_test.elf" "hellow_test.verilog";sed -i 's/@800/@000/g' "hellow_test.verilog"; sed -i 's/@00002FB8/@00002000/g' "hellow_test.verilog";
 
Invoking: GNU RISC-V Cross Create Flash Image
riscv-nuclei-elf-objcopy -O ihex "hellow_test.elf"  "hellow_test.hex"
Finished building: hellow_test.hex
 
Invoking: GNU RISC-V Cross Create Listing
riscv-nuclei-elf-objdump --source --all-headers --demangle --line-numbers --wide "hellow_test.elf" > "hellow_test.lst"
Finished building: hellow_test.lst
 
Invoking: GNU RISC-V Cross Print Size
riscv-nuclei-elf-size --format=berkeley "hellow_test.elf"
   text	   data	    bss	    dec	    hex	filename
  17272	    116	   2356	  19744	   4d20	hellow_test.elf
Finished building: hellow_test.siz
 
06:33:27 **** Incremental Build of configuration Debug for project hellow_test ****
make all 
Invoking: GNU RISC-V Cross Print Size
riscv-nuclei-elf-size --format=berkeley "hellow_test.elf"
   text	   data	    bss	    dec	    hex	filename
  17272	    116	   2356	  19744	   4d20	hellow_test.elf
Finished building: hellow_test.siz
 
06:33:32 **** Incremental Build of configuration Debug for project hellow_test ****
make all 
Invoking: GNU RISC-V Cross Print Size
riscv-nuclei-elf-size --format=berkeley "hellow_test.elf"
   text	   data	    bss	    dec	    hex	filename
  17272	    116	   2356	  19744	   4d20	hellow_test.elf
Finished building: hellow_test.siz
 
06:33:37 **** Incremental Build of configuration Debug for project hellow_test ****
make all 
Invoking: GNU RISC-V Cross Print Size
riscv-nuclei-elf-size --format=berkeley "hellow_test.elf"
   text	   data	    bss	    dec	    hex	filename
  17272	    116	   2356	  19744	   4d20	hellow_test.elf
Finished building: hellow_test.siz
 
06:34:37 **** Incremental Build of configuration Debug for project hellow_test ****
make all 
Invoking: GNU RISC-V Cross Print Size
riscv-nuclei-elf-size --format=berkeley "hellow_test.elf"
   text	   data	    bss	    dec	    hex	filename
  17272	    116	   2356	  19744	   4d20	hellow_test.elf
Finished building: hellow_test.siz
 
06:35:34 **** Incremental Build of configuration Debug for project hellow_test ****
make all 
Building file: ../application/demo_nice.c
Invoking: GNU RISC-V Cross C Compiler
riscv-nuclei-elf-gcc -march=rv32im -mabi=ilp32 -mcmodel=medany -mno-save-restore -funroll-all-loops -finline-limit=600 -ftree-dominator-opts -fno-if-conversion2 -fselective-scheduling -fno-code-hoisting -funroll-loops -finline-functions -falign-functions=4 -falign-jumps=4 -falign-loops=4 -O2 -ffunction-sections -fdata-sections -fno-common  -g -D__IDE_RV_CORE=null -DSOC_HBIRDV2 -DDOWNLOAD_MODE=DOWNLOAD_MODE_ILM -DDOWNLOAD_MODE_STRING=\"ILM\" -DBOARD_DDR200T -I"E:\VMshare\e203\zhengdian_E203\sdk\hellow_test\hbird_sdk\NMSIS\Core\Include" -I"E:\VMshare\e203\zhengdian_E203\sdk\hellow_test\hbird_sdk\SoC\hbirdv2\Common\Include" -I"E:\VMshare\e203\zhengdian_E203\sdk\hellow_test\hbird_sdk\SoC\hbirdv2\Board\ddr200t\Include" -I"E:\VMshare\e203\zhengdian_E203\sdk\hellow_test\application" -std=gnu11 -MMD -MP -MF"application/demo_nice.d" -MT"application/demo_nice.o" -c -o "application/demo_nice.o" "../application/demo_nice.c"
In file included from ../application/demo_nice.c:15:
../application/insn.h:23: warning: "_REG32" redefined
   23 | #define _REG32(p, i)  (*(volatile uint32_t *) ((p) + (i)))
      | 
In file included from E:\VMshare\e203\zhengdian_E203\sdk\hellow_test\hbird_sdk\SoC\hbirdv2\Common\Include/hbird_sdk_soc.h:9,
                 from ../application/demo_nice.c:13:
E:\VMshare\e203\zhengdian_E203\sdk\hellow_test\hbird_sdk\SoC\hbirdv2\Common\Include/hbirdv2.h:458: note: this is the location of the previous definition
  458 | #define _REG32(p, i)                        (*(_REG32P(p, i)))
      | 
../application/demo_nice.c: In function 'main':
../application/demo_nice.c:28:13: warning: passing argument 1 of 'normal_case' discards 'volatile' qualifier from pointer target type [-Wdiscarded-qualifiers]
   28 | normal_case(key_buf, data_buf);
      |             ^~~~~~~
In file included from ../application/demo_nice.c:15:
../application/insn.h:113:30: note: expected 'unsigned int *' but argument is of type 'volatile unsigned int *'
  113 | int normal_case(unsigned int key_buf[], unsigned int data_buf[]);
      |                 ~~~~~~~~~~~~~^~~~~~~~~
../application/demo_nice.c:28:22: warning: passing argument 2 of 'normal_case' discards 'volatile' qualifier from pointer target type [-Wdiscarded-qualifiers]
   28 | normal_case(key_buf, data_buf);
      |                      ^~~~~~~~
In file included from ../application/demo_nice.c:15:
../application/insn.h:113:54: note: expected 'unsigned int *' but argument is of type 'volatile unsigned int *'
  113 | int normal_case(unsigned int key_buf[], unsigned int data_buf[]);
      |                                         ~~~~~~~~~~~~~^~~~~~~~~~
../application/demo_nice.c:42:15: warning: passing argument 1 of 'nice_case' discards 'volatile' qualifier from pointer target type [-Wdiscarded-qualifiers]
   42 |     nice_case(key_buf, data_buf);
      |               ^~~~~~~
In file included from ../application/demo_nice.c:15:
../application/insn.h:116:28: note: expected 'unsigned int *' but argument is of type 'volatile unsigned int *'
  116 | int nice_case(unsigned int key_buf[], unsigned int data_buf[]);
      |               ~~~~~~~~~~~~~^~~~~~~~~
../application/demo_nice.c:42:24: warning: passing argument 2 of 'nice_case' discards 'volatile' qualifier from pointer target type [-Wdiscarded-qualifiers]
   42 |     nice_case(key_buf, data_buf);
      |                        ^~~~~~~~
In file included from ../application/demo_nice.c:15:
../application/insn.h:116:52: note: expected 'unsigned int *' but argument is of type 'volatile unsigned int *'
  116 | int nice_case(unsigned int key_buf[], unsigned int data_buf[]);
      |                                       ~~~~~~~~~~~~~^~~~~~~~~~
Finished building: ../application/demo_nice.c
 
Building target: hellow_test.elf
Invoking: GNU RISC-V Cross C++ Linker
riscv-nuclei-elf-g++ -march=rv32im -mabi=ilp32 -mcmodel=medany -mno-save-restore -funroll-all-loops -finline-limit=600 -ftree-dominator-opts -fno-if-conversion2 -fselective-scheduling -fno-code-hoisting -funroll-loops -finline-functions -falign-functions=4 -falign-jumps=4 -falign-loops=4 -O2 -ffunction-sections -fdata-sections -fno-common  -g -T "E:\VMshare\e203\zhengdian_E203\sdk\hellow_test\hbird_sdk\SoC\hbirdv2\Board\ddr200t\Source\GCC\gcc_hbirdv2_ilm.ld" -nostartfiles -Xlinker --gc-sections -Wl,-Map,"hellow_test.map" --specs=nano.specs --specs=nosys.specs -u _isatty -u _write -u _sbrk -u _read -u _close -u _fstat -u _lseek -o "hellow_test.elf"  ./hbird_sdk/SoC/hbirdv2/Common/Source/Stubs/clock_getres.o ./hbird_sdk/SoC/hbirdv2/Common/Source/Stubs/clock_gettime.o ./hbird_sdk/SoC/hbirdv2/Common/Source/Stubs/clock_settime.o ./hbird_sdk/SoC/hbirdv2/Common/Source/Stubs/close.o ./hbird_sdk/SoC/hbirdv2/Common/Source/Stubs/execve.o ./hbird_sdk/SoC/hbirdv2/Common/Source/Stubs/exit.o ./hbird_sdk/SoC/hbirdv2/Common/Source/Stubs/fork.o ./hbird_sdk/SoC/hbirdv2/Common/Source/Stubs/fstat.o ./hbird_sdk/SoC/hbirdv2/Common/Source/Stubs/getpid.o ./hbird_sdk/SoC/hbirdv2/Common/Source/Stubs/gettimeofday.o ./hbird_sdk/SoC/hbirdv2/Common/Source/Stubs/isatty.o ./hbird_sdk/SoC/hbirdv2/Common/Source/Stubs/kill.o ./hbird_sdk/SoC/hbirdv2/Common/Source/Stubs/link.o ./hbird_sdk/SoC/hbirdv2/Common/Source/Stubs/lseek.o ./hbird_sdk/SoC/hbirdv2/Common/Source/Stubs/open.o ./hbird_sdk/SoC/hbirdv2/Common/Source/Stubs/read.o ./hbird_sdk/SoC/hbirdv2/Common/Source/Stubs/sbrk.o ./hbird_sdk/SoC/hbirdv2/Common/Source/Stubs/stat.o ./hbird_sdk/SoC/hbirdv2/Common/Source/Stubs/times.o ./hbird_sdk/SoC/hbirdv2/Common/Source/Stubs/unlink.o ./hbird_sdk/SoC/hbirdv2/Common/Source/Stubs/wait.o ./hbird_sdk/SoC/hbirdv2/Common/Source/Stubs/write.o  ./hbird_sdk/SoC/hbirdv2/Common/Source/GCC/intexc_hbirdv2.o ./hbird_sdk/SoC/hbirdv2/Common/Source/GCC/startup_hbirdv2.o  ./hbird_sdk/SoC/hbirdv2/Common/Source/Drivers/hbirdv2_gpio.o ./hbird_sdk/SoC/hbirdv2/Common/Source/Drivers/hbirdv2_i2c.o ./hbird_sdk/SoC/hbirdv2/Common/Source/Drivers/hbirdv2_pwm.o ./hbird_sdk/SoC/hbirdv2/Common/Source/Drivers/hbirdv2_spi.o ./hbird_sdk/SoC/hbirdv2/Common/Source/Drivers/hbirdv2_uart.o ./hbird_sdk/SoC/hbirdv2/Common/Source/Drivers/htif.o  ./hbird_sdk/SoC/hbirdv2/Common/Source/hbirdv2_common.o ./hbird_sdk/SoC/hbirdv2/Common/Source/system_hbirdv2.o  ./application/demo_nice.o ./application/insn.o   -lstdc++
Finished building target: hellow_test.elf
 
make --no-print-directory post-build
riscv-nuclei-elf-objcopy -O verilog "hellow_test.elf" "hellow_test.verilog";sed -i 's/@800/@000/g' "hellow_test.verilog"; sed -i 's/@00002FB8/@00002000/g' "hellow_test.verilog";
 
Invoking: GNU RISC-V Cross Create Flash Image
riscv-nuclei-elf-objcopy -O ihex "hellow_test.elf"  "hellow_test.hex"
Finished building: hellow_test.hex
 
Invoking: GNU RISC-V Cross Create Listing
riscv-nuclei-elf-objdump --source --all-headers --demangle --line-numbers --wide "hellow_test.elf" > "hellow_test.lst"
Finished building: hellow_test.lst
 
Invoking: GNU RISC-V Cross Print Size
riscv-nuclei-elf-size --format=berkeley "hellow_test.elf"
   text	   data	    bss	    dec	    hex	filename
  17272	    116	   2356	  19744	   4d20	hellow_test.elf
Finished building: hellow_test.siz
 
06:36:15 **** Incremental Build of configuration Debug for project hellow_test ****
make all 
Building file: ../application/demo_nice.c
Invoking: GNU RISC-V Cross C Compiler
riscv-nuclei-elf-gcc -march=rv32im -mabi=ilp32 -mcmodel=medany -mno-save-restore -funroll-all-loops -finline-limit=600 -ftree-dominator-opts -fno-if-conversion2 -fselective-scheduling -fno-code-hoisting -funroll-loops -finline-functions -falign-functions=4 -falign-jumps=4 -falign-loops=4 -O2 -ffunction-sections -fdata-sections -fno-common  -g -D__IDE_RV_CORE=null -DSOC_HBIRDV2 -DDOWNLOAD_MODE=DOWNLOAD_MODE_ILM -DDOWNLOAD_MODE_STRING=\"ILM\" -DBOARD_DDR200T -I"E:\VMshare\e203\zhengdian_E203\sdk\hellow_test\hbird_sdk\NMSIS\Core\Include" -I"E:\VMshare\e203\zhengdian_E203\sdk\hellow_test\hbird_sdk\SoC\hbirdv2\Common\Include" -I"E:\VMshare\e203\zhengdian_E203\sdk\hellow_test\hbird_sdk\SoC\hbirdv2\Board\ddr200t\Include" -I"E:\VMshare\e203\zhengdian_E203\sdk\hellow_test\application" -std=gnu11 -MMD -MP -MF"application/demo_nice.d" -MT"application/demo_nice.o" -c -o "application/demo_nice.o" "../application/demo_nice.c"
In file included from ../application/demo_nice.c:15:
../application/insn.h:23: warning: "_REG32" redefined
   23 | #define _REG32(p, i)  (*(volatile uint32_t *) ((p) + (i)))
      | 
In file included from E:\VMshare\e203\zhengdian_E203\sdk\hellow_test\hbird_sdk\SoC\hbirdv2\Common\Include/hbird_sdk_soc.h:9,
                 from ../application/demo_nice.c:13:
E:\VMshare\e203\zhengdian_E203\sdk\hellow_test\hbird_sdk\SoC\hbirdv2\Common\Include/hbirdv2.h:458: note: this is the location of the previous definition
  458 | #define _REG32(p, i)                        (*(_REG32P(p, i)))
      | 
../application/demo_nice.c: In function 'main':
../application/demo_nice.c:29:14: warning: passing argument 1 of 'nice_case' discards 'volatile' qualifier from pointer target type [-Wdiscarded-qualifiers]
   29 |    nice_case(key_buf, data_buf);
      |              ^~~~~~~
In file included from ../application/demo_nice.c:15:
../application/insn.h:116:28: note: expected 'unsigned int *' but argument is of type 'volatile unsigned int *'
  116 | int nice_case(unsigned int key_buf[], unsigned int data_buf[]);
      |               ~~~~~~~~~~~~~^~~~~~~~~
../application/demo_nice.c:29:23: warning: passing argument 2 of 'nice_case' discards 'volatile' qualifier from pointer target type [-Wdiscarded-qualifiers]
   29 |    nice_case(key_buf, data_buf);
      |                       ^~~~~~~~
In file included from ../application/demo_nice.c:15:
../application/insn.h:116:52: note: expected 'unsigned int *' but argument is of type 'volatile unsigned int *'
  116 | int nice_case(unsigned int key_buf[], unsigned int data_buf[]);
      |                                       ~~~~~~~~~~~~~^~~~~~~~~~
../application/demo_nice.c:43:16: warning: passing argument 1 of 'normal_case' discards 'volatile' qualifier from pointer target type [-Wdiscarded-qualifiers]
   43 |    normal_case(key_buf, data_buf);
      |                ^~~~~~~
In file included from ../application/demo_nice.c:15:
../application/insn.h:113:30: note: expected 'unsigned int *' but argument is of type 'volatile unsigned int *'
  113 | int normal_case(unsigned int key_buf[], unsigned int data_buf[]);
      |                 ~~~~~~~~~~~~~^~~~~~~~~
../application/demo_nice.c:43:25: warning: passing argument 2 of 'normal_case' discards 'volatile' qualifier from pointer target type [-Wdiscarded-qualifiers]
   43 |    normal_case(key_buf, data_buf);
      |                         ^~~~~~~~
In file included from ../application/demo_nice.c:15:
../application/insn.h:113:54: note: expected 'unsigned int *' but argument is of type 'volatile unsigned int *'
  113 | int normal_case(unsigned int key_buf[], unsigned int data_buf[]);
      |                                         ~~~~~~~~~~~~~^~~~~~~~~~
Finished building: ../application/demo_nice.c
 
Building file: ../application/insn.c
Invoking: GNU RISC-V Cross C Compiler
riscv-nuclei-elf-gcc -march=rv32im -mabi=ilp32 -mcmodel=medany -mno-save-restore -funroll-all-loops -finline-limit=600 -ftree-dominator-opts -fno-if-conversion2 -fselective-scheduling -fno-code-hoisting -funroll-loops -finline-functions -falign-functions=4 -falign-jumps=4 -falign-loops=4 -O2 -ffunction-sections -fdata-sections -fno-common  -g -D__IDE_RV_CORE=null -DSOC_HBIRDV2 -DDOWNLOAD_MODE=DOWNLOAD_MODE_ILM -DDOWNLOAD_MODE_STRING=\"ILM\" -DBOARD_DDR200T -I"E:\VMshare\e203\zhengdian_E203\sdk\hellow_test\hbird_sdk\NMSIS\Core\Include" -I"E:\VMshare\e203\zhengdian_E203\sdk\hellow_test\hbird_sdk\SoC\hbirdv2\Common\Include" -I"E:\VMshare\e203\zhengdian_E203\sdk\hellow_test\hbird_sdk\SoC\hbirdv2\Board\ddr200t\Include" -I"E:\VMshare\e203\zhengdian_E203\sdk\hellow_test\application" -std=gnu11 -MMD -MP -MF"application/insn.d" -MT"application/insn.o" -c -o "application/insn.o" "../application/insn.c"
In file included from ../application/insn.c:7:
../application/insn.h:23: warning: "_REG32" redefined
   23 | #define _REG32(p, i)  (*(volatile uint32_t *) ((p) + (i)))
      | 
In file included from E:\VMshare\e203\zhengdian_E203\sdk\hellow_test\hbird_sdk\SoC\hbirdv2\Common\Include/hbird_sdk_soc.h:9,
                 from ../application/insn.h:14,
                 from ../application/insn.c:7:
E:\VMshare\e203\zhengdian_E203\sdk\hellow_test\hbird_sdk\SoC\hbirdv2\Common\Include/hbirdv2.h:458: note: this is the location of the previous definition
  458 | #define _REG32(p, i)                        (*(_REG32P(p, i)))
      | 
Finished building: ../application/insn.c
 
Building target: hellow_test.elf
[...]
Finished building: decmec.siz
 
13:10:30 **** Incremental Build of configuration Debug for project decmec ****
make all 
Invoking: GNU RISC-V Cross Print Size
riscv-nuclei-elf-size --format=berkeley "decmec.elf"
   text	   data	    bss	    dec	    hex	filename
  14284	    116	   2356	  16756	   4174	decmec.elf
Finished building: decmec.siz
 
13:25:40 **** Incremental Build of configuration Debug for project decmec ****
make all 
Invoking: GNU RISC-V Cross Print Size
riscv-nuclei-elf-size --format=berkeley "decmec.elf"
   text	   data	    bss	    dec	    hex	filename
  14284	    116	   2356	  16756	   4174	decmec.elf
Finished building: decmec.siz
 
14:03:06 **** Build of configuration Debug for project mark ****
make all 
Invoking: GNU RISC-V Cross Print Size
riscv-nuclei-elf-size --format=berkeley "mark.elf"
   text	   data	    bss	    dec	    hex	filename
  59316	    572	   2388	  62276	   f344	mark.elf
Finished building: mark.siz
 
14:03:33 **** Incremental Build of configuration Debug for project mark ****
make all 
Invoking: GNU RISC-V Cross Print Size
riscv-nuclei-elf-size --format=berkeley "mark.elf"
   text	   data	    bss	    dec	    hex	filename
  59316	    572	   2388	  62276	   f344	mark.elf
Finished building: mark.siz
 
14:04:48 **** Incremental Build of configuration Debug for project mark ****
make all 
Invoking: GNU RISC-V Cross Print Size
riscv-nuclei-elf-size --format=berkeley "mark.elf"
   text	   data	    bss	    dec	    hex	filename
  59316	    572	   2388	  62276	   f344	mark.elf
Finished building: mark.siz
 
14:06:02 **** Incremental Build of configuration Debug for project mark ****
make all 
Invoking: GNU RISC-V Cross Print Size
riscv-nuclei-elf-size --format=berkeley "mark.elf"
   text	   data	    bss	    dec	    hex	filename
  59316	    572	   2388	  62276	   f344	mark.elf
Finished building: mark.siz
 
14:11:14 **** Build of configuration Debug for project dhrystone ****
make all 
Invoking: GNU RISC-V Cross Print Size
riscv-nuclei-elf-size --format=berkeley "dhrystone.elf"
   text	   data	    bss	    dec	    hex	filename
  40420	    576	  12608	  53604	   d164	dhrystone.elf
Finished building: dhrystone.siz
 
14:11:46 **** Incremental Build of configuration Debug for project dhrystone ****
make all 
Invoking: GNU RISC-V Cross Print Size
riscv-nuclei-elf-size --format=berkeley "dhrystone.elf"
   text	   data	    bss	    dec	    hex	filename
  40420	    576	  12608	  53604	   d164	dhrystone.elf
Finished building: dhrystone.siz
 
14:12:20 **** Incremental Build of configuration Debug for project dhrystone ****
make all 
Invoking: GNU RISC-V Cross Print Size
riscv-nuclei-elf-size --format=berkeley "dhrystone.elf"
   text	   data	    bss	    dec	    hex	filename
  40420	    576	  12608	  53604	   d164	dhrystone.elf
Finished building: dhrystone.siz
 
14:12:43 **** Incremental Build of configuration Debug for project dhrystone ****
make all 
Invoking: GNU RISC-V Cross Print Size
riscv-nuclei-elf-size --format=berkeley "dhrystone.elf"
   text	   data	    bss	    dec	    hex	filename
  40420	    576	  12608	  53604	   d164	dhrystone.elf
Finished building: dhrystone.siz
 
14:13:15 **** Incremental Build of configuration Debug for project dhrystone ****
make all 
Invoking: GNU RISC-V Cross Print Size
riscv-nuclei-elf-size --format=berkeley "dhrystone.elf"
   text	   data	    bss	    dec	    hex	filename
  40420	    576	  12608	  53604	   d164	dhrystone.elf
Finished building: dhrystone.siz
 
14:13:39 **** Incremental Build of configuration Debug for project dhrystone ****
make all 
Invoking: GNU RISC-V Cross Print Size
riscv-nuclei-elf-size --format=berkeley "dhrystone.elf"
   text	   data	    bss	    dec	    hex	filename
  40420	    576	  12608	  53604	   d164	dhrystone.elf
Finished building: dhrystone.siz
 
14:14:05 **** Incremental Build of configuration Debug for project dhrystone ****
make all 
Invoking: GNU RISC-V Cross Print Size
riscv-nuclei-elf-size --format=berkeley "dhrystone.elf"
   text	   data	    bss	    dec	    hex	filename
  40420	    576	  12608	  53604	   d164	dhrystone.elf
Finished building: dhrystone.siz
 
14:15:52 **** Incremental Build of configuration Debug for project dhrystone ****
make all 
Invoking: GNU RISC-V Cross Print Size
riscv-nuclei-elf-size --format=berkeley "dhrystone.elf"
   text	   data	    bss	    dec	    hex	filename
  40420	    576	  12608	  53604	   d164	dhrystone.elf
Finished building: dhrystone.siz
 
14:16:21 **** Incremental Build of configuration Debug for project dhrystone ****
make all 
Invoking: GNU RISC-V Cross Print Size
riscv-nuclei-elf-size --format=berkeley "dhrystone.elf"
   text	   data	    bss	    dec	    hex	filename
  40420	    576	  12608	  53604	   d164	dhrystone.elf
Finished building: dhrystone.siz
 
14:16:40 **** Build of configuration Debug for project whetstone ****
make all 
Invoking: GNU RISC-V Cross Print Size
riscv-nuclei-elf-size --format=berkeley "whetstone.elf"
   text	   data	    bss	    dec	    hex	filename
  57736	    940	   2616	  61292	   ef6c	whetstone.elf
Finished building: whetstone.siz
 
14:16:44 **** Incremental Build of configuration Debug for project whetstone ****
make all 
Invoking: GNU RISC-V Cross Print Size
riscv-nuclei-elf-size --format=berkeley "whetstone.elf"
   text	   data	    bss	    dec	    hex	filename
  57736	    940	   2616	  61292	   ef6c	whetstone.elf
Finished building: whetstone.siz
 
14:16:49 **** Incremental Build of configuration Debug for project whetstone ****
make all 
Invoking: GNU RISC-V Cross Print Size
riscv-nuclei-elf-size --format=berkeley "whetstone.elf"
   text	   data	    bss	    dec	    hex	filename
  57736	    940	   2616	  61292	   ef6c	whetstone.elf
Finished building: whetstone.siz
 
14:17:37 **** Incremental Build of configuration Debug for project whetstone ****
make all 
Invoking: GNU RISC-V Cross Print Size
riscv-nuclei-elf-size --format=berkeley "whetstone.elf"
   text	   data	    bss	    dec	    hex	filename
  57736	    940	   2616	  61292	   ef6c	whetstone.elf
Finished building: whetstone.siz
 
14:18:26 **** Incremental Build of configuration Debug for project whetstone ****
make all 
Invoking: GNU RISC-V Cross Print Size
riscv-nuclei-elf-size --format=berkeley "whetstone.elf"
   text	   data	    bss	    dec	    hex	filename
  57736	    940	   2616	  61292	   ef6c	whetstone.elf
Finished building: whetstone.siz
 
14:19:06 **** Incremental Build of configuration Debug for project whetstone ****
make all 
Invoking: GNU RISC-V Cross Print Size
riscv-nuclei-elf-size --format=berkeley "whetstone.elf"
   text	   data	    bss	    dec	    hex	filename
  57736	    940	   2616	  61292	   ef6c	whetstone.elf
Finished building: whetstone.siz
 
14:26:50 **** Incremental Build of configuration Debug for project dhrystone ****
make all 
Invoking: GNU RISC-V Cross Print Size
riscv-nuclei-elf-size --format=berkeley "dhrystone.elf"
   text	   data	    bss	    dec	    hex	filename
  40420	    576	  12608	  53604	   d164	dhrystone.elf
Finished building: dhrystone.siz
 
14:27:19 **** Incremental Build of configuration Debug for project dhrystone ****
make all 
Invoking: GNU RISC-V Cross Print Size
riscv-nuclei-elf-size --format=berkeley "dhrystone.elf"
   text	   data	    bss	    dec	    hex	filename
  40420	    576	  12608	  53604	   d164	dhrystone.elf
Finished building: dhrystone.siz
 
14:32:27 **** Incremental Build of configuration Debug for project dhrystone ****
make all 
Invoking: GNU RISC-V Cross Print Size
riscv-nuclei-elf-size --format=berkeley "dhrystone.elf"
   text	   data	    bss	    dec	    hex	filename
  40420	    576	  12608	  53604	   d164	dhrystone.elf
Finished building: dhrystone.siz
 
14:32:56 **** Incremental Build of configuration Debug for project dhrystone ****
make all 
Invoking: GNU RISC-V Cross Print Size
riscv-nuclei-elf-size --format=berkeley "dhrystone.elf"
   text	   data	    bss	    dec	    hex	filename
  40420	    576	  12608	  53604	   d164	dhrystone.elf
Finished building: dhrystone.siz
 
14:33:49 **** Incremental Build of configuration Debug for project whetstone ****
make all 
Invoking: GNU RISC-V Cross Print Size
riscv-nuclei-elf-size --format=berkeley "whetstone.elf"
   text	   data	    bss	    dec	    hex	filename
  57736	    940	   2616	  61292	   ef6c	whetstone.elf
Finished building: whetstone.siz
 
14:33:55 **** Incremental Build of configuration Debug for project whetstone ****
make all 
Invoking: GNU RISC-V Cross Print Size
riscv-nuclei-elf-size --format=berkeley "whetstone.elf"
   text	   data	    bss	    dec	    hex	filename
  57736	    940	   2616	  61292	   ef6c	whetstone.elf
Finished building: whetstone.siz
 
14:34:39 **** Incremental Build of configuration Debug for project whetstone ****
make all 
Invoking: GNU RISC-V Cross Print Size
riscv-nuclei-elf-size --format=berkeley "whetstone.elf"
   text	   data	    bss	    dec	    hex	filename
  57736	    940	   2616	  61292	   ef6c	whetstone.elf
Finished building: whetstone.siz
 
14:35:40 **** Incremental Build of configuration Debug for project whetstone ****
make all 
Invoking: GNU RISC-V Cross Print Size
riscv-nuclei-elf-size --format=berkeley "whetstone.elf"
   text	   data	    bss	    dec	    hex	filename
  57736	    940	   2616	  61292	   ef6c	whetstone.elf
Finished building: whetstone.siz
 
14:36:30 **** Incremental Build of configuration Debug for project dhrystone ****
make all 
Invoking: GNU RISC-V Cross Print Size
riscv-nuclei-elf-size --format=berkeley "dhrystone.elf"
   text	   data	    bss	    dec	    hex	filename
  40420	    576	  12608	  53604	   d164	dhrystone.elf
Finished building: dhrystone.siz
 
14:36:34 **** Incremental Build of configuration Debug for project dhrystone ****
make all 
Invoking: GNU RISC-V Cross Print Size
riscv-nuclei-elf-size --format=berkeley "dhrystone.elf"
   text	   data	    bss	    dec	    hex	filename
  40420	    576	  12608	  53604	   d164	dhrystone.elf
Finished building: dhrystone.siz
 
14:37:01 **** Incremental Build of configuration Debug for project dhrystone ****
make all 
Invoking: GNU RISC-V Cross Print Size
riscv-nuclei-elf-size --format=berkeley "dhrystone.elf"
   text	   data	    bss	    dec	    hex	filename
  40420	    576	  12608	  53604	   d164	dhrystone.elf
Finished building: dhrystone.siz
 
14:37:52 **** Incremental Build of configuration Debug for project dhrystone ****
make all 
Invoking: GNU RISC-V Cross Print Size
riscv-nuclei-elf-size --format=berkeley "dhrystone.elf"
   text	   data	    bss	    dec	    hex	filename
  40420	    576	  12608	  53604	   d164	dhrystone.elf
Finished building: dhrystone.siz
 
14:38:32 **** Incremental Build of configuration Debug for project dhrystone ****
make all 
Invoking: GNU RISC-V Cross Print Size
riscv-nuclei-elf-size --format=berkeley "dhrystone.elf"
   text	   data	    bss	    dec	    hex	filename
  40420	    576	  12608	  53604	   d164	dhrystone.elf
Finished building: dhrystone.siz
 
14:39:07 **** Build of configuration Debug for project hellow_test ****
make all 
Invoking: GNU RISC-V Cross Print Size
riscv-nuclei-elf-size --format=berkeley "hellow_test.elf"
   text	   data	    bss	    dec	    hex	filename
  17472	    116	   2356	  19944	   4de8	hellow_test.elf
Finished building: hellow_test.siz
 
14:39:44 **** Incremental Build of configuration Debug for project dhrystone ****
make all 
Invoking: GNU RISC-V Cross Print Size
riscv-nuclei-elf-size --format=berkeley "dhrystone.elf"
   text	   data	    bss	    dec	    hex	filename
  40420	    576	  12608	  53604	   d164	dhrystone.elf
Finished building: dhrystone.siz
 
14:44:14 **** Incremental Build of configuration Debug for project dhrystone ****
make all 
Invoking: GNU RISC-V Cross Print Size
riscv-nuclei-elf-size --format=berkeley "dhrystone.elf"
   text	   data	    bss	    dec	    hex	filename
  40420	    576	  12608	  53604	   d164	dhrystone.elf
Finished building: dhrystone.siz
 
14:44:21 **** Incremental Build of configuration Debug for project dhrystone ****
make all 
Invoking: GNU RISC-V Cross Print Size
riscv-nuclei-elf-size --format=berkeley "dhrystone.elf"
   text	   data	    bss	    dec	    hex	filename
  40420	    576	  12608	  53604	   d164	dhrystone.elf
Finished building: dhrystone.siz
 
14:44:55 **** Incremental Build of configuration Debug for project dhrystone ****
make all 
Invoking: GNU RISC-V Cross Print Size
riscv-nuclei-elf-size --format=berkeley "dhrystone.elf"
   text	   data	    bss	    dec	    hex	filename
  40420	    576	  12608	  53604	   d164	dhrystone.elf
Finished building: dhrystone.siz
 
14:45:27 **** Build of configuration Debug for project hellow_test ****
make all 
Invoking: GNU RISC-V Cross Print Size
riscv-nuclei-elf-size --format=berkeley "hellow_test.elf"
   text	   data	    bss	    dec	    hex	filename
  17472	    116	   2356	  19944	   4de8	hellow_test.elf
Finished building: hellow_test.siz
 
14:46:07 **** Incremental Build of configuration Debug for project hellow_test ****
make all 
Invoking: GNU RISC-V Cross Print Size
riscv-nuclei-elf-size --format=berkeley "hellow_test.elf"
   text	   data	    bss	    dec	    hex	filename
  17472	    116	   2356	  19944	   4de8	hellow_test.elf
Finished building: hellow_test.siz
 
14:46:54 **** Incremental Build of configuration Debug for project hellow_test ****
make all 
Invoking: GNU RISC-V Cross Print Size
riscv-nuclei-elf-size --format=berkeley "hellow_test.elf"
   text	   data	    bss	    dec	    hex	filename
  17472	    116	   2356	  19944	   4de8	hellow_test.elf
Finished building: hellow_test.siz
 
14:49:39 **** Build of configuration Debug for project decmec ****
make all 
Building file: ../application/main.c
Invoking: GNU RISC-V Cross C Compiler
riscv-nuclei-elf-gcc -march=rv32im -mabi=ilp32 -mcmodel=medany -mno-save-restore -funroll-all-loops -finline-limit=600 -ftree-dominator-opts -fno-if-conversion2 -fselective-scheduling -fno-code-hoisting -funroll-loops -finline-functions -falign-functions=4 -falign-jumps=4 -falign-loops=4 -O2 -ffunction-sections -fdata-sections -fno-common  -g -D__IDE_RV_CORE=null -DSOC_HBIRDV2 -DDOWNLOAD_MODE=DOWNLOAD_MODE_ILM -DDOWNLOAD_MODE_STRING=\"ILM\" -DBOARD_DDR200T -I"E:\VMshare\e203\zhengdian_E203\sdk\decmec\hbird_sdk\NMSIS\Core\Include" -I"E:\VMshare\e203\zhengdian_E203\sdk\decmec\hbird_sdk\SoC\hbirdv2\Common\Include" -I"E:\VMshare\e203\zhengdian_E203\sdk\decmec\hbird_sdk\SoC\hbirdv2\Board\ddr200t\Include" -I"E:\VMshare\e203\zhengdian_E203\sdk\decmec\application" -std=gnu11 -MMD -MP -MF"application/main.d" -MT"application/main.o" -c -o "application/main.o" "../application/main.c"
Finished building: ../application/main.c
 
Building target: decmec.elf
Invoking: GNU RISC-V Cross C++ Linker
riscv-nuclei-elf-g++ -march=rv32im -mabi=ilp32 -mcmodel=medany -mno-save-restore -funroll-all-loops -finline-limit=600 -ftree-dominator-opts -fno-if-conversion2 -fselective-scheduling -fno-code-hoisting -funroll-loops -finline-functions -falign-functions=4 -falign-jumps=4 -falign-loops=4 -O2 -ffunction-sections -fdata-sections -fno-common  -g -T "E:\VMshare\e203\zhengdian_E203\sdk\decmec\hbird_sdk\SoC\hbirdv2\Board\ddr200t\Source\GCC\gcc_hbirdv2_ilm.ld" -nostartfiles -Xlinker --gc-sections -Wl,-Map,"decmec.map" --specs=nano.specs --specs=nosys.specs -u _isatty -u _write -u _sbrk -u _read -u _close -u _fstat -u _lseek -o "decmec.elf"  ./hbird_sdk/SoC/hbirdv2/Common/Source/Stubs/clock_getres.o ./hbird_sdk/SoC/hbirdv2/Common/Source/Stubs/clock_gettime.o ./hbird_sdk/SoC/hbirdv2/Common/Source/Stubs/clock_settime.o ./hbird_sdk/SoC/hbirdv2/Common/Source/Stubs/close.o ./hbird_sdk/SoC/hbirdv2/Common/Source/Stubs/execve.o ./hbird_sdk/SoC/hbirdv2/Common/Source/Stubs/exit.o ./hbird_sdk/SoC/hbirdv2/Common/Source/Stubs/fork.o ./hbird_sdk/SoC/hbirdv2/Common/Source/Stubs/fstat.o ./hbird_sdk/SoC/hbirdv2/Common/Source/Stubs/getpid.o ./hbird_sdk/SoC/hbirdv2/Common/Source/Stubs/gettimeofday.o ./hbird_sdk/SoC/hbirdv2/Common/Source/Stubs/isatty.o ./hbird_sdk/SoC/hbirdv2/Common/Source/Stubs/kill.o ./hbird_sdk/SoC/hbirdv2/Common/Source/Stubs/link.o ./hbird_sdk/SoC/hbirdv2/Common/Source/Stubs/lseek.o ./hbird_sdk/SoC/hbirdv2/Common/Source/Stubs/open.o ./hbird_sdk/SoC/hbirdv2/Common/Source/Stubs/read.o ./hbird_sdk/SoC/hbirdv2/Common/Source/Stubs/sbrk.o ./hbird_sdk/SoC/hbirdv2/Common/Source/Stubs/stat.o ./hbird_sdk/SoC/hbirdv2/Common/Source/Stubs/times.o ./hbird_sdk/SoC/hbirdv2/Common/Source/Stubs/unlink.o ./hbird_sdk/SoC/hbirdv2/Common/Source/Stubs/wait.o ./hbird_sdk/SoC/hbirdv2/Common/Source/Stubs/write.o  ./hbird_sdk/SoC/hbirdv2/Common/Source/GCC/intexc_hbirdv2.o ./hbird_sdk/SoC/hbirdv2/Common/Source/GCC/startup_hbirdv2.o  ./hbird_sdk/SoC/hbirdv2/Common/Source/Drivers/hbirdv2_gpio.o ./hbird_sdk/SoC/hbirdv2/Common/Source/Drivers/hbirdv2_i2c.o ./hbird_sdk/SoC/hbirdv2/Common/Source/Drivers/hbirdv2_pwm.o ./hbird_sdk/SoC/hbirdv2/Common/Source/Drivers/hbirdv2_spi.o ./hbird_sdk/SoC/hbirdv2/Common/Source/Drivers/hbirdv2_uart.o ./hbird_sdk/SoC/hbirdv2/Common/Source/Drivers/htif.o  ./hbird_sdk/SoC/hbirdv2/Common/Source/hbirdv2_common.o ./hbird_sdk/SoC/hbirdv2/Common/Source/system_hbirdv2.o  ./application/insn.o ./application/main.o   -lstdc++
Finished building target: decmec.elf
 
make --no-print-directory post-build
riscv-nuclei-elf-objcopy -O verilog "decmec.elf" "decmec.verilog"
 
Invoking: GNU RISC-V Cross Create Flash Image
riscv-nuclei-elf-objcopy -O ihex "decmec.elf"  "decmec.hex"
Finished building: decmec.hex
 
Invoking: GNU RISC-V Cross Create Listing
riscv-nuclei-elf-objdump --source --all-headers --demangle --line-numbers --wide "decmec.elf" > "decmec.lst"
Finished building: decmec.lst
 
Invoking: GNU RISC-V Cross Print Size
riscv-nuclei-elf-size --format=berkeley "decmec.elf"
   text	   data	    bss	    dec	    hex	filename
  14332	    116	   2356	  16804	   41a4	decmec.elf
Finished building: decmec.siz
 
14:49:45 **** Incremental Build of configuration Debug for project decmec ****
make all 
Invoking: GNU RISC-V Cross Print Size
riscv-nuclei-elf-size --format=berkeley "decmec.elf"
   text	   data	    bss	    dec	    hex	filename
  14332	    116	   2356	  16804	   41a4	decmec.elf
Finished building: decmec.siz
 
14:49:54 **** Incremental Build of configuration Debug for project decmec ****
make all 
Invoking: GNU RISC-V Cross Print Size
riscv-nuclei-elf-size --format=berkeley "decmec.elf"
   text	   data	    bss	    dec	    hex	filename
  14332	    116	   2356	  16804	   41a4	decmec.elf
Finished building: decmec.siz
 
14:53:28 **** Incremental Build of configuration Debug for project decmec ****
make all 
Invoking: GNU RISC-V Cross Print Size
riscv-nuclei-elf-size --format=berkeley "decmec.elf"
   text	   data	    bss	    dec	    hex	filename
  14332	    116	   2356	  16804	   41a4	decmec.elf
Finished building: decmec.siz
 
14:56:39 **** Incremental Build of configuration Debug for project decmec ****
make all 
Invoking: GNU RISC-V Cross Print Size
riscv-nuclei-elf-size --format=berkeley "decmec.elf"
   text	   data	    bss	    dec	    hex	filename
  14332	    116	   2356	  16804	   41a4	decmec.elf
Finished building: decmec.siz
 
14:59:40 **** Incremental Build of configuration Debug for project decmec ****
make all 
Invoking: GNU RISC-V Cross Print Size
riscv-nuclei-elf-size --format=berkeley "decmec.elf"
   text	   data	    bss	    dec	    hex	filename
  14332	    116	   2356	  16804	   41a4	decmec.elf
Finished building: decmec.siz
 
15:00:55 **** Incremental Build of configuration Debug for project decmec ****
make all 
Invoking: GNU RISC-V Cross Print Size
riscv-nuclei-elf-size --format=berkeley "decmec.elf"
   text	   data	    bss	    dec	    hex	filename
  14332	    116	   2356	  16804	   41a4	decmec.elf
Finished building: decmec.siz
 
15:14:11 **** Incremental Build of configuration Debug for project decmec ****
make all 
Invoking: GNU RISC-V Cross Print Size
riscv-nuclei-elf-size --format=berkeley "decmec.elf"
   text	   data	    bss	    dec	    hex	filename
  14332	    116	   2356	  16804	   41a4	decmec.elf
Finished building: decmec.siz
 
